Component: ARM Compiler 5.06 update 7 (build 960) Tool: armlink [4d3601]

==============================================================================

Section Cross References

    startup_stm32f0xx.o(RESET) refers to startup_stm32f0xx.o(STACK) for __initial_sp
    startup_stm32f0xx.o(RESET) refers to startup_stm32f0xx.o(.text) for Reset_Handler
    startup_stm32f0xx.o(RESET) refers to stm32f0xx_it.o(i.NMI_Handler) for NMI_Handler
    startup_stm32f0xx.o(RESET) refers to stm32f0xx_it.o(i.HardFault_Handler) for HardFault_Handler
    startup_stm32f0xx.o(RESET) refers to stm32f0xx_it.o(i.SVC_Handler) for SVC_Handler
    startup_stm32f0xx.o(RESET) refers to stm32f0xx_it.o(i.PendSV_Handler) for PendSV_Handler
    startup_stm32f0xx.o(RESET) refers to stm32f0xx_it.o(i.SysTick_Handler) for SysTick_Handler
    startup_stm32f0xx.o(RESET) refers to rtc.o(i.RTC_IRQHandler) for RTC_IRQHandler
    startup_stm32f0xx.o(RESET) refers to stm32f0xx_it.o(i.EXTI0_1_IRQHandler) for EXTI0_1_IRQHandler
    startup_stm32f0xx.o(RESET) refers to stm32f0xx_it.o(i.EXTI2_3_IRQHandler) for EXTI2_3_IRQHandler
    startup_stm32f0xx.o(RESET) refers to stm32f0xx_it.o(i.EXTI4_15_IRQHandler) for EXTI4_15_IRQHandler
    startup_stm32f0xx.o(RESET) refers to system_init.o(i.TIM17_IRQHandler) for TIM17_IRQHandler
    startup_stm32f0xx.o(RESET) refers to stm32f0xx_it.o(i.USART1_IRQHandler) for USART1_IRQHandler
    startup_stm32f0xx.o(RESET) refers to stm32f0xx_it.o(i.USART2_IRQHandler) for USART2_IRQHandler
    startup_stm32f0xx.o(.text) refers to system_stm32f0xx.o(i.SystemInit) for SystemInit
    startup_stm32f0xx.o(.text) refers to entry.o(.ARM.Collect$$$$00000000) for __main
    stm32f0xx_it.o(i.EXTI0_1_IRQHandler) refers to stm32f0xx_exti.o(i.EXTI_GetITStatus) for EXTI_GetITStatus
    stm32f0xx_it.o(i.EXTI0_1_IRQHandler) refers to stm32f0xx_exti.o(i.EXTI_ClearITPendingBit) for EXTI_ClearITPendingBit
    stm32f0xx_it.o(i.EXTI0_1_IRQHandler) refers to chargerloadfunc.o(.data) for ChargerLoad_Func
    stm32f0xx_it.o(i.EXTI2_3_IRQHandler) refers to stm32f0xx_exti.o(i.EXTI_GetITStatus) for EXTI_GetITStatus
    stm32f0xx_it.o(i.EXTI2_3_IRQHandler) refers to stm32f0xx_exti.o(i.EXTI_ClearITPendingBit) for EXTI_ClearITPendingBit
    stm32f0xx_it.o(i.EXTI4_15_IRQHandler) refers to stm32f0xx_exti.o(i.EXTI_GetITStatus) for EXTI_GetITStatus
    stm32f0xx_it.o(i.EXTI4_15_IRQHandler) refers to uidiv.o(.text) for __aeabi_uidivmod
    stm32f0xx_it.o(i.EXTI4_15_IRQHandler) refers to pubfunc.o(i.Delay_Base10us) for Delay_Base10us
    stm32f0xx_it.o(i.EXTI4_15_IRQHandler) refers to system_monitor.o(i.System_ERROR_UserCallback) for System_ERROR_UserCallback
    stm32f0xx_it.o(i.EXTI4_15_IRQHandler) refers to stm32f0xx_exti.o(i.EXTI_ClearITPendingBit) for EXTI_ClearITPendingBit
    stm32f0xx_it.o(i.EXTI4_15_IRQHandler) refers to datadeal.o(.bss) for OtherElement
    stm32f0xx_it.o(i.EXTI4_15_IRQHandler) refers to system_init.o(.data) for CBC_Element
    stm32f0xx_it.o(i.USART1_IRQHandler) refers to stm32f0xx_usart.o(i.USART_GetITStatus) for USART_GetITStatus
    stm32f0xx_it.o(i.USART1_IRQHandler) refers to sci_upper.o(i.Sci1_CommonUpper_FaultChk) for Sci1_CommonUpper_FaultChk
    stm32f0xx_it.o(i.USART1_IRQHandler) refers to sci_upper.o(i.Sci1_CommonUpper_Rx_Deal) for Sci1_CommonUpper_Rx_Deal
    stm32f0xx_it.o(i.USART1_IRQHandler) refers to sleepdeal.o(.data) for RTC_ExtComCnt
    stm32f0xx_it.o(i.USART1_IRQHandler) refers to sci_upper.o(.bss) for g_stCurrentMsgPtr_SCI1
    stm32f0xx_it.o(i.USART2_IRQHandler) refers to stm32f0xx_usart.o(i.USART_GetITStatus) for USART_GetITStatus
    stm32f0xx_it.o(i.USART2_IRQHandler) refers to sci_upper.o(i.Sci2_CommonUpper_FaultChk) for Sci2_CommonUpper_FaultChk
    stm32f0xx_it.o(i.USART2_IRQHandler) refers to sci_upper.o(i.Sci2_CommonUpper_Rx_Deal) for Sci2_CommonUpper_Rx_Deal
    stm32f0xx_it.o(i.USART2_IRQHandler) refers to sleepdeal.o(.data) for RTC_ExtComCnt
    stm32f0xx_it.o(i.USART2_IRQHandler) refers to sci_upper.o(.bss) for g_stCurrentMsgPtr_SCI2
    system_stm32f0xx.o(i.SetSysClock) refers to system_stm32f0xx.o(.data) for .data
    system_stm32f0xx.o(i.SystemCoreClockUpdate) refers to uidiv.o(.text) for __aeabi_uidivmod
    system_stm32f0xx.o(i.SystemCoreClockUpdate) refers to system_stm32f0xx.o(.data) for .data
    system_stm32f0xx.o(i.SystemInit) refers to system_stm32f0xx.o(i.SetSysClock) for SetSysClock
    system_stm32f0xx.o(i.SystemInit) refers to system_stm32f0xx.o(i.SystemCoreClockUpdate) for SystemCoreClockUpdate
    adc.o(i.ADC_TTC) refers to pubfunc.o(i.GetEndValue) for GetEndValue
    adc.o(i.ADC_TTC) refers to adc.o(.data) for .data
    adc.o(i.ADC_TTC) refers to adc.o(.constdata) for .constdata
    adc.o(i.ADC_TTC) refers to adc.o(.bss) for .bss
    adc.o(i.App_AnlogCal) refers to system_monitor.o(i.System_FUNC_StartUp) for System_FUNC_StartUp
    adc.o(i.App_AnlogCal) refers to adc.o(i.ADC_TTC) for ADC_TTC
    adc.o(i.App_AnlogCal) refers to system_init.o(.data) for g_st_SysTimeFlag
[...]
    EEPROM_ResetData_AllToDefault            0x08004de5   Thumb Code   158  eeprom.o(i.EEPROM_ResetData_AllToDefault)
    EEPROM_ResetData_EventRecord_ToDefault   0x08004ea9   Thumb Code    64  logrecord.o(i.EEPROM_ResetData_EventRecord_ToDefault)
    EEPROM_ResetData_OtherToDefault          0x08004ef1   Thumb Code    12  eeprom.o(i.EEPROM_ResetData_OtherToDefault)
    EXTI0_1_IRQHandler                       0x08004efd   Thumb Code    46  stm32f0xx_it.o(i.EXTI0_1_IRQHandler)
    EXTI2_3_IRQHandler                       0x08004f31   Thumb Code    20  stm32f0xx_it.o(i.EXTI2_3_IRQHandler)
    EXTI4_15_IRQHandler                      0x08004f45   Thumb Code   110  stm32f0xx_it.o(i.EXTI4_15_IRQHandler)
    EXTI_ClearITPendingBit                   0x08004fc1   Thumb Code     6  stm32f0xx_exti.o(i.EXTI_ClearITPendingBit)
    EXTI_GetITStatus                         0x08004fcd   Thumb Code    16  stm32f0xx_exti.o(i.EXTI_GetITStatus)
    EXTI_Init                                0x08004fe1   Thumb Code   102  stm32f0xx_exti.o(i.EXTI_Init)
    FLASH_ClearFlag                          0x0800504d   Thumb Code     6  stm32f0xx_flash.o(i.FLASH_ClearFlag)
    FLASH_ErasePage                          0x08005059   Thumb Code    52  stm32f0xx_flash.o(i.FLASH_ErasePage)
    FLASH_GetStatus                          0x08005091   Thumb Code    34  stm32f0xx_flash.o(i.FLASH_GetStatus)
    FLASH_Lock                               0x080050b9   Thumb Code    12  stm32f0xx_flash.o(i.FLASH_Lock)
    FLASH_ProgramHalfWord                    0x080050c9   Thumb Code    48  stm32f0xx_flash.o(i.FLASH_ProgramHalfWord)
    FLASH_Unlock                             0x080050fd   Thumb Code    18  stm32f0xx_flash.o(i.FLASH_Unlock)
    FLASH_WaitForLastOperation               0x0800511d   Thumb Code    34  stm32f0xx_flash.o(i.FLASH_WaitForLastOperation)
    FaultWarnRecord2                         0x08005141   Thumb Code    90  fault.o(i.FaultWarnRecord2)
    FlashReadOneHalfWord                     0x080051a5   Thumb Code     4  flash.o(i.FlashReadOneHalfWord)
    FlashWriteOneHalfWord                    0x080051a9   Thumb Code    44  flash.o(i.FlashWriteOneHalfWord)
    GPIO_Init                                0x080051d5   Thumb Code   112  stm32f0xx_gpio.o(i.GPIO_Init)
    GPIO_PinAFConfig                         0x08005245   Thumb Code    32  stm32f0xx_gpio.o(i.GPIO_PinAFConfig)
    GPIO_ReadInputDataBit                    0x08005265   Thumb Code    14  stm32f0xx_gpio.o(i.GPIO_ReadInputDataBit)
    GPIO_ResetBits                           0x08005273   Thumb Code     4  stm32f0xx_gpio.o(i.GPIO_ResetBits)
    GPIO_SetBits                             0x08005277   Thumb Code     4  stm32f0xx_gpio.o(i.GPIO_SetBits)
    GPIO_WriteBit                            0x0800527b   Thumb Code    12  stm32f0xx_gpio.o(i.GPIO_WriteBit)
    GetADCGainOffset                         0x08005289   Thumb Code    44  i2c_afe1.o(i.GetADCGainOffset)
    GetData_SOC                              0x080052b9   Thumb Code    58  soc.o(i.GetData_SOC)
    GetEndValue                              0x08005305   Thumb Code   210  pubfunc.o(i.GetEndValue)
    GetEndValuee                             0x080053d7   Thumb Code   210  socenhance.o(i.GetEndValuee)
    Get_OpenCircuit_Value                    0x080054a9   Thumb Code    64  socenhance.o(i.Get_OpenCircuit_Value)
    HardFault_Handler                        0x080054f1   Thumb Code     2  stm32f0xx_it.o(i.HardFault_Handler)
    Heat_Control                             0x080054f5   Thumb Code   472  heat_cool.o(i.Heat_Control)
    I2CReadBlockWithCRC                      0x080056ed   Thumb Code   152  i2c_afe1.o(i.I2CReadBlockWithCRC)
    I2CReadBytes                             0x08005789   Thumb Code   166  i2c_afe1.o(i.I2CReadBytes)
    I2CReadRegisterByteWithCRC               0x0800583d   Thumb Code    94  i2c_afe1.o(i.I2CReadRegisterByteWithCRC)
    I2CSendBytes                             0x0800589d   Thumb Code   204  i2c_afe1.o(i.I2CSendBytes)
    I2CWriteBlockWithCRC                     0x08005971   Thumb Code    96  i2c_afe1.o(i.I2CWriteBlockWithCRC)
    I2CWriteRegisterByteWithCRC              0x080059d5   Thumb Code    46  i2c_afe1.o(i.I2CWriteRegisterByteWithCRC)
    I2C_ClearFlag                            0x08005a03   Thumb Code     4  stm32f0xx_i2c.o(i.I2C_ClearFlag)
    I2C_Cmd                                  0x08005a07   Thumb Code    20  stm32f0xx_i2c.o(i.I2C_Cmd)
    I2C_GenerateSTOP                         0x08005a1b   Thumb Code    20  stm32f0xx_i2c.o(i.I2C_GenerateSTOP)
    I2C_GetFlagStatus                        0x08005a2f   Thumb Code    14  stm32f0xx_i2c.o(i.I2C_GetFlagStatus)
    I2C_Init                                 0x08005a3d   Thumb Code    92  stm32f0xx_i2c.o(i.I2C_Init)
    I2C_ReceiveData                          0x08005aa1   Thumb Code     6  stm32f0xx_i2c.o(i.I2C_ReceiveData)
    I2C_SendData                             0x08005aa7   Thumb Code     4  stm32f0xx_i2c.o(i.I2C_SendData)
    I2C_TransferHandling                     0x08005aad   Thumb Code    28  stm32f0xx_i2c.o(i.I2C_TransferHandling)
    IIC_Ack_SEE                              0x08005acd   Thumb Code    60  eeprom.o(i.IIC_Ack_SEE)
    IIC_NAck_SEE                             0x08005b0d   Thumb Code    60  eeprom.o(i.IIC_NAck_SEE)
    IIC_Read_Byte_SEE                        0x08005b4d   Thumb Code    90  eeprom.o(i.IIC_Read_Byte_SEE)
    IIC_Send_Byte_SEE                        0x08005bad   Thumb Code    98  eeprom.o(i.IIC_Send_Byte_SEE)
    IIC_Start_SEE                            0x08005c15   Thumb Code    62  eeprom.o(i.IIC_Start_SEE)
    IIC_Stop_SEE                             0x08005c59   Thumb Code    68  eeprom.o(i.IIC_Stop_SEE)
    IIC_Wait_Ack_SEE                         0x08005ca1   Thumb Code    74  eeprom.o(i.IIC_Wait_Ack_SEE)
    IOstatus_Base                            0x08005cf1   Thumb Code    78  sleepdeal.o(i.IOstatus_Base)
    IWDG_Enable                              0x08005d51   Thumb Code     8  stm32f0xx_iwdg.o(i.IWDG_Enable)
    IWDG_ReloadCounter                       0x08005d61   Thumb Code     8  stm32f0xx_iwdg.o(i.IWDG_ReloadCounter)
    IWDG_SetPrescaler                        0x08005d71   Thumb Code     6  stm32f0xx_iwdg.o(i.IWDG_SetPrescaler)
    IWDG_SetReload                           0x08005d7d   Thumb Code     6  stm32f0xx_iwdg.o(i.IWDG_SetReload)
    IWDG_WriteAccessCmd                      0x08005d89   Thumb Code     6  stm32f0xx_iwdg.o(i.IWDG_WriteAccessCmd)
    InitADC                                  0x08005d95   Thumb Code    50  adc.o(i.InitADC)
    InitADC_ADC1                             0x08005dd1   Thumb Code   128  adc.o(i.InitADC_ADC1)
    InitADC_DMA                              0x08005e59   Thumb Code    86  adc.o(i.InitADC_DMA)
    InitADC_GPIO                             0x08005ebd   Thumb Code    54  adc.o(i.InitADC_GPIO)
    InitADC_TIMER                            0x08005ef9   Thumb Code    62  adc.o(i.InitADC_TIMER)
    InitAFE1                                 0x08005f45   Thumb Code   126  i2c_afe1.o(i.InitAFE1)
    InitData_Drivers                         0x08005fd1   Thumb Code    32  io_control.o(i.InitData_Drivers)
    InitData_E2prom                          0x08005ffd   Thumb Code   106  eeprom.o(i.InitData_E2prom)
    InitData_SOC                             0x08006079   Thumb Code    82  soc.o(i.InitData_SOC)
    InitDelay                                0x080060e1   Thumb Code    62  system_init.o(i.InitDelay)
    InitDevice                               0x08006141   Thumb Code    80  main.o(i.InitDevice)
    InitE2PROM                               0x08006191   Thumb Code    64  eeprom.o(i.InitE2PROM)
    InitHeat_Cool                            0x080061d5   Thumb Code    30  heat_cool.o(i.InitHeat_Cool)
    InitIO                                   0x080061f5   Thumb Code   192  system_init.o(i.InitIO)
    InitMosRelay_DOx                         0x080062c1   Thumb Code     8  io_control.o(i.InitMosRelay_DOx)
    InitProID                                0x080062c9   Thumb Code   106  productionid.o(i.InitProID)
    InitSCI1_CommonUpper                     0x0800633d   Thumb Code   150  sci_upper.o(i.InitSCI1_CommonUpper)
    InitSCI2_CommonUpper                     0x080063e1   Thumb Code   148  sci_upper.o(i.InitSCI2_CommonUpper)
    InitSOC_IntEnhance                       0x08006481   Thumb Code    98  socenhance.o(i.InitSOC_IntEnhance)
    InitShortCur                             0x080064ed   Thumb Code   190  shortfunc.o(i.InitShortCur)
    InitSystemMonitorData_EEPROM             0x080065b9   Thumb Code   302  system_monitor.o(i.InitSystemMonitorData_EEPROM)
    InitSystemWakeUp                         0x080066ed   Thumb Code    14  main.o(i.InitSystemWakeUp)
    InitTimer                                0x080066fd   Thumb Code    86  system_init.o(i.InitTimer)
    InitUSART_CommonUpper                    0x08006761   Thumb Code    12  sci_upper.o(i.InitUSART_CommonUpper)
    InitVar                                  0x0800676d   Thumb Code    56  main.o(i.InitVar)
    InitWakeUp_Base                          0x080067b9   Thumb Code   136  sleepdeal.o(i.InitWakeUp_Base)
    InitWakeUp_NormalMode                    0x08006845   Thumb Code    78  sleepdeal.o(i.InitWakeUp_NormalMode)
    InitWakeUp_RTCMode                       0x08006893   Thumb Code    16  sleepdeal.o(i.InitWakeUp_RTCMode)
    Init_ChargerLoad_Det                     0x080068a5   Thumb Code    14  chargerloadfunc.o(i.Init_ChargerLoad_Det)
    Init_Charger_AllSeries                   0x080068b9   Thumb Code    98  chargerloadfunc.o(i.Init_Charger_AllSeries)
    Init_IAPAPP                              0x08006921   Thumb Code    40  flash.o(i.Init_IAPAPP)
    Init_IWDG                                0x08006951   Thumb Code    38  system_init.o(i.Init_IWDG)
    Init_RTC                                 0x0800697d   Thumb Code    26  rtc.o(i.Init_RTC)
    Init_RTC_HaltWakeUp                      0x0800699d   Thumb Code    16  rtc.o(i.Init_RTC_HaltWakeUp)
    Init_Registers                           0x080069ad   Thumb Code    22  datadeal.o(i.Init_Registers)
    InitialisebqMaximo                       0x080069c9   Thumb Code   196  i2c_afe1.o(i.InitialisebqMaximo)
    IsSleepStartUp                           0x08006a9d   Thumb Code    98  sleepdeal.o(i.IsSleepStartUp)
    LoadParam                                0x08006b0d   Thumb Code    94  param.o(i.LoadParam)
    LogEvent_EEPROM                          0x08006b8d   Thumb Code    88  logrecord.o(i.LogEvent_EEPROM)
    LogEvent_Record                          0x08006bf1   Thumb Code   132  logrecord.o(i.LogEvent_Record)
    LogTime_Map                              0x08006c81   Thumb Code    44  logrecord.o(i.LogTime_Map)
    MCU_GetResetType                         0x08006cb1   Thumb Code    66  pubfunc.o(i.MCU_GetResetType)
    MonitorAFE                               0x08006cf9   Thumb Code   286  datadeal.o(i.MonitorAFE)
    Monitor_TempBreak                        0x08006e25   Thumb Code    98  pubfunc.o(i.Monitor_TempBreak)
    MosCtrl_SameDoor_NoPreChg                0x08006e8d   Thumb Code   606  iodrivers_030.o(i.MosCtrl_SameDoor_NoPreChg)
    NMI_Handler                              0x080070f9   Thumb Code     2  stm32f0xx_it.o(i.NMI_Handler)
    NVIC_Init                                0x080070fd   Thumb Code    70  stm32f0xx_misc.o(i.NVIC_Init)
    PWR_BackupAccessCmd                      0x08007165   Thumb Code    20  stm32f0xx_pwr.o(i.PWR_BackupAccessCmd)
    PWR_EnterSTOPMode                        0x0800717d   Thumb Code    52  stm32f0xx_pwr.o(i.PWR_EnterSTOPMode)
    PendSV_Handler                           0x080071b9   Thumb Code     2  stm32f0xx_it.o(i.PendSV_Handler)
    RCC_AHBPeriphClockCmd                    0x080071bd   Thumb Code    18  stm32f0xx_rcc.o(i.RCC_AHBPeriphClockCmd)
    RCC_APB1PeriphClockCmd                   0x080071d5   Thumb Code    18  stm32f0xx_rcc.o(i.RCC_APB1PeriphClockCmd)
    RCC_APB2PeriphClockCmd                   0x080071ed   Thumb Code    18  stm32f0xx_rcc.o(i.RCC_APB2PeriphClockCmd)
    RCC_APB2PeriphResetCmd                   0x08007205   Thumb Code    18  stm32f0xx_rcc.o(i.RCC_APB2PeriphResetCmd)
    RCC_GetClocksFreq                        0x0800721d   Thumb Code   346  stm32f0xx_rcc.o(i.RCC_GetClocksFreq)
    RCC_GetFlagStatus                        0x08007395   Thumb Code    48  stm32f0xx_rcc.o(i.RCC_GetFlagStatus)
    RCC_LSEConfig                            0x080073c9   Thumb Code    26  stm32f0xx_rcc.o(i.RCC_LSEConfig)
    RCC_LSICmd                               0x080073e9   Thumb Code    22  stm32f0xx_rcc.o(i.RCC_LSICmd)
    RCC_RTCCLKCmd                            0x08007405   Thumb Code    22  stm32f0xx_rcc.o(i.RCC_RTCCLKCmd)
    RCC_RTCCLKConfig                         0x08007421   Thumb Code    10  stm32f0xx_rcc.o(i.RCC_RTCCLKConfig)
    RTC_AlarmCmd                             0x08007431   Thumb Code    74  stm32f0xx_rtc.o(i.RTC_AlarmCmd)
    RTC_AlarmConfig                          0x08007481   Thumb Code   118  rtc.o(i.RTC_AlarmConfig)
    RTC_ClearITPendingBit                    0x08007525   Thumb Code    22  stm32f0xx_rtc.o(i.RTC_ClearITPendingBit)
    RTC_ClockConfig                          0x08007541   Thumb Code   172  rtc.o(i.RTC_ClockConfig)
    RTC_EnterInitMode                        0x080075f5   Thumb Code    56  stm32f0xx_rtc.o(i.RTC_EnterInitMode)
    RTC_ExitInitMode                         0x08007631   Thumb Code    12  stm32f0xx_rtc.o(i.RTC_ExitInitMode)
    RTC_GetITStatus                          0x08007641   Thumb Code    54  stm32f0xx_rtc.o(i.RTC_GetITStatus)
    RTC_IRQHandler                           0x0800767d   Thumb Code    52  rtc.o(i.RTC_IRQHandler)
    RTC_ITConfig                             0x080076b9   Thumb Code    56  stm32f0xx_rtc.o(i.RTC_ITConfig)
    RTC_Init                                 0x080076f5   Thumb Code    68  stm32f0xx_rtc.o(i.RTC_Init)
    RTC_SetAlarm                             0x0800773d   Thumb Code   130  stm32f0xx_rtc.o(i.RTC_SetAlarm)
    RTC_SetDate                              0x080077c5   Thumb Code   138  stm32f0xx_rtc.o(i.RTC_SetDate)
    RTC_SetTime                              0x08007859   Thumb Code   136  stm32f0xx_rtc.o(i.RTC_SetTime)
    RTC_TimeConfig                           0x080078e9   Thumb Code    66  rtc.o(i.RTC_TimeConfig)
    RTC_WaitForSynchro                       0x08007935   Thumb Code    74  stm32f0xx_rtc.o(i.RTC_WaitForSynchro)
    ReadEEPROM_Byte                          0x08007985   Thumb Code   102  eeprom.o(i.ReadEEPROM_Byte)
    ReadEEPROM_ByteData_StartUp              0x080079ed   Thumb Code   362  eeprom.o(i.ReadEEPROM_ByteData_StartUp)
    ReadEEPROM_EventRecord_Parameters        0x08007b85   Thumb Code   108  logrecord.o(i.ReadEEPROM_EventRecord_Parameters)
    ReadEEPROM_Word_NoZone                   0x08007bfd   Thumb Code    24  eeprom.o(i.ReadEEPROM_Word_NoZone)
    RefreshData_Drivers                      0x08007c15   Thumb Code   264  io_control.o(i.RefreshData_Drivers)
    RefreshData_SOC                          0x08007d3d   Thumb Code    22  soc.o(i.RefreshData_SOC)
    SOC_Cont_AH_Int_CHG                      0x08007d5d   Thumb Code   156  socenhance.o(i.SOC_Cont_AH_Int_CHG)
    SOC_Cont_AH_Int_DSG                      0x08007e01   Thumb Code   176  socenhance.o(i.SOC_Cont_AH_Int_DSG)
    SOC_DealEEPROM_Data                      0x08007eb9   Thumb Code   290  socenhance.o(i.SOC_DealEEPROM_Data)
    SOC_EEPROM_Deal_Monitor                  0x08007fe9   Thumb Code   194  socenhance.o(i.SOC_EEPROM_Deal_Monitor)
    SOC_IntEnhance_Ctrl                      0x080080b5   Thumb Code    72  socenhance.o(i.SOC_IntEnhance_Ctrl)
    SOC_RefreshData_Monitor                  0x08008101   Thumb Code    62  socenhance.o(i.SOC_RefreshData_Monitor)
    SOC_Result_Pass                          0x0800814d   Thumb Code   108  socenhance.o(i.SOC_Result_Pass)
    SOC_State_Transfer                       0x080081c1   Thumb Code   106  socenhance.o(i.SOC_State_Transfer)
    SOC_Update_StartUp                       0x08008235   Thumb Code   250  socenhance.o(i.SOC_Update_StartUp)
    SVC_Handler                              0x08008345   Thumb Code     2  stm32f0xx_it.o(i.SVC_Handler)
    SYSCFG_EXTILineConfig                    0x08008349   Thumb Code    34  stm32f0xx_syscfg.o(i.SYSCFG_EXTILineConfig)
    SYSCFG_MemoryRemapConfig                 0x08008371   Thumb Code    14  stm32f0xx_syscfg.o(i.SYSCFG_MemoryRemapConfig)
    SaveParam                                0x08008385   Thumb Code    18  param.o(i.SaveParam)
    Sci1_CommonUpper_FaultChk                0x080083a1   Thumb Code    86  sci_upper.o(i.Sci1_CommonUpper_FaultChk)
    Sci1_CommonUpper_Rx_Deal                 0x08008401   Thumb Code   186  sci_upper.o(i.Sci1_CommonUpper_Rx_Deal)
    Sci1_CommonUpper_Tx_Deal                 0x080084c1   Thumb Code   132  sci_upper.o(i.Sci1_CommonUpper_Tx_Deal)
    Sci2_CommonUpper_FaultChk                0x08008551   Thumb Code    86  sci_upper.o(i.Sci2_CommonUpper_FaultChk)
    Sci2_CommonUpper_Rx_Deal                 0x080085b1   Thumb Code   186  sci_upper.o(i.Sci2_CommonUpper_Rx_Deal)
    Sci2_CommonUpper_Tx_Deal                 0x08008671   Thumb Code   132  sci_upper.o(i.Sci2_CommonUpper_Tx_Deal)
    Sci_ACK_0x03                             0x08008701   Thumb Code   226  sci_upper.o(i.Sci_ACK_0x03)
    Sci_ACK_0x03_RW_Data_Cali                0x080087e9   Thumb Code    54  sci_upper.o(i.Sci_ACK_0x03_RW_Data_Cali)
    Sci_ACK_0x03_RW_Data_Other               0x08008829   Thumb Code   154  sci_upper.o(i.Sci_ACK_0x03_RW_Data_Other)
    Sci_ACK_0x03_RW_Data_OtherCanAdd         0x080088dd   Thumb Code    66  sci_upper.o(i.Sci_ACK_0x03_RW_Data_OtherCanAdd)
    Sci_ACK_0x03_RW_Data_Pro                 0x08008929   Thumb Code    36  sci_upper.o(i.Sci_ACK_0x03_RW_Data_Pro)
    Sci_ACK_0x03_ReadRegs_Data               0x08008951   Thumb Code   568  sci_upper.o(i.Sci_ACK_0x03_ReadRegs_Data)
    Sci_ACK_0x03_ReadRegs_EventRecord        0x08008bb1   Thumb Code    56  logrecord.o(i.Sci_ACK_0x03_ReadRegs_EventRecord)
    Sci_ACK_0x03_ReadRegs_LCD                0x08008bf1   Thumb Code   290  sci_upper.o(i.Sci_ACK_0x03_ReadRegs_LCD)
    Sci_ACK_0x06_0x10                        0x08008d2d   Thumb Code    68  sci_upper.o(i.Sci_ACK_0x06_0x10)
    Sci_CRC16RTU                             0x08008d71   Thumb Code    44  pubfunc.o(i.Sci_CRC16RTU)
    Sci_DataInit                             0x08008da5   Thumb Code    44  sci_upper.o(i.Sci_DataInit)
    Sci_Deal_ReadRegs_0x03                   0x08008dd5   Thumb Code   108  sci_upper.o(i.Sci_Deal_ReadRegs_0x03)
    Sci_Deal_WrReg_0x06                      0x08008e45   Thumb Code   128  sci_upper.o(i.Sci_Deal_WrReg_0x06)
    Sci_Deal_WrRegs_0x10                     0x08008ecd   Thumb Code   364  sci_upper.o(i.Sci_Deal_WrRegs_0x10)
    Sci_WrReg_0x06_BMS_FunctionOFF           0x08009049   Thumb Code    66  sci_upper.o(i.Sci_WrReg_0x06_BMS_FunctionOFF)
    Sci_WrReg_0x06_BMS_FunctionON            0x08009095   Thumb Code   226  sci_upper.o(i.Sci_WrReg_0x06_BMS_FunctionON)
    Sci_WrReg_0x06_Reset_CalibCoef           0x08009191   Thumb Code   252  sci_upper.o(i.Sci_WrReg_0x06_Reset_CalibCoef)
    Sci_WrReg_0x06_Reset_EventRecord         0x08009299   Thumb Code    56  logrecord.o(i.Sci_WrReg_0x06_Reset_EventRecord)
    Sci_WrReg_0x06_Reset_HeatCool            0x080092d9   Thumb Code    70  sci_upper.o(i.Sci_WrReg_0x06_Reset_HeatCool)
    Sci_WrReg_0x06_Reset_OtherCanAdd         0x08009331   Thumb Code   122  sci_upper.o(i.Sci_WrReg_0x06_Reset_OtherCanAdd)
    Sci_WrReg_0x06_Reset_ProtectElement      0x080093c9   Thumb Code    82  sci_upper.o(i.Sci_WrReg_0x06_Reset_ProtectElement)
    Sci_WrReg_0x06_Reset_ProtectRecord       0x08009435   Thumb Code    78  sci_upper.o(i.Sci_WrReg_0x06_Reset_ProtectRecord)
    Sci_WrReg_0x06_SetSocOnce                0x080094a9   Thumb Code    32  sci_upper.o(i.Sci_WrReg_0x06_SetSocOnce)
    Sci_WrRegs_0x10_Balance                  0x080094cd   Thumb Code    72  sci_upper.o(i.Sci_WrRegs_0x10_Balance)
    Sci_WrRegs_0x10_CalibCoef                0x0800951d   Thumb Code   126  sci_upper.o(i.Sci_WrRegs_0x10_CalibCoef)
    Sci_WrRegs_0x10_FlashConnect             0x080095b9   Thumb Code    46  sci_upper.o(i.Sci_WrRegs_0x10_FlashConnect)
    Sci_WrRegs_0x10_HeatCoolElement          0x080095f1   Thumb Code    64  sci_upper.o(i.Sci_WrRegs_0x10_HeatCoolElement)
    Sci_WrRegs_0x10_Protect                  0x0800963d   Thumb Code   104  sci_upper.o(i.Sci_WrRegs_0x10_Protect)
    Sci_WrRegs_0x10_SN_Version               0x080096b9   Thumb Code   166  sci_upper.o(i.Sci_WrRegs_0x10_SN_Version)
    Sci_WrRegs_0x10_SleepElement             0x08009769   Thumb Code    72  sci_upper.o(i.Sci_WrRegs_0x10_SleepElement)
    Sci_WrRegs_0x10_SocElement               0x080097bd   Thumb Code    78  sci_upper.o(i.Sci_WrRegs_0x10_SocElement)
    Sci_WrRegs_0x10_SysOther                 0x08009819   Thumb Code    72  sci_upper.o(i.Sci_WrRegs_0x10_SysOther)
    Sci_WrRegs_0x10_SystemElement            0x08009869   Thumb Code   100  sci_upper.o(i.Sci_WrRegs_0x10_SystemElement)
    SleepDeal_CBC                            0x08009945   Thumb Code    66  sleepdeal.o(i.SleepDeal_CBC)
    SleepDeal_Continue                       0x0800998d   Thumb Code   162  sleepdeal.o(i.SleepDeal_Continue)
    SleepDeal_Forced                         0x08009a55   Thumb Code    76  sleepdeal.o(i.SleepDeal_Forced)
    SleepDeal_Normal_L2                      0x08009aa5   Thumb Code   210  sleepdeal.o(i.SleepDeal_Normal_L2)
    SleepDeal_Normal_L3                      0x08009b85   Thumb Code   188  sleepdeal.o(i.SleepDeal_Normal_L3)
    SleepDeal_Normal_Select                  0x08009c4d   Thumb Code    92  sleepdeal.o(i.SleepDeal_Normal_Select)
    SleepDeal_OverCurrent                    0x08009cb9   Thumb Code    66  sleepdeal.o(i.SleepDeal_OverCurrent)
    SleepDeal_Shift                          0x08009d01   Thumb Code    92  sleepdeal.o(i.SleepDeal_Shift)
    SleepDeal_Test                           0x08009d65   Thumb Code    40  sleepdeal.o(i.SleepDeal_Test)
    SleepDeal_VcellUVP                       0x08009d91   Thumb Code    64  sleepdeal.o(i.SleepDeal_VcellUVP)
    SysTick_Handler                          0x08009dd5   Thumb Code     2  stm32f0xx_it.o(i.SysTick_Handler)
    Sys_StopMode                             0x08009dd7   Thumb Code    12  sleepdeal.o(i.Sys_StopMode)
    SystemCoreClockUpdate                    0x08009de5   Thumb Code    90  system_stm32f0xx.o(i.SystemCoreClockUpdate)
    SystemInit                               0x08009e51   Thumb Code    88  system_stm32f0xx.o(i.SystemInit)
    SystemMonitorResetData_EEPROM            0x08009eb5   Thumb Code    94  system_monitor.o(i.SystemMonitorResetData_EEPROM)
    System_ERROR_UserCallback                0x08009f1d   Thumb Code   378  system_monitor.o(i.System_ERROR_UserCallback)
    System_FUNC_StartUp                      0x0800a09d   Thumb Code     4  system_monitor.o(i.System_FUNC_StartUp)
    TIM17_IRQHandler                         0x0800a0a1   Thumb Code    98  system_init.o(i.TIM17_IRQHandler)
    TIMEOUT_UserCallback                     0x0800a111   Thumb Code    12  i2c_afe1.o(i.TIMEOUT_UserCallback)
    TIM_ClearITPendingBit                    0x0800a11d   Thumb Code     6  stm32f0xx_tim.o(i.TIM_ClearITPendingBit)
    TIM_Cmd                                  0x0800a123   Thumb Code    20  stm32f0xx_tim.o(i.TIM_Cmd)
    TIM_GetITStatus                          0x0800a137   Thumb Code    24  stm32f0xx_tim.o(i.TIM_GetITStatus)
    TIM_ITConfig                             0x0800a14f   Thumb Code    16  stm32f0xx_tim.o(i.TIM_ITConfig)
    TIM_SelectOutputTrigger                  0x0800a15f   Thumb Code    16  stm32f0xx_tim.o(i.TIM_SelectOutputTrigger)
    TIM_TimeBaseInit                         0x0800a171   Thumb Code    88  stm32f0xx_tim.o(i.TIM_TimeBaseInit)
    USART1_IRQHandler                        0x0800a1e5   Thumb Code    34  stm32f0xx_it.o(i.USART1_IRQHandler)
    USART2_IRQHandler                        0x0800a219   Thumb Code    34  stm32f0xx_it.o(i.USART2_IRQHandler)
    USART_Cmd                                0x0800a24d   Thumb Code    20  stm32f0xx_usart.o(i.USART_Cmd)
    USART_GetITStatus                        0x0800a261   Thumb Code    56  stm32f0xx_usart.o(i.USART_GetITStatus)
    USART_ITConfig                           0x0800a299   Thumb Code    42  stm32f0xx_usart.o(i.USART_ITConfig)
    USART_Init                               0x0800a2c5   Thumb Code   148  stm32f0xx_usart.o(i.USART_Init)
    UpdateVoltageFromBqMaximo_Partition      0x0800a36d   Thumb Code   222  i2c_afe1.o(i.UpdateVoltageFromBqMaximo_Partition)
    WriteEEPROM_Byte                         0x0800a461   Thumb Code   110  eeprom.o(i.WriteEEPROM_Byte)
    WriteEEPROM_ByteData_Circle              0x0800a4d1   Thumb Code   376  eeprom.o(i.WriteEEPROM_ByteData_Circle)
    WriteEEPROM_Word_NoZone                  0x0800a669   Thumb Code    84  eeprom.o(i.WriteEEPROM_Word_NoZone)
    WriteProID                               0x0800a6bd   Thumb Code   152  productionid.o(i.WriteProID)
    WriteProID_Default                       0x0800a759   Thumb Code    86  productionid.o(i.WriteProID_Default)
    __ARM_clz                                0x0800a7d5   Thumb Code    46  depilogue.o(i.__ARM_clz)
    __ARM_common_switch8                     0x0800a803   Thumb Code    26  cell_balance.o(i.__ARM_common_switch8)
    __delay_ms                               0x0800a81d   Thumb Code    52  system_init.o(i.__delay_ms)
    __delay_us                               0x0800a859   Thumb Code    46  system_init.o(i.__delay_us)
    __scatterload_copy                       0x0800a891   Thumb Code    14  handlers.o(i.__scatterload_copy)
    __scatterload_null                       0x0800a89f   Thumb Code     2  handlers.o(i.__scatterload_null)
    __scatterload_zeroinit                   0x0800a8a1   Thumb Code    14  handlers.o(i.__scatterload_zeroinit)
    bsp_ReadCpuFlash                         0x0800a8af   Thumb Code    40  bsp_cpu_flash.o(i.bsp_ReadCpuFlash)
    bsp_WriteCpuFlash                        0x0800a8d7   Thumb Code    58  bsp_cpu_flash.o(i.bsp_WriteCpuFlash)
    lk8625_SendAT                            0x0800a911   Thumb Code    94  lk8625.o(i.lk8625_SendAT)
    lk8625_init                              0x0800a97d   Thumb Code    82  lk8625.o(i.lk8625_init)
    main                                     0x0800a9d5   Thumb Code    78  main.o(i.main)
    toggleLed                                0x0800aa25   Thumb Code    26  pubfunc.o(i.toggleLed)
    iSheldTemp_10K                           0x0800aa44   Data         112  adc.o(.constdata)
    OVPThreshold                             0x0800af48   Data           4  i2c_afe1.o(.constdata)
    UVPThreshold                             0x0800af4c   Data           4  i2c_afe1.o(.constdata)
    iSheldTemp_10K_AFE                       0x0800af50   Data         112  i2c_afe1.o(.constdata)
    SeriesSelect_AFE1                        0x0800afc0   Data         256  main.o(.constdata)
    SOC_Table_LiFePO                         0x0800b1b4   Data          84  socenhance.o(.constdata)
    SocTable_TernaryLi                       0x0800b208   Data          84  socenhance.o(.constdata)
    SocTable_LiFePO2                         0x0800b25c   Data          84  socenhance.o(.constdata)
    AFE_SCV                                  0x0800b2b0   Data          20  shortfunc.o(.constdata)
    AFE_SCT                                  0x0800b2c4   Data          20  shortfunc.o(.constdata)
    Region$$Table$$Base                      0x0800b3d0   Number         0  anon$$obj.o(Region$$Table)
    Region$$Table$$Limit                     0x0800b3f0   Number         0  anon$$obj.o(Region$$Table)
    VectorTable                              0x20000000   Data         192  flash.o(.ARM.__AT_0x20000000)
    SystemCoreClock                          0x200000c0   Data           4  system_stm32f0xx.o(.data)
    AHBPrescTable                            0x200000c4   Data          16  system_stm32f0xx.o(.data)
    g_u16ADCValFilter                        0x200000d4   Data           6  adc.o(.data)
    g_enBalanceState                         0x200000da   Data           1  cell_balance.o(.data)
    g_u8CBnMonitor                           0x200000e0   Data           1  cell_balance.o(.data)
    g_u8CBn_StatusFlag                       0x200000e1   Data           1  cell_balance.o(.data)
    CellBalFlag_AFE1                         0x200000ea   Data           2  cell_balance.o(.data)
    ChargerLoad_Func                         0x200000f0   Data           2  chargerloadfunc.o(.data)
    u8IICFaultcnt1                           0x200000f4   Data           1  datadeal.o(.data)
    u8WakeCnt1                               0x200000f5   Data           1  datadeal.o(.data)
    u8IICFaultcnt2                           0x200000f6   Data           1  datadeal.o(.data)
    u8WakeCnt2                               0x200000f7   Data           1  datadeal.o(.data)
    g_u32CS_Res_AFE                          0x20000104   Data           4  datadeal.o(.data)
    u8E2P_SocTable_WriteFlag                 0x20000108   Data           1  eeprom.o(.data)
    u8E2P_CopperLoss_WriteFlag               0x20000109   Data           1  eeprom.o(.data)
    u8E2P_KB_WriteFlag                       0x2000010a   Data           1  eeprom.o(.data)
    u8E2P_KB_WritePos                        0x2000010b   Data           1  eeprom.o(.data)
    u32E2P_Pro_VolCur_WriteFlag              0x2000010c   Data           4  eeprom.o(.data)
    u32E2P_Pro_Temp_WriteFlag                0x20000110   Data           4  eeprom.o(.data)
    u32E2P_Pro_Other_WriteFlag               0x20000114   Data           4  eeprom.o(.data)
    u32E2P_RTC_Element_WriteFlag             0x20000118   Data           4  eeprom.o(.data)
    u32E2P_OtherElement1_WriteFlag           0x2000011c   Data           4  eeprom.o(.data)
    u32E2P_HeatCool_WriteFlag                0x20000120   Data           4  eeprom.o(.data)
    FaultCnt_StartUp_First                   0x20000124   Data           2  fault.o(.data)
    FaultCnt_StartUp_Second                  0x20000126   Data           2  fault.o(.data)
    FaultCnt_StartUp_Third                   0x20000128   Data           2  fault.o(.data)
    FaultPoint_First2                        0x2000012a   Data           1  fault.o(.data)
    FaultPoint_Second2                       0x2000012b   Data           1  fault.o(.data)
    FaultPoint_Third2                        0x2000012c   Data           1  fault.o(.data)
    Fault_Flag_Second                        0x20000162   Data           2  fault.o(.data)
    Fault_Flag_Third                         0x20000164   Data           2  fault.o(.data)
    Fault_Flag_Fisrt                         0x20000166   Data           2  fault.o(.data)
    FaultPoint_Third                         0x20000168   Data           1  fault.o(.data)
    Timeout                                  0x20000174   Data           4  i2c_afe1.o(.data)
    BMS_LOG_POINT                            0x2000017c   Data           1  logrecord.o(.data)
    gu8_Reset_EventRecord                    0x2000017d   Data           1  logrecord.o(.data)
    LogRecord_Flag                           0x2000017f   Data           1  logrecord.o(.data)
    SeriesNum                                0x20000184   Data           1  main.o(.data)
    RTC_TimeStructure                        0x2000018a   Data           4  rtc.o(.data)
    RTC_DateStructure                        0x2000018e   Data           4  rtc.o(.data)
    gu8_TxEnable_SCI1                        0x20000194   Data           1  sci_upper.o(.data)
    gu8_TxFinishFlag_SCI1                    0x20000195   Data           1  sci_upper.o(.data)
    gu8_TxEnable_SCI2                        0x20000196   Data           1  sci_upper.o(.data)
    gu8_TxFinishFlag_SCI2                    0x20000197   Data           1  sci_upper.o(.data)
    u8FlashUpdateFlag                        0x20000198   Data           1  sci_upper.o(.data)
    u8FlashUpdateE2PROM                      0x20000199   Data           1  sci_upper.o(.data)
    gu16_CommuErrCnt_SCI1                    0x2000019a   Data           2  sci_upper.o(.data)
    gu16_CommuErrCnt_SCI2                    0x2000019c   Data           2  sci_upper.o(.data)
    Sleep_Status                             0x200001a8   Data           1  sleepdeal.o(.data)
    RTC_ExtComCnt                            0x200001a9   Data           1  sleepdeal.o(.data)
    reset_sleep_state                        0x200001aa   Data           1  sleepdeal.o(.data)
    Sleep_Mode                               0x200001bc   Data           2  sleepdeal.o(.data)
    g_u81msCnt                               0x200001f9   Data           1  system_init.o(.data)
    g_u810msClockCnt                         0x200001fa   Data           1  system_init.o(.data)
    g_u81msClockCnt                          0x200001fb   Data           1  system_init.o(.data)
    gu8_200msCnt                             0x200001fc   Data           1  system_init.o(.data)
    gu8_200msAccClock_Flag                   0x200001fd   Data           1  system_init.o(.data)
    g_st_SysTimeFlag                         0x2000020c   Data           2  system_init.o(.data)
    CBC_Element                              0x2000020e   Data           4  system_init.o(.data)
    System_OnOFF_Func                        0x20000218   Data           4  system_monitor.o(.data)
    System_OnOFF_Func_StartUpRec             0x2000021c   Data           4  system_monitor.o(.data)
    SystemStatus                             0x20000220   Data           4  system_monitor.o(.data)
    System_Func_StartUp                      0x20000224   Data           4  system_monitor.o(.data)
    SOC_Cali_Flag                            0x2000022e   Data           1  socenhance.o(.data)
    Relay_Command_SameDoor_HavePreChg        0x20000250   Data           1  iodrivers_030.o(.data)
    Relay_Command_DiffDoor_HavePreChg        0x20000251   Data           1  iodrivers_030.o(.data)
    MosCtrl_Command_SameDoor_HavePreChg      0x20000252   Data           1  iodrivers_030.o(.data)
    MosCtrl_Command_BootStrap_Cir            0x20000253   Data           1  iodrivers_030.o(.data)
    g_u32ADCValFilter2                       0x20000344   Data          12  adc.o(.bss)
    g_i32ADCResult                           0x20000350   Data          12  adc.o(.bss)
    g_enCellBalanceStatus                    0x2000035c   Data          16  cell_balance.o(.bss)
    g_u8CellBalanceFilterCnt                 0x2000036c   Data          16  cell_balance.o(.bss)
    g_u16CalibCoefK                          0x2000037c   Data          94  datadeal.o(.bss)
    g_i16CalibCoefB                          0x200003da   Data          94  datadeal.o(.bss)
    CopperLoss                               0x20000438   Data          32  datadeal.o(.bss)
    CopperLoss_Num                           0x20000458   Data          32  datadeal.o(.bss)
    OtherElement                             0x20000478   Data          64  datadeal.o(.bss)
    PRT_E2ROMParas                           0x200004b8   Data         130  fault.o(.bss)
    Fault_record_First2                      0x2000053a   Data          20  fault.o(.bss)
    Fault_record_Second2                     0x2000054e   Data          20  fault.o(.bss)
    Fault_record_Third2                      0x20000562   Data          20  fault.o(.bss)
    Fault_record_Third                       0x20000576   Data          20  fault.o(.bss)
    RTC_Fault_record_Third                   0x2000058a   Data         120  fault.o(.bss)
    Heat_Cool_Element                        0x20000602   Data          48  heat_cool.o(.bss)
    Registers_AFE1                           0x20000634   Data          56  i2c_afe1.o(.bss)
    g_stBq769x0_Read_AFE1                    0x2000066c   Data          68  i2c_afe1.o(.bss)
    startData_                               0x200006b0   Data          80  i2c_afe1.o(.bss)
    BufferCRCC                               0x20000700   Data          30  i2c_afe1.o(.bss)
    BMS_LOG_RECORD                           0x20000733   Data         200  logrecord.o(.bss)
    ProductionInfor                          0x200007fc   Data         112  productionid.o(.bss)
    RTC_time                                 0x2000086c   Data          24  rtc.o(.bss)
    RTC_InitStructure                        0x20000884   Data          12  rtc.o(.bss)
    RTC_AlarmStructure                       0x20000890   Data          16  rtc.o(.bss)
    g_stCurrentMsgPtr_SCI1                   0x200008a0   Data         262  sci_upper.o(.bss)
    g_stCurrentMsgPtr_SCI2                   0x200009a6   Data         262  sci_upper.o(.bss)
    g_u8SCITxBuff                            0x20000aac   Data         251  sci_upper.o(.bss)
    g_stCellInfoReport                       0x20000ba8   Data         126  sci_upper.o(.bss)
    SOC_Table_Set                            0x20000c26   Data          84  soc.o(.bss)
    System_ErrFlag                           0x20000c7a   Data          24  system_monitor.o(.bss)
    SOC_Enhance_Element                      0x20000c94   Data         162  socenhance.o(.bss)
    SOC_Calculate_Element                    0x20000d38   Data          40  socenhance.o(.bss)
    SOC_E2prom_Par                           0x20000d60   Data          32  socenhance.o(.bss)
    SOC_E2prom_Adress                        0x20000d80   Data          32  socenhance.o(.bss)
    Driver_Element                           0x20000da0   Data          28  iodrivers_030.o(.bss)
    Driver_GPIO                              0x20000dbc   Data          32  iodrivers_030.o(.bss)
    at_buff                                  0x20000ddc   Data          30  lk8625.o(.bss)
    sys_time                                 0x20000e00   Data         144  conf.o(.bss)
    g_tParam                                 0x20000e90   Data         248  param.o(.bss)
    __initial_sp                             0x20001b88   Data           0  startup_stm32f0xx.o(STACK)



==============================================================================

Memory Map of the image

  Image Entry point : 0x08001cc1

  Load Region LR_IROM1 (Base: 0x08001c00, Size: 0x00009a74, Max: 0x0000e400, ABSOLUTE, COMPRESSED[0x00009834])

    Execution Region ER_IROM1 (Exec base: 0x08001c00, Load base: 0x08001c00, Size: 0x000097f0, Max: 0x0000e400, ABSOLUTE)

    Exec Addr    Load Addr    Size         Type   Attr      Idx    E Section Name        Object

    0x08001c00   0x08001c00   0x000000c0   Data   RO            3    RESET               startup_stm32f0xx.o
    0x08001cc0   0x08001cc0   0x00000000   Code   RO         6919  * .ARM.Collect$$$$00000000  mc_p.l(entry.o)
    0x08001cc0   0x08001cc0   0x00000004   Code   RO         6954    .ARM.Collect$$$$00000001  mc_p.l(entry2.o)
    0x08001cc4   0x08001cc4   0x00000004   Code   RO         6957    .ARM.Collect$$$$00000004  mc_p.l(entry5.o)
    0x08001cc8   0x08001cc8   0x00000000   Code   RO         6959    .ARM.Collect$$$$00000008  mc_p.l(entry7b.o)
    0x08001cc8   0x08001cc8   0x00000000   Code   RO         6961    .ARM.Collect$$$$0000000A  mc_p.l(entry8b.o)
    0x08001cc8   0x08001cc8   0x00000008   Code   RO         6962    .ARM.Collect$$$$0000000B  mc_p.l(entry9a.o)
    0x08001cd0   0x08001cd0   0x00000004   Code   RO         6969    .ARM.Collect$$$$0000000E  mc_p.l(entry12b.o)
    0x08001cd4   0x08001cd4   0x00000000   Code   RO         6964    .ARM.Collect$$$$0000000F  mc_p.l(entry10a.o)
    0x08001cd4   0x08001cd4   0x00000000   Code   RO         6966    .ARM.Collect$$$$00000011  mc_p.l(entry11a.o)
    0x08001cd4   0x08001cd4   0x00000004   Code   RO         6955    .ARM.Collect$$$$00002712  mc_p.l(entry2.o)
    0x08001cd8   0x08001cd8   0x0000001c   Code   RO            4    .text               startup_stm32f0xx.o
    0x08001cf4   0x08001cf4   0x0000002c   Code   RO         6922    .text               mc_p.l(uidiv.o)
    0x08001d20   0x08001d20   0x00000028   Code   RO         6924    .text               mc_p.l(idiv.o)
    0x08001d48   0x08001d48   0x00000024   Code   RO         6926    .text               mc_p.l(memcpya.o)
    0x08001d6c   0x08001d6c   0x00000024   Code   RO         6928    .text               mc_p.l(memseta.o)
    0x08001d90   0x08001d90   0x0000000e   Code   RO         6930    .text               mc_p.l(strlen.o)
    0x08001d9e   0x08001d9e   0x0000001a   Code   RO         6932    .text               mc_p.l(memcmp.o)
    0x08001db8   0x08001db8   0x0000007c   Code   RO         6938    .text               mf_p.l(fdiv.o)
    0x08001e34   0x08001e34   0x00000168   Code   RO         6940    .text               mf_p.l(dadd.o)
    0x08001f9c   0x08001f9c   0x000000f0   Code   RO         6942    .text               mf_p.l(ddiv.o)
    0x0800208c   0x0800208c   0x0000000e   Code   RO         6944    .text               mf_p.l(ffltui.o)
    0x0800209a   0x0800209a   0x00000002   PAD
    0x0800209c   0x0800209c   0x0000001c   Code   RO         6946    .text               mf_p.l(dfltui.o)
    0x080020b8   0x080020b8   0x0000003c   Code   RO         6948    .text               mf_p.l(dfixui.o)
    0x080020f4   0x080020f4   0x00000028   Code   RO         6950    .text               mf_p.l(f2d.o)
    0x0800211c   0x0800211c   0x00000038   Code   RO         6952    .text               mf_p.l(d2f.o)
    0x08002154   0x08002154   0x00000020   Code   RO         6970    .text               mc_p.l(llshl.o)
    0x08002174   0x08002174   0x00000022   Code   RO         6972    .text               mc_p.l(llushr.o)
    0x08002196   0x08002196   0x00000026   Code   RO         6974    .text               mc_p.l(llsshr.o)
    0x080021bc   0x080021bc   0x00000000   Code   RO         6976    .text               mc_p.l(iusefp.o)
    0x080021bc   0x080021bc   0x00000082   Code   RO         6977    .text               mf_p.l(fepilogue.o)
    0x0800223e   0x0800223e   0x000000be   Code   RO         6979    .text               mf_p.l(depilogue.o)
    0x080022fc   0x080022fc   0x00000024   Code   RO         6983    .text               mc_p.l(init.o)
    0x08002320   0x08002320   0x00000056   Code   RO         6993    .text               mc_p.l(__dczerorl2.o)
    0x08002376   0x08002376   0x0000000a   Code   RO         3098    i.ADC_ChannelConfig  stm32f0xx_adc.o
    0x08002380   0x08002380   0x00000012   Code   RO         3102    i.ADC_Cmd           stm32f0xx_adc.o
    0x08002392   0x08002392   0x00000014   Code   RO         3104    i.ADC_DMACmd        stm32f0xx_adc.o
    0x080023a6   0x080023a6   0x00000010   Code   RO         3105    i.ADC_DMARequestModeConfig  stm32f0xx_adc.o
    0x080023b6   0x080023b6   0x00000002   PAD
    0x080023b8   0x080023b8   0x00000020   Code   RO         3106    i.ADC_DeInit        stm32f0xx_adc.o
    0x080023d8   0x080023d8   0x0000002e   Code   RO         3108    i.ADC_GetCalibrationFactor  stm32f0xx_adc.o
    0x08002406   0x08002406   0x0000001c   Code   RO         3110    i.ADC_GetFlagStatus  stm32f0xx_adc.o
    0x08002422   0x08002422   0x00000002   PAD
    0x08002424   0x08002424   0x0000002c   Code   RO         3113    i.ADC_Init          stm32f0xx_adc.o
    0x08002450   0x08002450   0x00000014   Code   RO         3115    i.ADC_OverrunModeCmd  stm32f0xx_adc.o
    0x08002464   0x08002464   0x0000000a   Code   RO         3116    i.ADC_StartOfConversion  stm32f0xx_adc.o
    0x0800246e   0x0800246e   0x00000010   Code   RO         3118    i.ADC_StructInit    stm32f0xx_adc.o
    0x0800247e   0x0800247e   0x00000002   PAD
    0x08002480   0x08002480   0x00000078   Code   RO          342    i.ADC_TTC           adc.o
    0x080024f8   0x080024f8   0x00000084   Code   RO          634    i.AllSeriesDeal_Charger_ON  chargerloadfunc.o
    0x0800257c   0x0800257c   0x00000040   Code   RO          635    i.AllSeriesDeal_Sleep_Or_None  chargerloadfunc.o
    0x080025bc   0x080025bc   0x000000bc   Code   RO          711    i.App_AFEGet        datadeal.o
    0x08002678   0x08002678   0x00000024   Code   RO         1242    i.App_AFEshutdown   i2c_afe1.o
    0x0800269c   0x0800269c   0x0000001c   Code   RO          344    i.App_AnlogCal      adc.o
    0x080026b8   0x080026b8   0x00000108   Code   RO         2537    i.App_BQ769X0_Monitor  bq769x0_func.o
    0x080027c0   0x080027c0   0x00000098   Code   RO          938    i.App_BatOvp_SecondCheck  fault.o
    0x08002858   0x08002858   0x00000098   Code   RO          939    i.App_BatOvp_ThirdCheck  fault.o
    0x080028f0   0x080028f0   0x00000098   Code   RO          940    i.App_BatUvp_SecondCheck  fault.o
    0x08002988   0x08002988   0x000000a4   Code   RO          941    i.App_BatUvp_ThirdCheck  fault.o
    0x08002a2c   0x08002a2c   0x00000070   Code   RO          547    i.App_CellBalance   cell_balance.o
    0x08002a9c   0x08002a9c   0x000000ac   Code   RO          942    i.App_CellChgOtp_SecondCheck  fault.o
    0x08002b48   0x08002b48   0x000000a8   Code   RO          943    i.App_CellChgOtp_ThirdCheck  fault.o
    0x08002bf0   0x08002bf0   0x000000ac   Code   RO          944    i.App_CellChgUtp_SecondCheck  fault.o
    0x08002c9c   0x08002c9c   0x000000ac   Code   RO          945    i.App_CellChgUtp_ThirdCheck  fault.o
    0x08002d48   0x08002d48   0x000000a8   Code   RO          946    i.App_CellDisChgOtp_SecondCheck  fault.o
    0x08002df0   0x08002df0   0x000000a8   Code   RO          947    i.App_CellDisChgOtp_ThirdCheck  fault.o
    0x08002e98   0x08002e98   0x000000a8   Code   RO          948    i.App_CellDischgUtp_SecondCheck  fault.o
    0x08002f40   0x08002f40   0x000000a8   Code   RO          949    i.App_CellDischgUtp_ThirdCheck  fault.o
    0x08002fe8   0x08002fe8   0x00000098   Code   RO          950    i.App_CellOvp_SecondCheck  fault.o
    0x08003080   0x08003080   0x00000098   Code   RO          951    i.App_CellOvp_ThirdCheck  fault.o
    0x08003118   0x08003118   0x0000009c   Code   RO          952    i.App_CellSocUp_SecondCheck  fault.o
    0x080031b4   0x080031b4   0x000000a8   Code   RO          953    i.App_CellSocUp_ThirdCheck  fault.o
    0x0800325c   0x0800325c   0x00000098   Code   RO          954    i.App_CellUvp_SecondCheck  fault.o
    0x080032f4   0x080032f4   0x000000a4   Code   RO          955    i.App_CellUvp_ThirdCheck  fault.o
    0x08003398   0x08003398   0x00000018   Code   RO          636    i.App_ChargerLoad_Det  chargerloadfunc.o
    0x080033b0   0x080033b0   0x00000018   Code   RO         1804    i.App_CommonUpper   sci_upper.o
    0x080033c8   0x080033c8   0x000000d0   Code   RO         1805    i.App_CommonUpperSCI1  sci_upper.o
    0x08003498   0x08003498   0x000000d0   Code   RO         1806    i.App_CommonUpperSCI2  sci_upper.o
    0x08003568   0x08003568   0x0000003c   Code   RO         1372    i.App_DI1_Switch    io_control.o
    0x080035a4   0x080035a4   0x0000004c   Code   RO          799    i.App_E2promDeal    eeprom.o
    0x080035f0   0x080035f0   0x00000034   Code   RO         1148    i.App_FlashUpdateDet  flash.o
    0x08003624   0x08003624   0x00000008   Code   RO         1196    i.App_Heat_Cool_Ctrl  heat_cool.o
    0x0800362c   0x0800362c   0x000000a0   Code   RO          956    i.App_IchgOcp_SecondCheck  fault.o
    0x080036cc   0x080036cc   0x000000a0   Code   RO          957    i.App_IchgOcp_ThirdCheck  fault.o
    0x0800376c   0x0800376c   0x000000a0   Code   RO          958    i.App_IdischgOcp_SecondCheck  fault.o
    0x0800380c   0x0800380c   0x000000ac   Code   RO          959    i.App_IdischgOcp_ThirdCheck  fault.o
    0x080038b8   0x080038b8   0x0000016c   Code   RO         1442    i.App_LogRecord     logrecord.o
    0x08003a24   0x08003a24   0x00000040   Code   RO         1373    i.App_MOS_Relay_Ctrl  io_control.o
    0x08003a64   0x08003a64   0x00000098   Code   RO          960    i.App_MosOtp_SecondCheck  fault.o
    0x08003afc   0x08003afc   0x00000098   Code   RO          961    i.App_MosOtp_ThirdCheck  fault.o
    0x08003b94   0x08003b94   0x00000028   Code   RO         1597    i.App_ProID_Deal    productionid.o
    0x08003bbc   0x08003bbc   0x00000070   Code   RO         1646    i.App_PubOPUPChk    pubfunc.o
    0x08003c2c   0x08003c2c   0x0000004c   Code   RO         2351    i.App_SOC           soc.o
    0x08003c78   0x08003c78   0x000000dc   Code   RO         2122    i.App_SleepDeal     sleepdeal.o
    0x08003d54   0x08003d54   0x000001b4   Code   RO         2408    i.App_SysTime       system_init.o
    0x08003f08   0x08003f08   0x000000a4   Code   RO          962    i.App_VdeltaOp_SecondCheck  fault.o
    0x08003fac   0x08003fac   0x000000a8   Code   RO          963    i.App_VdeltaOp_ThirdCheck  fault.o
    0x08004054   0x08004054   0x00000030   Code   RO         1516    i.App_WakeUpAFE     main.o
    0x08004084   0x08004084   0x0000006c   Code   RO          964    i.App_WarnCtrl      fault.o
    0x080040f0   0x080040f0   0x000000bc   Code   RO         2538    i.BQ769X0_Deal_OC_SC  bq769x0_func.o
    0x080041ac   0x080041ac   0x00000040   Code   RO         2539    i.BQ769X0_DriverMos_Ctrl  bq769x0_func.o
    0x080041ec   0x080041ec   0x00000068   Code   RO          548    i.CB_AFERegistersCtrl  cell_balance.o
    0x08004254   0x08004254   0x00000090   Code   RO          549    i.CB_ChangeUpperFlag  cell_balance.o
    0x080042e4   0x080042e4   0x000000f0   Code   RO          550    i.CB_StateCalculate  cell_balance.o
    0x080043d4   0x080043d4   0x00000034   Code   RO         1647    i.CRC8              pubfunc.o
    0x08004408   0x08004408   0x00000038   Code   RO         1807    i.CRC_verify        sci_upper.o
    0x08004440   0x08004440   0x00000080   Code   RO          551    i.CellBalance_DataInit  cell_balance.o
    0x080044c0   0x080044c0   0x000000a8   Code   RO          552    i.CellBalance_Monitor  cell_balance.o
    0x08004568   0x08004568   0x00000060   Code   RO          553    i.CellBalance_StateEvenOn  cell_balance.o
    0x080045c8   0x080045c8   0x00000050   Code   RO          554    i.CellBalance_StateOFF  cell_balance.o
    0x08004618   0x08004618   0x00000060   Code   RO          555    i.CellBalance_StateOddOn  cell_balance.o
    0x08004678   0x08004678   0x0000001e   Code   RO         3027    i.Choose_Right_Value  shortfunc.o
    0x08004696   0x08004696   0x00000002   PAD
    0x08004698   0x08004698   0x00000078   Code   RO         1243    i.ConfigureBqMaximo  i2c_afe1.o
    0x08004710   0x08004710   0x000001f4   Code   RO         2594    i.CorrectionTerminal_CV  socenhance.o
    0x08004904   0x08004904   0x00000020   Code   RO         2596    i.Correction_Terminal  socenhance.o
    0x08004924   0x08004924   0x00000018   Code   RO         4010    i.DMA_Cmd           stm32f0xx_dma.o
    0x0800493c   0x0800493c   0x000000c0   Code   RO         4011    i.DMA_DeInit        stm32f0xx_dma.o
    0x080049fc   0x080049fc   0x0000003c   Code   RO         4016    i.DMA_Init          stm32f0xx_dma.o
    0x08004a38   0x08004a38   0x0000001a   Code   RO         4019    i.DMA_StructInit    stm32f0xx_dma.o
    0x08004a52   0x08004a52   0x00000002   PAD
    0x08004a54   0x08004a54   0x0000008c   Code   RO          712    i.DataLoad_CellVolt  datadeal.o
    0x08004ae0   0x08004ae0   0x00000080   Code   RO          713    i.DataLoad_CellVoltMaxMinFind  datadeal.o
    0x08004b60   0x08004b60   0x000000a0   Code   RO          715    i.DataLoad_Current  datadeal.o
    0x08004c00   0x08004c00   0x000000e0   Code   RO          716    i.DataLoad_Temperature  datadeal.o
    0x08004ce0   0x08004ce0   0x0000003c   Code   RO          717    i.DataLoad_TemperatureMaxMinFind  datadeal.o
    0x08004d1c   0x08004d1c   0x0000001c   Code   RO         1648    i.Delay_Base10us    pubfunc.o
    0x08004d38   0x08004d38   0x0000005c   Code   RO         2735    i.DriversOnOFF      iodrivers_030.o
    0x08004d94   0x08004d94   0x00000040   Code   RO         1374    i.Drivers_External_Ctrl  io_control.o
    0x08004dd4   0x08004dd4   0x0000000e   Code   RO         2738    i.Drivers_MosSameDoor_NoPreChg  iodrivers_030.o
    0x08004de2   0x08004de2   0x00000002   PAD
    0x08004de4   0x08004de4   0x000000c4   Code   RO          800    i.EEPROM_ResetData_AllToDefault  eeprom.o
    0x08004ea8   0x08004ea8   0x00000048   Code   RO         1443    i.EEPROM_ResetData_EventRecord_ToDefault  logrecord.o
    0x08004ef0   0x08004ef0   0x0000000c   Code   RO          801    i.EEPROM_ResetData_OtherToDefault  eeprom.o
    0x08004efc   0x08004efc   0x00000034   Code   RO           12    i.EXTI0_1_IRQHandler  stm32f0xx_it.o
    0x08004f30   0x08004f30   0x00000014   Code   RO           13    i.EXTI2_3_IRQHandler  stm32f0xx_it.o
    0x08004f44   0x08004f44   0x0000007c   Code   RO           14    i.EXTI4_15_IRQHandler  stm32f0xx_it.o
    0x08004fc0   0x08004fc0   0x0000000c   Code   RO         4095    i.EXTI_ClearITPendingBit  stm32f0xx_exti.o
    0x08004fcc   0x08004fcc   0x00000014   Code   RO         4099    i.EXTI_GetITStatus  stm32f0xx_exti.o
    0x08004fe0   0x08004fe0   0x0000006c   Code   RO         4100    i.EXTI_Init         stm32f0xx_exti.o
    0x0800504c   0x0800504c   0x0000000c   Code   RO         4156    i.FLASH_ClearFlag   stm32f0xx_flash.o
    0x08005058   0x08005058   0x00000038   Code   RO         4158    i.FLASH_ErasePage   stm32f0xx_flash.o
    0x08005090   0x08005090   0x00000028   Code   RO         4161    i.FLASH_GetStatus   stm32f0xx_flash.o
    0x080050b8   0x080050b8   0x00000010   Code   RO         4163    i.FLASH_Lock        stm32f0xx_flash.o
    0x080050c8   0x080050c8   0x00000034   Code   RO         4182    i.FLASH_ProgramHalfWord  stm32f0xx_flash.o
    0x080050fc   0x080050fc   0x00000020   Code   RO         4185    i.FLASH_Unlock      stm32f0xx_flash.o
    0x0800511c   0x0800511c   0x00000022   Code   RO         4186    i.FLASH_WaitForLastOperation  stm32f0xx_flash.o
    0x0800513e   0x0800513e   0x00000002   PAD
    0x08005140   0x08005140   0x00000064   Code   RO          966    i.FaultWarnRecord2  fault.o
    0x080051a4   0x080051a4   0x00000004   Code   RO         1149    i.FlashReadOneHalfWord  flash.o
    0x080051a8   0x080051a8   0x0000002c   Code   RO         1150    i.FlashWriteOneHalfWord  flash.o
    0x080051d4   0x080051d4   0x00000070   Code   RO         4356    i.GPIO_Init         stm32f0xx_gpio.o
    0x08005244   0x08005244   0x00000020   Code   RO         4357    i.GPIO_PinAFConfig  stm32f0xx_gpio.o
    0x08005264   0x08005264   0x0000000e   Code   RO         4360    i.GPIO_ReadInputDataBit  stm32f0xx_gpio.o
    0x08005272   0x08005272   0x00000004   Code   RO         4363    i.GPIO_ResetBits    stm32f0xx_gpio.o
    0x08005276   0x08005276   0x00000004   Code   RO         4364    i.GPIO_SetBits      stm32f0xx_gpio.o
    0x0800527a   0x0800527a   0x0000000c   Code   RO         4367    i.GPIO_WriteBit     stm32f0xx_gpio.o
    0x08005286   0x08005286   0x00000002   PAD
    0x08005288   0x08005288   0x00000030   Code   RO         1244    i.GetADCGainOffset  i2c_afe1.o
    0x080052b8   0x080052b8   0x0000004c   Code   RO         2352    i.GetData_SOC       soc.o
    0x08005304   0x08005304   0x000000d2   Code   RO         1649    i.GetEndValue       pubfunc.o
    0x080053d6   0x080053d6   0x000000d2   Code   RO         2597    i.GetEndValuee      socenhance.o
    0x080054a8   0x080054a8   0x00000048   Code   RO         2598    i.Get_OpenCircuit_Value  socenhance.o
    0x080054f0   0x080054f0   0x00000002   Code   RO           15    i.HardFault_Handler  stm32f0xx_it.o
    0x080054f2   0x080054f2   0x00000002   PAD
    0x080054f4   0x080054f4   0x000001f8   Code   RO         1197    i.Heat_Control      heat_cool.o
    0x080056ec   0x080056ec   0x0000009c   Code   RO         1245    i.I2CReadBlockWithCRC  i2c_afe1.o
    0x08005788   0x08005788   0x000000b4   Code   RO         1246    i.I2CReadBytes      i2c_afe1.o
    0x0800583c   0x0800583c   0x0000005e   Code   RO         1247    i.I2CReadRegisterByteWithCRC  i2c_afe1.o
    0x0800589a   0x0800589a   0x00000002   PAD
    0x0800589c   0x0800589c   0x000000d4   Code   RO         1248    i.I2CSendBytes      i2c_afe1.o
    0x08005970   0x08005970   0x00000064   Code   RO         1249    i.I2CWriteBlockWithCRC  i2c_afe1.o
    0x080059d4   0x080059d4   0x0000002e   Code   RO         1250    i.I2CWriteRegisterByteWithCRC  i2c_afe1.o
    0x08005a02   0x08005a02   0x00000004   Code   RO         4452    i.I2C_ClearFlag     stm32f0xx_i2c.o
    0x08005a06   0x08005a06   0x00000014   Code   RO         4455    i.I2C_Cmd           stm32f0xx_i2c.o
    0x08005a1a   0x08005a1a   0x00000014   Code   RO         4462    i.I2C_GenerateSTOP  stm32f0xx_i2c.o
    0x08005a2e   0x08005a2e   0x0000000e   Code   RO         4464    i.I2C_GetFlagStatus  stm32f0xx_i2c.o
    0x08005a3c   0x08005a3c   0x00000064   Code   RO         4470    i.I2C_Init          stm32f0xx_i2c.o
    0x08005aa0   0x08005aa0   0x00000006   Code   RO         4476    i.I2C_ReceiveData   stm32f0xx_i2c.o
    0x08005aa6   0x08005aa6   0x00000004   Code   RO         4479    i.I2C_SendData      stm32f0xx_i2c.o
    0x08005aaa   0x08005aaa   0x00000002   PAD
    0x08005aac   0x08005aac   0x00000020   Code   RO         4488    i.I2C_TransferHandling  stm32f0xx_i2c.o
    0x08005acc   0x08005acc   0x00000040   Code   RO          803    i.IIC_Ack_SEE       eeprom.o
    0x08005b0c   0x08005b0c   0x00000040   Code   RO          804    i.IIC_NAck_SEE      eeprom.o
    0x08005b4c   0x08005b4c   0x00000060   Code   RO          805    i.IIC_Read_Byte_SEE  eeprom.o
    0x08005bac   0x08005bac   0x00000068   Code   RO          806    i.IIC_Send_Byte_SEE  eeprom.o
    0x08005c14   0x08005c14   0x00000044   Code   RO          807    i.IIC_Start_SEE     eeprom.o
    0x08005c58   0x08005c58   0x00000048   Code   RO          808    i.IIC_Stop_SEE      eeprom.o
    0x08005ca0   0x08005ca0   0x00000050   Code   RO          809    i.IIC_Wait_Ack_SEE  eeprom.o
    0x08005cf0   0x08005cf0   0x00000060   Code   RO         2127    i.IOstatus_Base     sleepdeal.o
    0x08005d50   0x08005d50   0x00000010   Code   RO         4713    i.IWDG_Enable       stm32f0xx_iwdg.o
    0x08005d60   0x08005d60   0x00000010   Code   RO         4715    i.IWDG_ReloadCounter  stm32f0xx_iwdg.o
    0x08005d70   0x08005d70   0x0000000c   Code   RO         4716    i.IWDG_SetPrescaler  stm32f0xx_iwdg.o
    0x08005d7c   0x08005d7c   0x0000000c   Code   RO         4717    i.IWDG_SetReload    stm32f0xx_iwdg.o
    0x08005d88   0x08005d88   0x0000000c   Code   RO         4719    i.IWDG_WriteAccessCmd  stm32f0xx_iwdg.o
    0x08005d94   0x08005d94   0x0000003c   Code   RO          345    i.InitADC           adc.o
    0x08005dd0   0x08005dd0   0x00000088   Code   RO          346    i.InitADC_ADC1      adc.o
    0x08005e58   0x08005e58   0x00000064   Code   RO          347    i.InitADC_DMA       adc.o
    0x08005ebc   0x08005ebc   0x0000003c   Code   RO          348    i.InitADC_GPIO      adc.o
    0x08005ef8   0x08005ef8   0x0000004c   Code   RO          349    i.InitADC_TIMER     adc.o
    0x08005f44   0x08005f44   0x0000008c   Code   RO         1251    i.InitAFE1          i2c_afe1.o
    0x08005fd0   0x08005fd0   0x0000002c   Code   RO         1376    i.InitData_Drivers  io_control.o
    0x08005ffc   0x08005ffc   0x0000007c   Code   RO          810    i.InitData_E2prom   eeprom.o
    0x08006078   0x08006078   0x00000068   Code   RO         2353    i.InitData_SOC      soc.o
    0x080060e0   0x080060e0   0x00000060   Code   RO         2409    i.InitDelay         system_init.o
    0x08006140   0x08006140   0x00000050   Code   RO         1517    i.InitDevice        main.o
    0x08006190   0x08006190   0x00000044   Code   RO          811    i.InitE2PROM        eeprom.o
    0x080061d4   0x080061d4   0x0000001e   Code   RO         1198    i.InitHeat_Cool     heat_cool.o
    0x080061f2   0x080061f2   0x00000002   PAD
    0x080061f4   0x080061f4   0x000000cc   Code   RO         2410    i.InitIO            system_init.o
    0x080062c0   0x080062c0   0x00000008   Code   RO         1377    i.InitMosRelay_DOx  io_control.o
    0x080062c8   0x080062c8   0x00000074   Code   RO         1598    i.InitProID         productionid.o
    0x0800633c   0x0800633c   0x000000a4   Code   RO         1808    i.InitSCI1_CommonUpper  sci_upper.o
    0x080063e0   0x080063e0   0x000000a0   Code   RO         1809    i.InitSCI2_CommonUpper  sci_upper.o
    0x08006480   0x08006480   0x0000006c   Code   RO         2599    i.InitSOC_IntEnhance  socenhance.o
    0x080064ec   0x080064ec   0x000000cc   Code   RO         3028    i.InitShortCur      shortfunc.o
    0x080065b8   0x080065b8   0x00000134   Code   RO         2481    i.InitSystemMonitorData_EEPROM  system_monitor.o
    0x080066ec   0x080066ec   0x0000000e   Code   RO         1519    i.InitSystemWakeUp  main.o
    0x080066fa   0x080066fa   0x00000002   PAD
    0x080066fc   0x080066fc   0x00000064   Code   RO         2411    i.InitTimer         system_init.o
    0x08006760   0x08006760   0x0000000c   Code   RO         1810    i.InitUSART_CommonUpper  sci_upper.o
    0x0800676c   0x0800676c   0x0000004c   Code   RO         1520    i.InitVar           main.o
    0x080067b8   0x080067b8   0x0000008c   Code   RO         2132    i.InitWakeUp_Base   sleepdeal.o
    0x08006844   0x08006844   0x0000004e   Code   RO         2134    i.InitWakeUp_NormalMode  sleepdeal.o
    0x08006892   0x08006892   0x00000010   Code   RO         2135    i.InitWakeUp_RTCMode  sleepdeal.o
    0x080068a2   0x080068a2   0x00000002   PAD
    0x080068a4   0x080068a4   0x00000014   Code   RO          638    i.Init_ChargerLoad_Det  chargerloadfunc.o
    0x080068b8   0x080068b8   0x00000068   Code   RO          639    i.Init_Charger_AllSeries  chargerloadfunc.o
    0x08006920   0x08006920   0x00000030   Code   RO         1151    i.Init_IAPAPP       flash.o
    0x08006950   0x08006950   0x0000002c   Code   RO         2412    i.Init_IWDG         system_init.o
    0x0800697c   0x0800697c   0x00000020   Code   RO         1732    i.Init_RTC          rtc.o
    0x0800699c   0x0800699c   0x00000010   Code   RO         1734    i.Init_RTC_HaltWakeUp  rtc.o
    0x080069ac   0x080069ac   0x0000001c   Code   RO          718    i.Init_Registers    datadeal.o
    0x080069c8   0x080069c8   0x000000d4   Code   RO         1254    i.InitialisebqMaximo  i2c_afe1.o
    0x08006a9c   0x08006a9c   0x00000070   Code   RO         2137    i.IsSleepStartUp    sleepdeal.o
    0x08006b0c   0x08006b0c   0x00000080   Code   RO         6884    i.LoadParam         param.o
    0x08006b8c   0x08006b8c   0x00000064   Code   RO         1444    i.LogEvent_EEPROM   logrecord.o
    0x08006bf0   0x08006bf0   0x00000090   Code   RO         1445    i.LogEvent_Record   logrecord.o
    0x08006c80   0x08006c80   0x00000030   Code   RO         1446    i.LogTime_Map       logrecord.o
    0x08006cb0   0x08006cb0   0x00000048   Code   RO         1650    i.MCU_GetResetType  pubfunc.o
    0x08006cf8   0x08006cf8   0x0000012c   Code   RO          719    i.MonitorAFE        datadeal.o
    0x08006e24   0x08006e24   0x00000068   Code   RO         1652    i.Monitor_TempBreak  pubfunc.o
    0x08006e8c   0x08006e8c   0x0000026c   Code   RO         2751    i.MosCtrl_SameDoor_NoPreChg  iodrivers_030.o
    0x080070f8   0x080070f8   0x00000002   Code   RO           16    i.NMI_Handler       stm32f0xx_it.o
    0x080070fa   0x080070fa   0x00000002   PAD
    0x080070fc   0x080070fc   0x00000050   Code   RO         4769    i.NVIC_Init         stm32f0xx_misc.o
    0x0800714c   0x0800714c   0x00000018   Code   RO         2138    i.NVIC_SystemReset  sleepdeal.o
    0x08007164   0x08007164   0x00000018   Code   RO         4801    i.PWR_BackupAccessCmd  stm32f0xx_pwr.o
    0x0800717c   0x0800717c   0x0000003c   Code   RO         4805    i.PWR_EnterSTOPMode  stm32f0xx_pwr.o
    0x080071b8   0x080071b8   0x00000002   Code   RO           17    i.PendSV_Handler    stm32f0xx_it.o
    0x080071ba   0x080071ba   0x00000002   PAD
    0x080071bc   0x080071bc   0x00000018   Code   RO         4876    i.RCC_AHBPeriphClockCmd  stm32f0xx_rcc.o
    0x080071d4   0x080071d4   0x00000018   Code   RO         4878    i.RCC_APB1PeriphClockCmd  stm32f0xx_rcc.o
    0x080071ec   0x080071ec   0x00000018   Code   RO         4880    i.RCC_APB2PeriphClockCmd  stm32f0xx_rcc.o
    0x08007204   0x08007204   0x00000018   Code   RO         4881    i.RCC_APB2PeriphResetCmd  stm32f0xx_rcc.o
    0x0800721c   0x0800721c   0x00000178   Code   RO         4890    i.RCC_GetClocksFreq  stm32f0xx_rcc.o
    0x08007394   0x08007394   0x00000034   Code   RO         4891    i.RCC_GetFlagStatus  stm32f0xx_rcc.o
    0x080073c8   0x080073c8   0x00000020   Code   RO         4902    i.RCC_LSEConfig     stm32f0xx_rcc.o
    0x080073e8   0x080073e8   0x0000001c   Code   RO         4904    i.RCC_LSICmd        stm32f0xx_rcc.o
    0x08007404   0x08007404   0x0000001c   Code   RO         4910    i.RCC_RTCCLKCmd     stm32f0xx_rcc.o
    0x08007420   0x08007420   0x00000010   Code   RO         4911    i.RCC_RTCCLKConfig  stm32f0xx_rcc.o
    0x08007430   0x08007430   0x00000050   Code   RO         5137    i.RTC_AlarmCmd      stm32f0xx_rtc.o
    0x08007480   0x08007480   0x0000007c   Code   RO         1735    i.RTC_AlarmConfig   rtc.o
    0x080074fc   0x080074fc   0x00000010   Code   RO         5140    i.RTC_Bcd2ToByte    stm32f0xx_rtc.o
    0x0800750c   0x0800750c   0x00000018   Code   RO         5142    i.RTC_ByteToBcd2    stm32f0xx_rtc.o
    0x08007524   0x08007524   0x0000001c   Code   RO         5146    i.RTC_ClearITPendingBit  stm32f0xx_rtc.o
    0x08007540   0x08007540   0x000000b4   Code   RO         1736    i.RTC_ClockConfig   rtc.o
    0x080075f4   0x080075f4   0x0000003c   Code   RO         5150    i.RTC_EnterInitMode  stm32f0xx_rtc.o
    0x08007630   0x08007630   0x00000010   Code   RO         5151    i.RTC_ExitInitMode  stm32f0xx_rtc.o
    0x08007640   0x08007640   0x0000003c   Code   RO         5156    i.RTC_GetITStatus   stm32f0xx_rtc.o
    0x0800767c   0x0800767c   0x0000003c   Code   RO         1737    i.RTC_IRQHandler    rtc.o
    0x080076b8   0x080076b8   0x0000003c   Code   RO         5163    i.RTC_ITConfig      stm32f0xx_rtc.o
    0x080076f4   0x080076f4   0x00000048   Code   RO         5164    i.RTC_Init          stm32f0xx_rtc.o
    0x0800773c   0x0800773c   0x00000088   Code   RO         5169    i.RTC_SetAlarm      stm32f0xx_rtc.o
    0x080077c4   0x080077c4   0x00000094   Code   RO         5170    i.RTC_SetDate       stm32f0xx_rtc.o
    0x08007858   0x08007858   0x00000090   Code   RO         5171    i.RTC_SetTime       stm32f0xx_rtc.o
    0x080078e8   0x080078e8   0x0000004c   Code   RO         1738    i.RTC_TimeConfig    rtc.o
    0x08007934   0x08007934   0x00000050   Code   RO         5185    i.RTC_WaitForSynchro  stm32f0xx_rtc.o
    0x08007984   0x08007984   0x00000066   Code   RO          812    i.ReadEEPROM_Byte   eeprom.o
    0x080079ea   0x080079ea   0x00000002   PAD
    0x080079ec   0x080079ec   0x00000198   Code   RO          813    i.ReadEEPROM_ByteData_StartUp  eeprom.o
    0x08007b84   0x08007b84   0x00000078   Code   RO         1447    i.ReadEEPROM_EventRecord_Parameters  logrecord.o
    0x08007bfc   0x08007bfc   0x00000018   Code   RO          814    i.ReadEEPROM_Word_NoZone  eeprom.o
    0x08007c14   0x08007c14   0x00000128   Code   RO         1378    i.RefreshData_Drivers  io_control.o
    0x08007d3c   0x08007d3c   0x00000020   Code   RO         2354    i.RefreshData_SOC   soc.o
    0x08007d5c   0x08007d5c   0x000000a4   Code   RO         2601    i.SOC_Cont_AH_Int_CHG  socenhance.o
    0x08007e00   0x08007e00   0x000000b8   Code   RO         2602    i.SOC_Cont_AH_Int_DSG  socenhance.o
    0x08007eb8   0x08007eb8   0x00000130   Code   RO         2604    i.SOC_DealEEPROM_Data  socenhance.o
    0x08007fe8   0x08007fe8   0x000000cc   Code   RO         2605    i.SOC_EEPROM_Deal_Monitor  socenhance.o
    0x080080b4   0x080080b4   0x0000004c   Code   RO         2606    i.SOC_IntEnhance_Ctrl  socenhance.o
    0x08008100   0x08008100   0x0000004c   Code   RO         2607    i.SOC_RefreshData_Monitor  socenhance.o
    0x0800814c   0x0800814c   0x00000074   Code   RO         2608    i.SOC_Result_Pass   socenhance.o
    0x080081c0   0x080081c0   0x00000074   Code   RO         2609    i.SOC_State_Transfer  socenhance.o
    0x08008234   0x08008234   0x00000110   Code   RO         2610    i.SOC_Update_StartUp  socenhance.o
    0x08008344   0x08008344   0x00000002   Code   RO           18    i.SVC_Handler       stm32f0xx_it.o
    0x08008346   0x08008346   0x00000002   PAD
    0x08008348   0x08008348   0x00000028   Code   RO         5671    i.SYSCFG_EXTILineConfig  stm32f0xx_syscfg.o
    0x08008370   0x08008370   0x00000014   Code   RO         5676    i.SYSCFG_MemoryRemapConfig  stm32f0xx_syscfg.o
    0x08008384   0x08008384   0x0000001c   Code   RO         6885    i.SaveParam         param.o
    0x080083a0   0x080083a0   0x00000060   Code   RO         1811    i.Sci1_CommonUpper_FaultChk  sci_upper.o
    0x08008400   0x08008400   0x000000c0   Code   RO         1812    i.Sci1_CommonUpper_Rx_Deal  sci_upper.o
    0x080084c0   0x080084c0   0x00000090   Code   RO         1813    i.Sci1_CommonUpper_Tx_Deal  sci_upper.o
    0x08008550   0x08008550   0x00000060   Code   RO         1814    i.Sci2_CommonUpper_FaultChk  sci_upper.o
    0x080085b0   0x080085b0   0x000000c0   Code   RO         1815    i.Sci2_CommonUpper_Rx_Deal  sci_upper.o
    0x08008670   0x08008670   0x00000090   Code   RO         1816    i.Sci2_CommonUpper_Tx_Deal  sci_upper.o
    0x08008700   0x08008700   0x000000e8   Code   RO         1817    i.Sci_ACK_0x03      sci_upper.o
    0x080087e8   0x080087e8   0x00000040   Code   RO         1818    i.Sci_ACK_0x03_RW_Data_Cali  sci_upper.o
    0x08008828   0x08008828   0x000000b4   Code   RO         1819    i.Sci_ACK_0x03_RW_Data_Other  sci_upper.o
    0x080088dc   0x080088dc   0x0000004c   Code   RO         1820    i.Sci_ACK_0x03_RW_Data_OtherCanAdd  sci_upper.o
    0x08008928   0x08008928   0x00000028   Code   RO         1821    i.Sci_ACK_0x03_RW_Data_Pro  sci_upper.o
    0x08008950   0x08008950   0x00000260   Code   RO         1822    i.Sci_ACK_0x03_ReadRegs_Data  sci_upper.o
    0x08008bb0   0x08008bb0   0x00000040   Code   RO         1448    i.Sci_ACK_0x03_ReadRegs_EventRecord  logrecord.o
    0x08008bf0   0x08008bf0   0x0000013c   Code   RO         1823    i.Sci_ACK_0x03_ReadRegs_LCD  sci_upper.o
    0x08008d2c   0x08008d2c   0x00000044   Code   RO         1824    i.Sci_ACK_0x06_0x10  sci_upper.o
    0x08008d70   0x08008d70   0x00000034   Code   RO         1654    i.Sci_CRC16RTU      pubfunc.o
    0x08008da4   0x08008da4   0x00000030   Code   RO         1825    i.Sci_DataInit      sci_upper.o
    0x08008dd4   0x08008dd4   0x00000070   Code   RO         1826    i.Sci_Deal_ReadRegs_0x03  sci_upper.o
    0x08008e44   0x08008e44   0x00000088   Code   RO         1827    i.Sci_Deal_WrReg_0x06  sci_upper.o
    0x08008ecc   0x08008ecc   0x0000017c   Code   RO         1828    i.Sci_Deal_WrRegs_0x10  sci_upper.o
    0x08009048   0x08009048   0x0000004c   Code   RO         1829    i.Sci_WrReg_0x06_BMS_FunctionOFF  sci_upper.o
    0x08009094   0x08009094   0x000000fc   Code   RO         1830    i.Sci_WrReg_0x06_BMS_FunctionON  sci_upper.o
    0x08009190   0x08009190   0x00000108   Code   RO         1831    i.Sci_WrReg_0x06_Reset_CalibCoef  sci_upper.o
    0x08009298   0x08009298   0x00000040   Code   RO         1449    i.Sci_WrReg_0x06_Reset_EventRecord  logrecord.o
    0x080092d8   0x080092d8   0x00000058   Code   RO         1832    i.Sci_WrReg_0x06_Reset_HeatCool  sci_upper.o
    0x08009330   0x08009330   0x00000098   Code   RO         1833    i.Sci_WrReg_0x06_Reset_OtherCanAdd  sci_upper.o
    0x080093c8   0x080093c8   0x0000006c   Code   RO         1834    i.Sci_WrReg_0x06_Reset_ProtectElement  sci_upper.o
    0x08009434   0x08009434   0x00000074   Code   RO         1835    i.Sci_WrReg_0x06_Reset_ProtectRecord  sci_upper.o
    0x080094a8   0x080094a8   0x00000024   Code   RO         1836    i.Sci_WrReg_0x06_SetSocOnce  sci_upper.o
    0x080094cc   0x080094cc   0x00000050   Code   RO         1839    i.Sci_WrRegs_0x10_Balance  sci_upper.o
    0x0800951c   0x0800951c   0x0000009c   Code   RO         1840    i.Sci_WrRegs_0x10_CalibCoef  sci_upper.o
    0x080095b8   0x080095b8   0x00000038   Code   RO         1842    i.Sci_WrRegs_0x10_FlashConnect  sci_upper.o
    0x080095f0   0x080095f0   0x0000004c   Code   RO         1843    i.Sci_WrRegs_0x10_HeatCoolElement  sci_upper.o
    0x0800963c   0x0800963c   0x0000007c   Code   RO         1844    i.Sci_WrRegs_0x10_Protect  sci_upper.o
    0x080096b8   0x080096b8   0x000000b0   Code   RO         1846    i.Sci_WrRegs_0x10_SN_Version  sci_upper.o
    0x08009768   0x08009768   0x00000054   Code   RO         1847    i.Sci_WrRegs_0x10_SleepElement  sci_upper.o
    0x080097bc   0x080097bc   0x0000005c   Code   RO         1848    i.Sci_WrRegs_0x10_SocElement  sci_upper.o
    0x08009818   0x08009818   0x00000050   Code   RO         1850    i.Sci_WrRegs_0x10_SysOther  sci_upper.o
    0x08009868   0x08009868   0x00000074   Code   RO         1851    i.Sci_WrRegs_0x10_SystemElement  sci_upper.o
    0x080098dc   0x080098dc   0x00000068   Code   RO          297    i.SetSysClock       system_stm32f0xx.o
    0x08009944   0x08009944   0x00000048   Code   RO         2139    i.SleepDeal_CBC     sleepdeal.o
    0x0800998c   0x0800998c   0x000000c8   Code   RO         2140    i.SleepDeal_Continue  sleepdeal.o
    0x08009a54   0x08009a54   0x00000050   Code   RO         2141    i.SleepDeal_Forced  sleepdeal.o
    0x08009aa4   0x08009aa4   0x000000e0   Code   RO         2143    i.SleepDeal_Normal_L2  sleepdeal.o
    0x08009b84   0x08009b84   0x000000c8   Code   RO         2144    i.SleepDeal_Normal_L3  sleepdeal.o
    0x08009c4c   0x08009c4c   0x0000006c   Code   RO         2145    i.SleepDeal_Normal_Select  sleepdeal.o
    0x08009cb8   0x08009cb8   0x00000048   Code   RO         2146    i.SleepDeal_OverCurrent  sleepdeal.o
    0x08009d00   0x08009d00   0x00000064   Code   RO         2147    i.SleepDeal_Shift   sleepdeal.o
    0x08009d64   0x08009d64   0x0000002c   Code   RO         2148    i.SleepDeal_Test    sleepdeal.o
    0x08009d90   0x08009d90   0x00000044   Code   RO         2150    i.SleepDeal_VcellUVP  sleepdeal.o
    0x08009dd4   0x08009dd4   0x00000002   Code   RO           19    i.SysTick_Handler   stm32f0xx_it.o
    0x08009dd6   0x08009dd6   0x0000000c   Code   RO         2154    i.Sys_StopMode      sleepdeal.o
    0x08009de2   0x08009de2   0x00000002   PAD
    0x08009de4   0x08009de4   0x0000006c   Code   RO          298    i.SystemCoreClockUpdate  system_stm32f0xx.o
    0x08009e50   0x08009e50   0x00000064   Code   RO          299    i.SystemInit        system_stm32f0xx.o
    0x08009eb4   0x08009eb4   0x00000068   Code   RO         2483    i.SystemMonitorResetData_EEPROM  system_monitor.o
    0x08009f1c   0x08009f1c   0x00000180   Code   RO         2484    i.System_ERROR_UserCallback  system_monitor.o
    0x0800a09c   0x0800a09c   0x00000004   Code   RO         2485    i.System_FUNC_StartUp  system_monitor.o
    0x0800a0a0   0x0800a0a0   0x00000070   Code   RO         2413    i.TIM17_IRQHandler  system_init.o
    0x0800a110   0x0800a110   0x0000000c   Code   RO         1255    i.TIMEOUT_UserCallback  i2c_afe1.o
    0x0800a11c   0x0800a11c   0x00000006   Code   RO         5750    i.TIM_ClearITPendingBit  stm32f0xx_tim.o
    0x0800a122   0x0800a122   0x00000014   Code   RO         5755    i.TIM_Cmd           stm32f0xx_tim.o
    0x0800a136   0x0800a136   0x00000018   Code   RO         5776    i.TIM_GetITStatus   stm32f0xx_tim.o
    0x0800a14e   0x0800a14e   0x00000010   Code   RO         5780    i.TIM_ITConfig      stm32f0xx_tim.o
    0x0800a15e   0x0800a15e   0x00000010   Code   RO         5814    i.TIM_SelectOutputTrigger  stm32f0xx_tim.o
    0x0800a16e   0x0800a16e   0x00000002   PAD
    0x0800a170   0x0800a170   0x00000074   Code   RO         5828    i.TIM_TimeBaseInit  stm32f0xx_tim.o
    0x0800a1e4   0x0800a1e4   0x00000034   Code   RO           20    i.USART1_IRQHandler  stm32f0xx_it.o
    0x0800a218   0x0800a218   0x00000034   Code   RO           21    i.USART2_IRQHandler  stm32f0xx_it.o
    0x0800a24c   0x0800a24c   0x00000014   Code   RO         6301    i.USART_Cmd         stm32f0xx_usart.o
    0x0800a260   0x0800a260   0x00000038   Code   RO         6310    i.USART_GetITStatus  stm32f0xx_usart.o
    0x0800a298   0x0800a298   0x0000002a   Code   RO         6312    i.USART_ITConfig    stm32f0xx_usart.o
    0x0800a2c2   0x0800a2c2   0x00000002   PAD
    0x0800a2c4   0x0800a2c4   0x000000a8   Code   RO         6313    i.USART_Init        stm32f0xx_usart.o
    0x0800a36c   0x0800a36c   0x000000f4   Code   RO         1257    i.UpdateVoltageFromBqMaximo_Partition  i2c_afe1.o
    0x0800a460   0x0800a460   0x0000006e   Code   RO          815    i.WriteEEPROM_Byte  eeprom.o
    0x0800a4ce   0x0800a4ce   0x00000002   PAD
    0x0800a4d0   0x0800a4d0   0x00000198   Code   RO          816    i.WriteEEPROM_ByteData_Circle  eeprom.o
    0x0800a668   0x0800a668   0x00000054   Code   RO          817    i.WriteEEPROM_Word_NoZone  eeprom.o
    0x0800a6bc   0x0800a6bc   0x0000009c   Code   RO         1599    i.WriteProID        productionid.o
    0x0800a758   0x0800a758   0x0000007c   Code   RO         1600    i.WriteProID_Default  productionid.o
    0x0800a7d4   0x0800a7d4   0x0000002e   Code   RO         6981    i.__ARM_clz         mf_p.l(depilogue.o)
    0x0800a802   0x0800a802   0x0000001a   Code   RO          614    i.__ARM_common_switch8  cell_balance.o
    0x0800a81c   0x0800a81c   0x0000003c   Code   RO         2414    i.__delay_ms        system_init.o
    0x0800a858   0x0800a858   0x00000038   Code   RO         2415    i.__delay_us        system_init.o
    0x0800a890   0x0800a890   0x0000000e   Code   RO         6987    i.__scatterload_copy  mc_p.l(handlers.o)
    0x0800a89e   0x0800a89e   0x00000002   Code   RO         6988    i.__scatterload_null  mc_p.l(handlers.o)
    0x0800a8a0   0x0800a8a0   0x0000000e   Code   RO         6989    i.__scatterload_zeroinit  mc_p.l(handlers.o)
    0x0800a8ae   0x0800a8ae   0x00000028   Code   RO         6844    i.bsp_ReadCpuFlash  bsp_cpu_flash.o
    0x0800a8d6   0x0800a8d6   0x0000003a   Code   RO         6845    i.bsp_WriteCpuFlash  bsp_cpu_flash.o
    0x0800a910   0x0800a910   0x0000006c   Code   RO         3060    i.lk8625_SendAT     lk8625.o
    0x0800a97c   0x0800a97c   0x00000058   Code   RO         3061    i.lk8625_init       lk8625.o
    0x0800a9d4   0x0800a9d4   0x0000004e   Code   RO         1521    i.main              main.o
    0x0800aa22   0x0800aa22   0x00000002   PAD
    0x0800aa24   0x0800aa24   0x00000020   Code   RO         1656    i.toggleLed         pubfunc.o
    0x0800aa44   0x0800aa44   0x00000070   Data   RO          351    .constdata          adc.o
    0x0800aab4   0x0800aab4   0x00000494   Data   RO          818    .constdata          eeprom.o
    0x0800af48   0x0800af48   0x00000004   Data   RO         1259    .constdata          i2c_afe1.o
    0x0800af4c   0x0800af4c   0x00000004   Data   RO         1260    .constdata          i2c_afe1.o
    0x0800af50   0x0800af50   0x00000070   Data   RO         1267    .constdata          i2c_afe1.o
    0x0800afc0   0x0800afc0   0x00000100   Data   RO         1522    .constdata          main.o
    0x0800b0c0   0x0800b0c0   0x000000f4   Data   RO         1854    .constdata          sci_upper.o
    0x0800b1b4   0x0800b1b4   0x000000fc   Data   RO         2612    .constdata          socenhance.o
    0x0800b2b0   0x0800b2b0   0x00000028   Data   RO         3029    .constdata          shortfunc.o
    0x0800b2d8   0x0800b2d8   0x000000f8   Data   RO         6887    .constdata          param.o
    0x0800b3d0   0x0800b3d0   0x00000020   Data   RO         6985    Region$$Table       anon$$obj.o


    Execution Region RW_IRAM1 (Exec base: 0x200000c0, Load base: 0x0800b3f0, Size: 0x00001ac8, Max: 0x00001f40, ABSOLUTE, COMPRESSED[0x00000044])

    Exec Addr    Load Addr    Size         Type   Attr      Idx    E Section Name        Object

    0x200000c0   COMPRESSED   0x00000014   Data   RW          300    .data               system_stm32f0xx.o
    0x200000d4   COMPRESSED   0x00000006   Data   RW          352    .data               adc.o
    0x200000da   COMPRESSED   0x00000012   Data   RW          557    .data               cell_balance.o
    0x200000ec   COMPRESSED   0x00000006   Data   RW          642    .data               chargerloadfunc.o
    0x200000f2   COMPRESSED   0x00000002   PAD
    0x200000f4   COMPRESSED   0x00000014   Data   RW          725    .data               datadeal.o
    0x20000108   COMPRESSED   0x0000001c   Data   RW          820    .data               eeprom.o
    0x20000124   COMPRESSED   0x00000002   Data   RW          972    .data               fault.o
    0x20000126   COMPRESSED   0x00000002   Data   RW          973    .data               fault.o
    0x20000128   COMPRESSED   0x00000002   Data   RW          974    .data               fault.o
    0x2000012a   COMPRESSED   0x0000003c   Data   RW          975    .data               fault.o
    0x20000166   COMPRESSED   0x00000002   Data   RW          976    .data               fault.o
    0x20000168   COMPRESSED   0x00000001   Data   RW          979    .data               fault.o
    0x20000169   COMPRESSED   0x00000001   PAD
    0x2000016a   COMPRESSED   0x00000008   Data   RW         1202    .data               heat_cool.o
    0x20000172   COMPRESSED   0x00000002   PAD
    0x20000174   COMPRESSED   0x00000004   Data   RW         1268    .data               i2c_afe1.o
    0x20000178   COMPRESSED   0x00000004   Data   RW         1382    .data               io_control.o
    0x2000017c   COMPRESSED   0x00000008   Data   RW         1451    .data               logrecord.o
    0x20000184   COMPRESSED   0x00000001   Data   RW         1523    .data               main.o
    0x20000185   COMPRESSED   0x00000001   Data   RW         1602    .data               productionid.o
    0x20000186   COMPRESSED   0x00000003   Data   RW         1657    .data               pubfunc.o
    0x20000189   COMPRESSED   0x00000009   Data   RW         1740    .data               rtc.o
    0x20000192   COMPRESSED   0x00000002   PAD
    0x20000194   COMPRESSED   0x00000014   Data   RW         1855    .data               sci_upper.o
    0x200001a8   COMPRESSED   0x00000050   Data   RW         2156    .data               sleepdeal.o
    0x200001f8   COMPRESSED   0x00000016   Data   RW         2416    .data               system_init.o
    0x2000020e   COMPRESSED   0x00000004   Data   RW         2417    .data               system_init.o
    0x20000212   COMPRESSED   0x00000002   PAD
    0x20000214   COMPRESSED   0x00000014   Data   RW         2487    .data               system_monitor.o
    0x20000228   COMPRESSED   0x00000006   Data   RW         2543    .data               bq769x0_func.o
    0x2000022e   COMPRESSED   0x00000022   Data   RW         2613    .data               socenhance.o
    0x20000250   COMPRESSED   0x000000e4   Data   RW         2766    .data               iodrivers_030.o
    0x20000334   COMPRESSED   0x00000010   Data   RW         4916    .data               stm32f0xx_rcc.o
    0x20000344        -       0x00000018   Zero   RW          350    .bss                adc.o
    0x2000035c        -       0x00000020   Zero   RW          556    .bss                cell_balance.o
    0x2000037c        -       0x000000bc   Zero   RW          721    .bss                datadeal.o
    0x20000438        -       0x00000020   Zero   RW          722    .bss                datadeal.o
    0x20000458        -       0x00000020   Zero   RW          723    .bss                datadeal.o
    0x20000478        -       0x00000040   Zero   RW          724    .bss                datadeal.o
    0x200004b8        -       0x000000be   Zero   RW          967    .bss                fault.o
    0x20000576        -       0x00000014   Zero   RW          970    .bss                fault.o
    0x2000058a        -       0x00000078   Zero   RW          971    .bss                fault.o
    0x20000602        -       0x00000030   Zero   RW         1199    .bss                heat_cool.o
    0x20000632   COMPRESSED   0x00000002   PAD
    0x20000634        -       0x000000ea   Zero   RW         1258    .bss                i2c_afe1.o
    0x2000071e        -       0x000000dd   Zero   RW         1450    .bss                logrecord.o
    0x200007fb   COMPRESSED   0x00000001   PAD
    0x200007fc        -       0x00000070   Zero   RW         1601    .bss                productionid.o
    0x2000086c        -       0x00000034   Zero   RW         1739    .bss                rtc.o
    0x200008a0        -       0x00000386   Zero   RW         1853    .bss                sci_upper.o
    0x20000c26        -       0x00000054   Zero   RW         2356    .bss                soc.o
    0x20000c7a        -       0x00000018   Zero   RW         2486    .bss                system_monitor.o
    0x20000c92   COMPRESSED   0x00000002   PAD
    0x20000c94        -       0x0000010c   Zero   RW         2611    .bss                socenhance.o
    0x20000da0        -       0x0000003c   Zero   RW         2765    .bss                iodrivers_030.o
    0x20000ddc        -       0x0000001e   Zero   RW         3062    .bss                lk8625.o
    0x20000dfa   COMPRESSED   0x00000006   PAD
    0x20000e00        -       0x00000090   Zero   RW         6664    .bss                conf.o
    0x20000e90        -       0x000000f8   Zero   RW         6886    .bss                param.o
    0x20000f88        -       0x00000c00   Zero   RW            1    STACK               startup_stm32f0xx.o



  Load Region LR$$.ARM.__AT_0x20000000 (Base: 0x20000000, Size: 0x00000000, Max: 0x000000c0, ABSOLUTE)

    Execution Region ER$$.ARM.__AT_0x20000000 (Exec base: 0x20000000, Load base: 0x20000000, Size: 0x000000c0, Max: 0x000000c0, ABSOLUTE, UNINIT)

    Exec Addr    Load Addr    Size         Type   Attr      Idx    E Section Name        Object

    0x20000000        -       0x000000c0   Zero   RW         1152    .ARM.__AT_0x20000000  flash.o


==============================================================================

Image component sizes


      Code (inc. data)   RO Data    RW Data    ZI Data      Debug   Object Name

       580         72        112          6         24     207185   adc.o
       516         50          0          6          0       2388   bq769x0_func.o
         0          0          0          0          0      11969   bsp.o
        98          0          0          0          0       1771   bsp_cpu_flash.o
      1194        146          0         18         32       7621   cell_balance.o
       344         32          0          6          0       3522   chargerloadfunc.o
         0          0          0          0        144       2007   conf.o
      1228        162          0         20        316      10142   datadeal.o
      2160        184       1172         28          0      12308   eeprom.o
      4416        506          0         69        330      24421   fault.o
       148         22          0          0        192       8116   flash.o
       542         32          0          8         48       3822   heat_cool.o
      1600         90        120          4        234      12124   i2c_afe1.o
       536         80          0          4          0       2922   io_control.o
       726         18          0        228         60      23324   iodrivers_030.o
       196         20          0          0         30       1672   lk8625.o
       976         82          0          8        221       6378   logrecord.o
       296         24        256          1          0       2919   main.o
       156         44        248          0        248       1987   param.o
       436         58          0          1        112       3005   productionid.o
       662         26          0          3          0       6297   pubfunc.o
       488         38          0          9         52       4781   rtc.o
      6088        690        244         20        902      43050   sci_upper.o
       234         14         40          0          0       1766   shortfunc.o
      1866        194          0         80          0      14242   sleepdeal.o
       288         64          0          0         84       2299   soc.o
      2434        136        252         34        268      14600   socenhance.o
        28          8        192          0       3072        608   startup_stm32f0xx.o
       260         10          0          0          0       6615   stm32f0xx_adc.o
       302         20          0          0          0       4075   stm32f0xx_dma.o
       140         16          0          0          0       2204   stm32f0xx_exti.o
       242         38          0          0          0       4503   stm32f0xx_flash.o
       178          0          0          0          0       4011   stm32f0xx_gpio.o
       200         12          0          0          0       5144   stm32f0xx_i2c.o
       310         56          0          0          0     106723   stm32f0xx_it.o
        68         34          0          0          0       2330   stm32f0xx_iwdg.o
        80         10          0          0          0       1044   stm32f0xx_misc.o
        84         12          0          0          0       1106   stm32f0xx_pwr.o
       628         82          0         16          0       6843   stm32f0xx_rcc.o
       924         64          0          0          0       9242   stm32f0xx_rtc.o
        60         12          0          0          0       1147   stm32f0xx_syscfg.o
       198         28          0          0          0       4991   stm32f0xx_tim.o
       286         20          0          0          0       3830   stm32f0xx_usart.o
      1108        112          0         26          0       7791   system_init.o
       800         98          0         20         24       9309   system_monitor.o
       312         48          0         20          0       2329   system_stm32f0xx.o

    ----------------------------------------------------------------------
     34462       3464       2668        644       6404     620483   Object Totals
         0          0         32          0          0          0   (incl. Generated)
        46          0          0          9         11          0   (incl. Padding)

    ----------------------------------------------------------------------

      Code (inc. data)   RO Data    RW Data    ZI Data      Debug   Library Member Name

        86          0          0          0          0          0   __dczerorl2.o
         0          0          0          0          0          0   entry.o
         0          0          0          0          0          0   entry10a.o
         0          0          0          0          0          0   entry11a.o
         4          0          0          0          0          0   entry12b.o
         8          4          0          0          0          0   entry2.o
         4          0          0          0          0          0   entry5.o
         0          0          0          0          0          0   entry7b.o
         0          0          0          0          0          0   entry8b.o
         8          4          0          0          0          0   entry9a.o
        30          0          0          0          0          0   handlers.o
        40          0          0          0          0         72   idiv.o
        36          8          0          0          0         68   init.o
         0          0          0          0          0          0   iusefp.o
        32          0          0          0          0         68   llshl.o
        38          0          0          0          0         68   llsshr.o
        34          0          0          0          0         68   llushr.o
        26          0          0          0          0         72   memcmp.o
        36          0          0          0          0         60   memcpya.o
        36          0          0          0          0        100   memseta.o
        14          0          0          0          0         60   strlen.o
        44          0          0          0          0         72   uidiv.o
        56          0          0          0          0         68   d2f.o
       360          6          0          0          0        140   dadd.o
       240          6          0          0          0         84   ddiv.o
       236          0          0          0          0        216   depilogue.o
        60         10          0          0          0         68   dfixui.o
        28          4          0          0          0         68   dfltui.o
        40          0          0          0          0         60   f2d.o
       124          0          0          0          0         72   fdiv.o
       130          0          0          0          0        144   fepilogue.o
        14          0          0          0          0         68   ffltui.o

    ----------------------------------------------------------------------
      1766         42          0          0          0       1696   Library Totals
         2          0          0          0          0          0   (incl. Padding)

    ----------------------------------------------------------------------

      Code (inc. data)   RO Data    RW Data    ZI Data      Debug   Library Name

       476         16          0          0          0        708   mc_p.l
      1288         26          0          0          0        988   mf_p.l

    ----------------------------------------------------------------------
      1766         42          0          0          0       1696   Library Totals

    ----------------------------------------------------------------------

==============================================================================


      Code (inc. data)   RO Data    RW Data    ZI Data      Debug   

     36228       3506       2668        644       6404     607091   Grand Totals
     36228       3506       2668         68       6404     607091   ELF Image Totals (compressed)
     36228       3506       2668         68          0          0   ROM Totals

==============================================================================

    Total RO  Size (Code + RO Data)                38896 (  37.98kB)
    Total RW  Size (RW Data + ZI Data)              7048 (   6.88kB)
    Total ROM Size (Code + RO Data + RW Data)      38964 (  38.05kB)

==============================================================================

