Component: ARM Compiler 5.06 update 7 (build 960) Tool: armlink [4d3601]

==============================================================================

Section Cross References

    startup_stm32f0xx.o(RESET) refers to startup_stm32f0xx.o(STACK) for __initial_sp
    startup_stm32f0xx.o(RESET) refers to startup_stm32f0xx.o(.text) for Reset_Handler
    startup_stm32f0xx.o(RESET) refers to stm32f0xx_it.o(i.NMI_Handler) for NMI_Handler
    startup_stm32f0xx.o(RESET) refers to stm32f0xx_it.o(i.HardFault_Handler) for HardFault_Handler
    startup_stm32f0xx.o(RESET) refers to stm32f0xx_it.o(i.SVC_Handler) for SVC_Handler
    startup_stm32f0xx.o(RESET) refers to stm32f0xx_it.o(i.PendSV_Handler) for PendSV_Handler
    startup_stm32f0xx.o(RESET) refers to stm32f0xx_it.o(i.SysTick_Handler) for SysTick_Handler
    startup_stm32f0xx.o(RESET) refers to rtc.o(i.RTC_IRQHandler) for RTC_IRQHandler
    startup_stm32f0xx.o(RESET) refers to stm32f0xx_it.o(i.EXTI0_1_IRQHandler) for EXTI0_1_IRQHandler
    startup_stm32f0xx.o(RESET) refers to stm32f0xx_it.o(i.EXTI2_3_IRQHandler) for EXTI2_3_IRQHandler
    startup_stm32f0xx.o(RESET) refers to stm32f0xx_it.o(i.EXTI4_15_IRQHandler) for EXTI4_15_IRQHandler
    startup_stm32f0xx.o(RESET) refers to system_init.o(i.TIM17_IRQHandler) for TIM17_IRQHandler
    startup_stm32f0xx.o(RESET) refers to stm32f0xx_it.o(i.USART1_IRQHandler) for USART1_IRQHandler
    startup_stm32f0xx.o(RESET) refers to stm32f0xx_it.o(i.USART2_IRQHandler) for USART2_IRQHandler
    startup_stm32f0xx.o(.text) refers to system_stm32f0xx.o(i.SystemInit) for SystemInit
    startup_stm32f0xx.o(.text) refers to entry.o(.ARM.Collect$$$$00000000) for __main
    stm32f0xx_it.o(i.EXTI0_1_IRQHandler) refers to stm32f0xx_exti.o(i.EXTI_GetITStatus) for EXTI_GetITStatus
    stm32f0xx_it.o(i.EXTI0_1_IRQHandler) refers to stm32f0xx_exti.o(i.EXTI_ClearITPendingBit) for EXTI_ClearITPendingBit
    stm32f0xx_it.o(i.EXTI0_1_IRQHandler) refers to chargerloadfunc.o(.data) for ChargerLoad_Func
    stm32f0xx_it.o(i.EXTI2_3_IRQHandler) refers to stm32f0xx_exti.o(i.EXTI_GetITStatus) for EXTI_GetITStatus
    stm32f0xx_it.o(i.EXTI2_3_IRQHandler) refers to stm32f0xx_exti.o(i.EXTI_ClearITPendingBit) for EXTI_ClearITPendingBit
    stm32f0xx_it.o(i.EXTI4_15_IRQHandler) refers to stm32f0xx_exti.o(i.EXTI_GetITStatus) for EXTI_GetITStatus
    stm32f0xx_it.o(i.EXTI4_15_IRQHandler) refers to stm32f0xx_exti.o(i.EXTI_ClearITPendingBit) for EXTI_ClearITPendingBit
    stm32f0xx_it.o(i.USART1_IRQHandler) refers to stm32f0xx_usart.o(i.USART_GetITStatus) for USART_GetITStatus
    stm32f0xx_it.o(i.USART1_IRQHandler) refers to sci_upper.o(i.Sci1_CommonUpper_FaultChk) for Sci1_CommonUpper_FaultChk
    stm32f0xx_it.o(i.USART1_IRQHandler) refers to sci_upper.o(i.Sci1_CommonUpper_Rx_Deal) for Sci1_CommonUpper_Rx_Deal
    stm32f0xx_it.o(i.USART1_IRQHandler) refers to sleepdeal.o(.data) for RTC_ExtComCnt
    stm32f0xx_it.o(i.USART1_IRQHandler) refers to sci_upper.o(.bss) for g_stCurrentMsgPtr_SCI1
    stm32f0xx_it.o(i.USART2_IRQHandler) refers to stm32f0xx_usart.o(i.USART_GetITStatus) for USART_GetITStatus
    stm32f0xx_it.o(i.USART2_IRQHandler) refers to sci_upper.o(i.Sci2_CommonUpper_FaultChk) for Sci2_CommonUpper_FaultChk
    stm32f0xx_it.o(i.USART2_IRQHandler) refers to sci_upper.o(i.Sci2_CommonUpper_Rx_Deal) for Sci2_CommonUpper_Rx_Deal
    stm32f0xx_it.o(i.USART2_IRQHandler) refers to sleepdeal.o(.data) for RTC_ExtComCnt
    stm32f0xx_it.o(i.USART2_IRQHandler) refers to sci_upper.o(.bss) for g_stCurrentMsgPtr_SCI2
    system_stm32f0xx.o(i.SetSysClock) refers to system_stm32f0xx.o(.data) for .data
    system_stm32f0xx.o(i.SystemCoreClockUpdate) refers to uidiv.o(.text) for __aeabi_uidivmod
    system_stm32f0xx.o(i.SystemCoreClockUpdate) refers to system_stm32f0xx.o(.data) for .data
    system_stm32f0xx.o(i.SystemInit) refers to system_stm32f0xx.o(i.SetSysClock) for SetSysClock
    system_stm32f0xx.o(i.SystemInit) refers to system_stm32f0xx.o(i.SystemCoreClockUpdate) for SystemCoreClockUpdate
    adc.o(i.ADC_TTC) refers to pubfunc.o(i.GetEndValue) for GetEndValue
    adc.o(i.ADC_TTC) refers to adc.o(.data) for .data
    adc.o(i.ADC_TTC) refers to adc.o(.constdata) for .constdata
    adc.o(i.ADC_TTC) refers to adc.o(.bss) for .bss
    adc.o(i.App_AnlogCal) refers to system_monitor.o(i.System_FUNC_StartUp) for System_FUNC_StartUp
    adc.o(i.App_AnlogCal) refers to adc.o(i.ADC_TTC) for ADC_TTC
    adc.o(i.App_AnlogCal) refers to system_init.o(.data) for g_st_SysTimeFlag
    adc.o(i.InitADC) refers to adc.o(i.InitADC_GPIO) for InitADC_GPIO
    adc.o(i.InitADC) refers to adc.o(i.InitADC_TIMER) for InitADC_TIMER
    adc.o(i.InitADC) refers to adc.o(i.InitADC_DMA) for InitADC_DMA
    adc.o(i.InitADC) refers to adc.o(i.InitADC_ADC1) for InitADC_ADC1
    adc.o(i.InitADC) refers to adc.o(.data) for .data
    adc.o(i.InitADC) refers to adc.o(.bss) for .bss
    adc.o(i.InitADC_ADC1) refers to stm32f0xx_rcc.o(i.RCC_APB2PeriphClockCmd) for RCC_APB2PeriphClockCmd
[...]
    I2CReadRegisterByteWithCRC               0x0800583d   Thumb Code    94  i2c_afe1.o(i.I2CReadRegisterByteWithCRC)
    I2CSendBytes                             0x0800589d   Thumb Code   204  i2c_afe1.o(i.I2CSendBytes)
    I2CWriteBlockWithCRC                     0x08005971   Thumb Code    96  i2c_afe1.o(i.I2CWriteBlockWithCRC)
    I2CWriteRegisterByteWithCRC              0x080059d5   Thumb Code    46  i2c_afe1.o(i.I2CWriteRegisterByteWithCRC)
    I2C_ClearFlag                            0x08005a03   Thumb Code     4  stm32f0xx_i2c.o(i.I2C_ClearFlag)
    I2C_Cmd                                  0x08005a07   Thumb Code    20  stm32f0xx_i2c.o(i.I2C_Cmd)
    I2C_GenerateSTOP                         0x08005a1b   Thumb Code    20  stm32f0xx_i2c.o(i.I2C_GenerateSTOP)
    I2C_GetFlagStatus                        0x08005a2f   Thumb Code    14  stm32f0xx_i2c.o(i.I2C_GetFlagStatus)
    I2C_Init                                 0x08005a3d   Thumb Code    92  stm32f0xx_i2c.o(i.I2C_Init)
    I2C_ReceiveData                          0x08005aa1   Thumb Code     6  stm32f0xx_i2c.o(i.I2C_ReceiveData)
    I2C_SendData                             0x08005aa7   Thumb Code     4  stm32f0xx_i2c.o(i.I2C_SendData)
    I2C_TransferHandling                     0x08005aad   Thumb Code    28  stm32f0xx_i2c.o(i.I2C_TransferHandling)
    IIC_Ack_SEE                              0x08005acd   Thumb Code    60  eeprom.o(i.IIC_Ack_SEE)
    IIC_NAck_SEE                             0x08005b0d   Thumb Code    60  eeprom.o(i.IIC_NAck_SEE)
    IIC_Read_Byte_SEE                        0x08005b4d   Thumb Code    90  eeprom.o(i.IIC_Read_Byte_SEE)
    IIC_Send_Byte_SEE                        0x08005bad   Thumb Code    98  eeprom.o(i.IIC_Send_Byte_SEE)
    IIC_Start_SEE                            0x08005c15   Thumb Code    62  eeprom.o(i.IIC_Start_SEE)
    IIC_Stop_SEE                             0x08005c59   Thumb Code    68  eeprom.o(i.IIC_Stop_SEE)
    IIC_Wait_Ack_SEE                         0x08005ca1   Thumb Code    74  eeprom.o(i.IIC_Wait_Ack_SEE)
    IOstatus_Base                            0x08005cf1   Thumb Code    78  sleepdeal.o(i.IOstatus_Base)
    IWDG_Enable                              0x08005d51   Thumb Code     8  stm32f0xx_iwdg.o(i.IWDG_Enable)
    IWDG_ReloadCounter                       0x08005d61   Thumb Code     8  stm32f0xx_iwdg.o(i.IWDG_ReloadCounter)
    IWDG_SetPrescaler                        0x08005d71   Thumb Code     6  stm32f0xx_iwdg.o(i.IWDG_SetPrescaler)
    IWDG_SetReload                           0x08005d7d   Thumb Code     6  stm32f0xx_iwdg.o(i.IWDG_SetReload)
    IWDG_WriteAccessCmd                      0x08005d89   Thumb Code     6  stm32f0xx_iwdg.o(i.IWDG_WriteAccessCmd)
    InitADC                                  0x08005d95   Thumb Code    50  adc.o(i.InitADC)
    InitADC_ADC1                             0x08005dd1   Thumb Code   128  adc.o(i.InitADC_ADC1)
    InitADC_DMA                              0x08005e59   Thumb Code    86  adc.o(i.InitADC_DMA)
    InitADC_GPIO                             0x08005ebd   Thumb Code    54  adc.o(i.InitADC_GPIO)
    InitADC_TIMER                            0x08005ef9   Thumb Code    62  adc.o(i.InitADC_TIMER)
    InitAFE1                                 0x08005f45   Thumb Code   126  i2c_afe1.o(i.InitAFE1)
    InitData_Drivers                         0x08005fd1   Thumb Code    32  io_control.o(i.InitData_Drivers)
    InitData_E2prom                          0x08005ffd   Thumb Code   106  eeprom.o(i.InitData_E2prom)
    InitData_SOC                             0x08006079   Thumb Code    82  soc.o(i.InitData_SOC)
    InitDelay                                0x080060e1   Thumb Code    62  system_init.o(i.InitDelay)
    InitDevice                               0x08006141   Thumb Code    80  main.o(i.InitDevice)
    InitE2PROM                               0x08006191   Thumb Code    70  eeprom.o(i.InitE2PROM)
    InitIO                                   0x080061dd   Thumb Code   254  system_init.o(i.InitIO)
    InitMosRelay_DOx                         0x080062e9   Thumb Code     8  io_control.o(i.InitMosRelay_DOx)
    InitProID                                0x080062f1   Thumb Code   106  productionid.o(i.InitProID)
    InitSCI1_CommonUpper                     0x08006365   Thumb Code   150  sci_upper.o(i.InitSCI1_CommonUpper)
    InitSCI2_CommonUpper                     0x08006409   Thumb Code   148  sci_upper.o(i.InitSCI2_CommonUpper)
    InitSOC_IntEnhance                       0x080064a9   Thumb Code   112  socenhance.o(i.InitSOC_IntEnhance)
    InitShortCur                             0x08006525   Thumb Code   190  shortfunc.o(i.InitShortCur)
    InitSystemMonitorData_EEPROM             0x080065f1   Thumb Code   302  system_monitor.o(i.InitSystemMonitorData_EEPROM)
    InitSystemWakeUp                         0x08006725   Thumb Code    14  main.o(i.InitSystemWakeUp)
    InitTimer                                0x08006735   Thumb Code    86  system_init.o(i.InitTimer)
    InitUSART_CommonUpper                    0x08006799   Thumb Code    12  sci_upper.o(i.InitUSART_CommonUpper)
    InitVar                                  0x080067a5   Thumb Code    56  main.o(i.InitVar)
    InitWakeUp_Base                          0x080067f1   Thumb Code   136  sleepdeal.o(i.InitWakeUp_Base)
    InitWakeUp_NormalMode                    0x0800687d   Thumb Code    76  sleepdeal.o(i.InitWakeUp_NormalMode)
    InitWakeUp_RTCMode                       0x080068cd   Thumb Code    16  sleepdeal.o(i.InitWakeUp_RTCMode)
    Init_ChargerLoad_Det                     0x080068dd   Thumb Code    14  chargerloadfunc.o(i.Init_ChargerLoad_Det)
    Init_Charger_AllSeries                   0x080068f1   Thumb Code    98  chargerloadfunc.o(i.Init_Charger_AllSeries)
    Init_IAPAPP                              0x08006959   Thumb Code    40  flash.o(i.Init_IAPAPP)
    Init_IWDG                                0x08006989   Thumb Code    38  system_init.o(i.Init_IWDG)
    Init_RTC                                 0x080069b5   Thumb Code    26  rtc.o(i.Init_RTC)
    Init_RTC_HaltWakeUp                      0x080069d5   Thumb Code    16  rtc.o(i.Init_RTC_HaltWakeUp)
    Init_Registers                           0x080069e5   Thumb Code    22  datadeal.o(i.Init_Registers)
    InitialisebqMaximo                       0x08006a01   Thumb Code   196  i2c_afe1.o(i.InitialisebqMaximo)
    IsSleepStartUp                           0x08006ad5   Thumb Code    84  sleepdeal.o(i.IsSleepStartUp)
    LedBar_Show_CHG                          0x08006b31   Thumb Code   176  ledbar.o(i.LedBar_Show_CHG)
    LedBar_Show_DSG                          0x08006bed   Thumb Code   140  ledbar.o(i.LedBar_Show_DSG)
    LedBar_Show_Fault                        0x08006c85   Thumb Code    64  ledbar.o(i.LedBar_Show_Fault)
    LedBar_Show_Normal                       0x08006cd1   Thumb Code   158  ledbar.o(i.LedBar_Show_Normal)
    LedBar_StartUp                           0x08006d81   Thumb Code    74  ledbar.o(i.LedBar_StartUp)
    LoadParam                                0x08006dd9   Thumb Code    94  param.o(i.LoadParam)
    LogEvent_EEPROM                          0x08006e59   Thumb Code    88  logrecord.o(i.LogEvent_EEPROM)
    LogEvent_Record                          0x08006ebd   Thumb Code   132  logrecord.o(i.LogEvent_Record)
    LogTime_Map                              0x08006f4d   Thumb Code    44  logrecord.o(i.LogTime_Map)
    MCU_GetResetType                         0x08006f7d   Thumb Code    66  pubfunc.o(i.MCU_GetResetType)
    MonitorAFE                               0x08006fc5   Thumb Code   286  datadeal.o(i.MonitorAFE)
    Monitor_TempBreak                        0x080070f1   Thumb Code    98  pubfunc.o(i.Monitor_TempBreak)
    MosCtrl_SameDoor_NoPreChg                0x08007159   Thumb Code   606  iodrivers_030.o(i.MosCtrl_SameDoor_NoPreChg)
    NMI_Handler                              0x080073c5   Thumb Code     2  stm32f0xx_it.o(i.NMI_Handler)
    NVIC_Init                                0x080073c9   Thumb Code    70  stm32f0xx_misc.o(i.NVIC_Init)
    PWR_BackupAccessCmd                      0x080076b9   Thumb Code    20  stm32f0xx_pwr.o(i.PWR_BackupAccessCmd)
    PWR_EnterSTOPMode                        0x080076d1   Thumb Code    52  stm32f0xx_pwr.o(i.PWR_EnterSTOPMode)
    PendSV_Handler                           0x0800770d   Thumb Code     2  stm32f0xx_it.o(i.PendSV_Handler)
    RCC_AHBPeriphClockCmd                    0x08007711   Thumb Code    18  stm32f0xx_rcc.o(i.RCC_AHBPeriphClockCmd)
    RCC_APB1PeriphClockCmd                   0x08007729   Thumb Code    18  stm32f0xx_rcc.o(i.RCC_APB1PeriphClockCmd)
    RCC_APB2PeriphClockCmd                   0x08007741   Thumb Code    18  stm32f0xx_rcc.o(i.RCC_APB2PeriphClockCmd)
    RCC_APB2PeriphResetCmd                   0x08007759   Thumb Code    18  stm32f0xx_rcc.o(i.RCC_APB2PeriphResetCmd)
    RCC_GetClocksFreq                        0x08007771   Thumb Code   346  stm32f0xx_rcc.o(i.RCC_GetClocksFreq)
    RCC_GetFlagStatus                        0x080078e9   Thumb Code    48  stm32f0xx_rcc.o(i.RCC_GetFlagStatus)
    RCC_LSEConfig                            0x0800791d   Thumb Code    26  stm32f0xx_rcc.o(i.RCC_LSEConfig)
    RCC_LSICmd                               0x0800793d   Thumb Code    22  stm32f0xx_rcc.o(i.RCC_LSICmd)
    RCC_RTCCLKCmd                            0x08007959   Thumb Code    22  stm32f0xx_rcc.o(i.RCC_RTCCLKCmd)
    RCC_RTCCLKConfig                         0x08007975   Thumb Code    10  stm32f0xx_rcc.o(i.RCC_RTCCLKConfig)
    RTC_AlarmCmd                             0x08007985   Thumb Code    74  stm32f0xx_rtc.o(i.RTC_AlarmCmd)
    RTC_AlarmConfig                          0x080079d5   Thumb Code   118  rtc.o(i.RTC_AlarmConfig)
    RTC_ClearITPendingBit                    0x08007a79   Thumb Code    22  stm32f0xx_rtc.o(i.RTC_ClearITPendingBit)
    RTC_ClockConfig                          0x08007a95   Thumb Code   172  rtc.o(i.RTC_ClockConfig)
    RTC_EnterInitMode                        0x08007b49   Thumb Code    56  stm32f0xx_rtc.o(i.RTC_EnterInitMode)
    RTC_ExitInitMode                         0x08007b85   Thumb Code    12  stm32f0xx_rtc.o(i.RTC_ExitInitMode)
    RTC_GetITStatus                          0x08007b95   Thumb Code    54  stm32f0xx_rtc.o(i.RTC_GetITStatus)
    RTC_IRQHandler                           0x08007bd1   Thumb Code    52  rtc.o(i.RTC_IRQHandler)
    RTC_ITConfig                             0x08007c0d   Thumb Code    56  stm32f0xx_rtc.o(i.RTC_ITConfig)
    RTC_Init                                 0x08007c49   Thumb Code    68  stm32f0xx_rtc.o(i.RTC_Init)
    RTC_SetAlarm                             0x08007c91   Thumb Code   130  stm32f0xx_rtc.o(i.RTC_SetAlarm)
    RTC_SetDate                              0x08007d19   Thumb Code   138  stm32f0xx_rtc.o(i.RTC_SetDate)
    RTC_SetTime                              0x08007dad   Thumb Code   136  stm32f0xx_rtc.o(i.RTC_SetTime)
    RTC_TimeConfig                           0x08007e3d   Thumb Code    66  rtc.o(i.RTC_TimeConfig)
    RTC_WaitForSynchro                       0x08007e89   Thumb Code    74  stm32f0xx_rtc.o(i.RTC_WaitForSynchro)
    ReadEEPROM_Byte                          0x08007ed9   Thumb Code   102  eeprom.o(i.ReadEEPROM_Byte)
    ReadEEPROM_ByteData_StartUp              0x08007f41   Thumb Code   362  eeprom.o(i.ReadEEPROM_ByteData_StartUp)
    ReadEEPROM_EventRecord_Parameters        0x080080d9   Thumb Code   108  logrecord.o(i.ReadEEPROM_EventRecord_Parameters)
    ReadEEPROM_Word_NoZone                   0x08008151   Thumb Code    24  eeprom.o(i.ReadEEPROM_Word_NoZone)
    RefreshData_Drivers                      0x08008169   Thumb Code   272  io_control.o(i.RefreshData_Drivers)
    RefreshData_SOC                          0x08008299   Thumb Code    22  soc.o(i.RefreshData_SOC)
    SOC_Cont_AH_Int_CHG                      0x08008331   Thumb Code   156  socenhance.o(i.SOC_Cont_AH_Int_CHG)
    SOC_Cont_AH_Int_DSG                      0x080083d5   Thumb Code   176  socenhance.o(i.SOC_Cont_AH_Int_DSG)
    SOC_EEPROM_Deal_Monitor                  0x0800848d   Thumb Code   172  socenhance.o(i.SOC_EEPROM_Deal_Monitor)
    SOC_IntEnhance_Ctrl                      0x0800856d   Thumb Code    72  socenhance.o(i.SOC_IntEnhance_Ctrl)
    SOC_RefreshData_Monitor                  0x08008745   Thumb Code    62  socenhance.o(i.SOC_RefreshData_Monitor)
    SOC_Result_Pass                          0x08008791   Thumb Code   216  socenhance.o(i.SOC_Result_Pass)
    SOC_State_Transfer                       0x0800891d   Thumb Code   106  socenhance.o(i.SOC_State_Transfer)
    SOC_Update_StartUp                       0x080089c1   Thumb Code   448  socenhance.o(i.SOC_Update_StartUp)
    SVC_Handler                              0x08008b95   Thumb Code     2  stm32f0xx_it.o(i.SVC_Handler)
    SYSCFG_EXTILineConfig                    0x08008b99   Thumb Code    34  stm32f0xx_syscfg.o(i.SYSCFG_EXTILineConfig)
    SYSCFG_MemoryRemapConfig                 0x08008bc1   Thumb Code    14  stm32f0xx_syscfg.o(i.SYSCFG_MemoryRemapConfig)
    SaveParam                                0x08008bd5   Thumb Code    18  param.o(i.SaveParam)
    Sci1_CommonUpper_FaultChk                0x08008bf1   Thumb Code    86  sci_upper.o(i.Sci1_CommonUpper_FaultChk)
    Sci1_CommonUpper_Rx_Deal                 0x08008c51   Thumb Code   186  sci_upper.o(i.Sci1_CommonUpper_Rx_Deal)
    Sci1_CommonUpper_Tx_Deal                 0x08008d11   Thumb Code   132  sci_upper.o(i.Sci1_CommonUpper_Tx_Deal)
    Sci2_CommonUpper_FaultChk                0x08008da1   Thumb Code    86  sci_upper.o(i.Sci2_CommonUpper_FaultChk)
    Sci2_CommonUpper_Rx_Deal                 0x08008e01   Thumb Code   264  sci_upper.o(i.Sci2_CommonUpper_Rx_Deal)
    Sci2_CommonUpper_Tx_Deal                 0x08008f11   Thumb Code   132  sci_upper.o(i.Sci2_CommonUpper_Tx_Deal)
    Sci_ACK_0x03                             0x08008fa1   Thumb Code   226  sci_upper.o(i.Sci_ACK_0x03)
    Sci_ACK_0x03_RW_Data_Cali                0x08009089   Thumb Code    54  sci_upper.o(i.Sci_ACK_0x03_RW_Data_Cali)
    Sci_ACK_0x03_RW_Data_Other               0x080090c9   Thumb Code   154  sci_upper.o(i.Sci_ACK_0x03_RW_Data_Other)
    Sci_ACK_0x03_RW_Data_OtherCanAdd         0x0800917d   Thumb Code    66  sci_upper.o(i.Sci_ACK_0x03_RW_Data_OtherCanAdd)
    Sci_ACK_0x03_RW_Data_Pro                 0x080091c9   Thumb Code    36  sci_upper.o(i.Sci_ACK_0x03_RW_Data_Pro)
    Sci_ACK_0x03_ReadRegs_Data               0x080091f1   Thumb Code   568  sci_upper.o(i.Sci_ACK_0x03_ReadRegs_Data)
    Sci_ACK_0x03_ReadRegs_EventRecord        0x08009451   Thumb Code    56  logrecord.o(i.Sci_ACK_0x03_ReadRegs_EventRecord)
    Sci_ACK_0x03_ReadRegs_LCD                0x08009491   Thumb Code   290  sci_upper.o(i.Sci_ACK_0x03_ReadRegs_LCD)
    Sci_ACK_0x06_0x10                        0x080095cd   Thumb Code    68  sci_upper.o(i.Sci_ACK_0x06_0x10)
    Sci_CRC16RTU                             0x08009611   Thumb Code    44  pubfunc.o(i.Sci_CRC16RTU)
    Sci_DataInit                             0x08009645   Thumb Code    60  sci_upper.o(i.Sci_DataInit)
    Sci_Deal_ReadRegs_0x03                   0x08009685   Thumb Code   108  sci_upper.o(i.Sci_Deal_ReadRegs_0x03)
    Sci_Deal_WrReg_0x06                      0x080096f5   Thumb Code   128  sci_upper.o(i.Sci_Deal_WrReg_0x06)
    Sci_Deal_WrRegs_0x10                     0x0800977d   Thumb Code   364  sci_upper.o(i.Sci_Deal_WrRegs_0x10)
    Sci_WrReg_0x06_BMS_FunctionOFF           0x08009929   Thumb Code    66  sci_upper.o(i.Sci_WrReg_0x06_BMS_FunctionOFF)
    Sci_WrReg_0x06_BMS_FunctionON            0x08009975   Thumb Code   226  sci_upper.o(i.Sci_WrReg_0x06_BMS_FunctionON)
    Sci_WrReg_0x06_Reset_CalibCoef           0x08009a71   Thumb Code   252  sci_upper.o(i.Sci_WrReg_0x06_Reset_CalibCoef)
    Sci_WrReg_0x06_Reset_EventRecord         0x08009b79   Thumb Code    56  logrecord.o(i.Sci_WrReg_0x06_Reset_EventRecord)
    Sci_WrReg_0x06_Reset_HeatCool            0x08009bb9   Thumb Code    70  sci_upper.o(i.Sci_WrReg_0x06_Reset_HeatCool)
    Sci_WrReg_0x06_Reset_OtherCanAdd         0x08009c11   Thumb Code   122  sci_upper.o(i.Sci_WrReg_0x06_Reset_OtherCanAdd)
    Sci_WrReg_0x06_Reset_ProtectElement      0x08009ca9   Thumb Code    82  sci_upper.o(i.Sci_WrReg_0x06_Reset_ProtectElement)
    Sci_WrReg_0x06_Reset_ProtectRecord       0x08009d15   Thumb Code    78  sci_upper.o(i.Sci_WrReg_0x06_Reset_ProtectRecord)
    Sci_WrReg_0x06_SetSocOnce                0x08009d89   Thumb Code    32  sci_upper.o(i.Sci_WrReg_0x06_SetSocOnce)
    Sci_WrRegs_0x10_Balance                  0x08009dad   Thumb Code    72  sci_upper.o(i.Sci_WrRegs_0x10_Balance)
    Sci_WrRegs_0x10_CalibCoef                0x08009dfd   Thumb Code   126  sci_upper.o(i.Sci_WrRegs_0x10_CalibCoef)
    Sci_WrRegs_0x10_FlashConnect             0x08009e99   Thumb Code    46  sci_upper.o(i.Sci_WrRegs_0x10_FlashConnect)
    Sci_WrRegs_0x10_HeatCoolElement          0x08009ed1   Thumb Code    64  sci_upper.o(i.Sci_WrRegs_0x10_HeatCoolElement)
    Sci_WrRegs_0x10_Protect                  0x08009f1d   Thumb Code   104  sci_upper.o(i.Sci_WrRegs_0x10_Protect)
    Sci_WrRegs_0x10_SN_Version               0x08009f99   Thumb Code   166  sci_upper.o(i.Sci_WrRegs_0x10_SN_Version)
    Sci_WrRegs_0x10_SleepElement             0x0800a049   Thumb Code    72  sci_upper.o(i.Sci_WrRegs_0x10_SleepElement)
    Sci_WrRegs_0x10_SocElement               0x0800a09d   Thumb Code    78  sci_upper.o(i.Sci_WrRegs_0x10_SocElement)
    Sci_WrRegs_0x10_SysOther                 0x0800a0f9   Thumb Code    72  sci_upper.o(i.Sci_WrRegs_0x10_SysOther)
    Sci_WrRegs_0x10_SystemElement            0x0800a149   Thumb Code   100  sci_upper.o(i.Sci_WrRegs_0x10_SystemElement)
    SleepDeal_CBC                            0x0800a225   Thumb Code    66  sleepdeal.o(i.SleepDeal_CBC)
    SleepDeal_Continue                       0x0800a26d   Thumb Code   144  sleepdeal.o(i.SleepDeal_Continue)
    SleepDeal_Forced                         0x0800a305   Thumb Code    76  sleepdeal.o(i.SleepDeal_Forced)
    SleepDeal_Normal_L2                      0x0800a355   Thumb Code   210  sleepdeal.o(i.SleepDeal_Normal_L2)
    SleepDeal_Normal_L3                      0x0800a435   Thumb Code   188  sleepdeal.o(i.SleepDeal_Normal_L3)
    SleepDeal_Normal_Select                  0x0800a4fd   Thumb Code    92  sleepdeal.o(i.SleepDeal_Normal_Select)
    SleepDeal_OverCurrent                    0x0800a569   Thumb Code    66  sleepdeal.o(i.SleepDeal_OverCurrent)
    SleepDeal_Shift                          0x0800a5b1   Thumb Code    92  sleepdeal.o(i.SleepDeal_Shift)
    SleepDeal_Test                           0x0800a615   Thumb Code    40  sleepdeal.o(i.SleepDeal_Test)
    SleepDeal_VcellUVP                       0x0800a641   Thumb Code    64  sleepdeal.o(i.SleepDeal_VcellUVP)
    SysTick_Handler                          0x0800a685   Thumb Code     2  stm32f0xx_it.o(i.SysTick_Handler)
    Sys_StopMode                             0x0800a687   Thumb Code    12  sleepdeal.o(i.Sys_StopMode)
    SystemCoreClockUpdate                    0x0800a695   Thumb Code    90  system_stm32f0xx.o(i.SystemCoreClockUpdate)
    SystemInit                               0x0800a701   Thumb Code    88  system_stm32f0xx.o(i.SystemInit)
    SystemMonitorResetData_EEPROM            0x0800a765   Thumb Code    94  system_monitor.o(i.SystemMonitorResetData_EEPROM)
    System_ERROR_UserCallback                0x0800a7cd   Thumb Code   378  system_monitor.o(i.System_ERROR_UserCallback)
    System_FUNC_StartUp                      0x0800a94d   Thumb Code     4  system_monitor.o(i.System_FUNC_StartUp)
    TIM17_IRQHandler                         0x0800a951   Thumb Code    98  system_init.o(i.TIM17_IRQHandler)
    TIMEOUT_UserCallback                     0x0800a9c1   Thumb Code    12  i2c_afe1.o(i.TIMEOUT_UserCallback)
    TIM_ClearITPendingBit                    0x0800a9cd   Thumb Code     6  stm32f0xx_tim.o(i.TIM_ClearITPendingBit)
    TIM_Cmd                                  0x0800a9d3   Thumb Code    20  stm32f0xx_tim.o(i.TIM_Cmd)
    TIM_GetITStatus                          0x0800a9e7   Thumb Code    24  stm32f0xx_tim.o(i.TIM_GetITStatus)
    TIM_ITConfig                             0x0800a9ff   Thumb Code    16  stm32f0xx_tim.o(i.TIM_ITConfig)
    TIM_SelectOutputTrigger                  0x0800aa0f   Thumb Code    16  stm32f0xx_tim.o(i.TIM_SelectOutputTrigger)
    TIM_TimeBaseInit                         0x0800aa21   Thumb Code    88  stm32f0xx_tim.o(i.TIM_TimeBaseInit)
    USART1_IRQHandler                        0x0800aa95   Thumb Code    34  stm32f0xx_it.o(i.USART1_IRQHandler)
    USART2_IRQHandler                        0x0800aac9   Thumb Code    34  stm32f0xx_it.o(i.USART2_IRQHandler)
    USART_Cmd                                0x0800aafd   Thumb Code    20  stm32f0xx_usart.o(i.USART_Cmd)
    USART_GetITStatus                        0x0800ab11   Thumb Code    56  stm32f0xx_usart.o(i.USART_GetITStatus)
    USART_ITConfig                           0x0800ab49   Thumb Code    42  stm32f0xx_usart.o(i.USART_ITConfig)
    USART_Init                               0x0800ab75   Thumb Code   148  stm32f0xx_usart.o(i.USART_Init)
    UpdateVoltageFromBqMaximo_Partition      0x0800ac1d   Thumb Code   222  i2c_afe1.o(i.UpdateVoltageFromBqMaximo_Partition)
    WriteEEPROM_Byte                         0x0800ad11   Thumb Code   110  eeprom.o(i.WriteEEPROM_Byte)
    WriteEEPROM_ByteData_Circle              0x0800ad81   Thumb Code   376  eeprom.o(i.WriteEEPROM_ByteData_Circle)
    WriteEEPROM_Word_NoZone                  0x0800af19   Thumb Code    84  eeprom.o(i.WriteEEPROM_Word_NoZone)
    WriteProID                               0x0800af6d   Thumb Code   152  productionid.o(i.WriteProID)
    WriteProID_Default                       0x0800b009   Thumb Code    86  productionid.o(i.WriteProID_Default)
    __ARM_clz                                0x0800b091   Thumb Code    46  depilogue.o(i.__ARM_clz)
    __ARM_common_switch8                     0x0800b0bf   Thumb Code    26  cell_balance.o(i.__ARM_common_switch8)
    __delay_ms                               0x0800b0d9   Thumb Code    52  system_init.o(i.__delay_ms)
    __delay_us                               0x0800b115   Thumb Code    46  system_init.o(i.__delay_us)
    __scatterload_copy                       0x0800b14d   Thumb Code    14  handlers.o(i.__scatterload_copy)
    __scatterload_null                       0x0800b15b   Thumb Code     2  handlers.o(i.__scatterload_null)
    __scatterload_zeroinit                   0x0800b15d   Thumb Code    14  handlers.o(i.__scatterload_zeroinit)
    bsp_ReadCpuFlash                         0x0800b16b   Thumb Code    40  bsp_cpu_flash.o(i.bsp_ReadCpuFlash)
    bsp_WriteCpuFlash                        0x0800b193   Thumb Code    58  bsp_cpu_flash.o(i.bsp_WriteCpuFlash)
    ganhuangguan_Logi                        0x0800b1cd   Thumb Code    74  gan_huang_guan_logi.o(i.ganhuangguan_Logi)
    isCHG                                    0x0800b221   Thumb Code    16  socenhance.o(i.isCHG)
    is_open_gan1                             0x0800b235   Thumb Code    24  gan_huang_guan_logi.o(i.is_open_gan1)
    is_open_gan2                             0x0800b24d   Thumb Code    24  gan_huang_guan_logi.o(i.is_open_gan2)
    is_open_gan3                             0x0800b265   Thumb Code    24  gan_huang_guan_logi.o(i.is_open_gan3)
    is_water_in                              0x0800b281   Thumb Code    24  gan_huang_guan_logi.o(i.is_water_in)
    lk8625_init                              0x0800b29d   Thumb Code    82  lk8625.o(i.lk8625_init)
    main                                     0x0800b2f5   Thumb Code    82  main.o(i.main)
    soc_cali                                 0x0800b349   Thumb Code    90  socenhance.o(i.soc_cali)
    toggleLed                                0x0800b3b1   Thumb Code    26  pubfunc.o(i.toggleLed)
    iSheldTemp_10K                           0x0800b3d0   Data         112  adc.o(.constdata)
    OVPThreshold                             0x0800b8d4   Data           4  i2c_afe1.o(.constdata)
    UVPThreshold                             0x0800b8d8   Data           4  i2c_afe1.o(.constdata)
    iSheldTemp_10K_AFE                       0x0800b8dc   Data         112  i2c_afe1.o(.constdata)
    SeriesSelect_AFE1                        0x0800b94c   Data         256  main.o(.constdata)
    SOC_Table_LiFePO                         0x0800bb4e   Data          84  socenhance.o(.constdata)
    SocTable_TernaryLi                       0x0800bba2   Data          84  socenhance.o(.constdata)
    SocTable_LiFePO2                         0x0800bbf6   Data          84  socenhance.o(.constdata)
    AFE_SCV                                  0x0800bc4a   Data          20  shortfunc.o(.constdata)
    AFE_SCT                                  0x0800bc5e   Data          20  shortfunc.o(.constdata)
    Region$$Table$$Base                      0x0800bd6c   Number         0  anon$$obj.o(Region$$Table)
    Region$$Table$$Limit                     0x0800bd8c   Number         0  anon$$obj.o(Region$$Table)
    VectorTable                              0x20000000   Data         192  flash.o(.ARM.__AT_0x20000000)
    SystemCoreClock                          0x200000c0   Data           4  system_stm32f0xx.o(.data)
    AHBPrescTable                            0x200000c4   Data          16  system_stm32f0xx.o(.data)
    g_u16ADCValFilter                        0x200000d4   Data           6  adc.o(.data)
    g_enBalanceState                         0x200000da   Data           1  cell_balance.o(.data)
    g_u8CBnMonitor                           0x200000e0   Data           1  cell_balance.o(.data)
    g_u8CBn_StatusFlag                       0x200000e1   Data           1  cell_balance.o(.data)
    CellBalFlag_AFE1                         0x200000ea   Data           2  cell_balance.o(.data)
    ChargerLoad_Func                         0x200000f0   Data           2  chargerloadfunc.o(.data)
    u8IICFaultcnt1                           0x200000f4   Data           1  datadeal.o(.data)
    u8WakeCnt1                               0x200000f5   Data           1  datadeal.o(.data)
    u8IICFaultcnt2                           0x200000f6   Data           1  datadeal.o(.data)
    u8WakeCnt2                               0x200000f7   Data           1  datadeal.o(.data)
    g_u32CS_Res_AFE                          0x20000104   Data           4  datadeal.o(.data)
    u8E2P_SocTable_WriteFlag                 0x20000108   Data           1  eeprom.o(.data)
    u8E2P_CopperLoss_WriteFlag               0x20000109   Data           1  eeprom.o(.data)
    u8E2P_KB_WriteFlag                       0x2000010a   Data           1  eeprom.o(.data)
    u8E2P_KB_WritePos                        0x2000010b   Data           1  eeprom.o(.data)
    u32E2P_Pro_VolCur_WriteFlag              0x2000010c   Data           4  eeprom.o(.data)
    u32E2P_Pro_Temp_WriteFlag                0x20000110   Data           4  eeprom.o(.data)
    u32E2P_Pro_Other_WriteFlag               0x20000114   Data           4  eeprom.o(.data)
    u32E2P_RTC_Element_WriteFlag             0x20000118   Data           4  eeprom.o(.data)
    u32E2P_OtherElement1_WriteFlag           0x2000011c   Data           4  eeprom.o(.data)
    u32E2P_HeatCool_WriteFlag                0x20000120   Data           4  eeprom.o(.data)
    FaultCnt_StartUp_First                   0x20000124   Data           2  fault.o(.data)
    FaultCnt_StartUp_Second                  0x20000126   Data           2  fault.o(.data)
    FaultCnt_StartUp_Third                   0x20000128   Data           2  fault.o(.data)
    FaultPoint_First2                        0x2000012a   Data           1  fault.o(.data)
    FaultPoint_Second2                       0x2000012b   Data           1  fault.o(.data)
    FaultPoint_Third2                        0x2000012c   Data           1  fault.o(.data)
    Fault_Flag_Second                        0x20000162   Data           2  fault.o(.data)
    Fault_Flag_Third                         0x20000164   Data           2  fault.o(.data)
    Fault_Flag_Fisrt                         0x20000166   Data           2  fault.o(.data)
    FaultPoint_Third                         0x20000168   Data           1  fault.o(.data)
    Timeout                                  0x2000016c   Data           4  i2c_afe1.o(.data)
    BMS_LOG_POINT                            0x20000174   Data           1  logrecord.o(.data)
    gu8_Reset_EventRecord                    0x20000175   Data           1  logrecord.o(.data)
    LogRecord_Flag                           0x20000177   Data           1  logrecord.o(.data)
    SeriesNum                                0x2000017c   Data           1  main.o(.data)
    RTC_TimeStructure                        0x20000182   Data           4  rtc.o(.data)
    RTC_DateStructure                        0x20000186   Data           4  rtc.o(.data)
    gu8_TxEnable_SCI1                        0x2000018c   Data           1  sci_upper.o(.data)
    gu8_TxFinishFlag_SCI1                    0x2000018d   Data           1  sci_upper.o(.data)
    gu8_TxEnable_SCI2                        0x2000018e   Data           1  sci_upper.o(.data)
    gu8_TxFinishFlag_SCI2                    0x2000018f   Data           1  sci_upper.o(.data)
    gu8_RxTimeoutTick_SCI1                   0x20000190   Data           1  sci_upper.o(.data)
    gu8_RxTimeoutTick_SCI2                   0x20000191   Data           1  sci_upper.o(.data)
    u8FlashUpdateFlag                        0x20000192   Data           1  sci_upper.o(.data)
    u8FlashUpdateE2PROM                      0x20000193   Data           1  sci_upper.o(.data)
    gu16_CommuErrCnt_SCI1                    0x20000194   Data           2  sci_upper.o(.data)
    gu16_CommuErrCnt_SCI2                    0x20000196   Data           2  sci_upper.o(.data)
    Sleep_Status                             0x200001a0   Data           1  sleepdeal.o(.data)
    RTC_ExtComCnt                            0x200001a1   Data           1  sleepdeal.o(.data)
    reset_sleep_state                        0x200001a2   Data           1  sleepdeal.o(.data)
    Sleep_Mode                               0x200001b0   Data           2  sleepdeal.o(.data)
    g_u81msCnt                               0x200001ed   Data           1  system_init.o(.data)
    g_u810msClockCnt                         0x200001ee   Data           1  system_init.o(.data)
    g_u81msClockCnt                          0x200001ef   Data           1  system_init.o(.data)
    gu8_200msCnt                             0x200001f0   Data           1  system_init.o(.data)
    gu8_200msAccClock_Flag                   0x200001f1   Data           1  system_init.o(.data)
    g_st_SysTimeFlag                         0x20000200   Data           2  system_init.o(.data)
    CBC_Element                              0x20000202   Data           4  system_init.o(.data)
    System_OnOFF_Func                        0x2000020c   Data           4  system_monitor.o(.data)
    System_OnOFF_Func_StartUpRec             0x20000210   Data           4  system_monitor.o(.data)
    SystemStatus                             0x20000214   Data           4  system_monitor.o(.data)
    System_Func_StartUp                      0x20000218   Data           4  system_monitor.o(.data)
    SOC_Cali_Flag                            0x20000222   Data           1  socenhance.o(.data)
    Relay_Command_SameDoor_HavePreChg        0x20000248   Data           1  iodrivers_030.o(.data)
    Relay_Command_DiffDoor_HavePreChg        0x20000249   Data           1  iodrivers_030.o(.data)
    MosCtrl_Command_SameDoor_HavePreChg      0x2000024a   Data           1  iodrivers_030.o(.data)
    MosCtrl_Command_BootStrap_Cir            0x2000024b   Data           1  iodrivers_030.o(.data)
    LedBar_Command                           0x2000032c   Data           1  ledbar.o(.data)
    g_u32ADCValFilter2                       0x20000344   Data          12  adc.o(.bss)
    g_i32ADCResult                           0x20000350   Data          12  adc.o(.bss)
    g_enCellBalanceStatus                    0x2000035c   Data          16  cell_balance.o(.bss)
    g_u8CellBalanceFilterCnt                 0x2000036c   Data          16  cell_balance.o(.bss)
    g_u16CalibCoefK                          0x2000037c   Data          94  datadeal.o(.bss)
    g_i16CalibCoefB                          0x200003da   Data          94  datadeal.o(.bss)
    CopperLoss                               0x20000438   Data          32  datadeal.o(.bss)
    CopperLoss_Num                           0x20000458   Data          32  datadeal.o(.bss)
    OtherElement                             0x20000478   Data          64  datadeal.o(.bss)
    PRT_E2ROMParas                           0x200004b8   Data         130  fault.o(.bss)
    Fault_record_First2                      0x2000053a   Data          20  fault.o(.bss)
    Fault_record_Second2                     0x2000054e   Data          20  fault.o(.bss)
    Fault_record_Third2                      0x20000562   Data          20  fault.o(.bss)
    Fault_record_Third                       0x20000576   Data          20  fault.o(.bss)
    RTC_Fault_record_Third                   0x2000058a   Data         120  fault.o(.bss)
    Heat_Cool_Element                        0x20000602   Data          48  heat_cool.o(.bss)
    Registers_AFE1                           0x20000634   Data          56  i2c_afe1.o(.bss)
    g_stBq769x0_Read_AFE1                    0x2000066c   Data          68  i2c_afe1.o(.bss)
    startData_                               0x200006b0   Data          80  i2c_afe1.o(.bss)
    BufferCRCC                               0x20000700   Data          30  i2c_afe1.o(.bss)
    BMS_LOG_RECORD                           0x20000733   Data         200  logrecord.o(.bss)
    ProductionInfor                          0x200007fc   Data         112  productionid.o(.bss)
    RTC_time                                 0x2000086c   Data          24  rtc.o(.bss)
    RTC_InitStructure                        0x20000884   Data          12  rtc.o(.bss)
    RTC_AlarmStructure                       0x20000890   Data          16  rtc.o(.bss)
    g_stCurrentMsgPtr_SCI1                   0x200008a0   Data         268  sci_upper.o(.bss)
    g_stCurrentMsgPtr_SCI2                   0x200009ac   Data         268  sci_upper.o(.bss)
    g_u8SCITxBuff                            0x20000ab8   Data         251  sci_upper.o(.bss)
    g_stCellInfoReport                       0x20000bb4   Data         126  sci_upper.o(.bss)
    SOC_Table_Set                            0x20000c32   Data          84  soc.o(.bss)
    System_ErrFlag                           0x20000c86   Data          24  system_monitor.o(.bss)
    SOC_Enhance_Element                      0x20000ca0   Data         162  socenhance.o(.bss)
    SOC_Calculate_Element                    0x20000d44   Data          40  socenhance.o(.bss)
    SOC_E2prom_Par                           0x20000d6c   Data          32  socenhance.o(.bss)
    SOC_E2prom_Adress                        0x20000d8c   Data          32  socenhance.o(.bss)
    Driver_Element                           0x20000dbc   Data          28  iodrivers_030.o(.bss)
    Driver_GPIO                              0x20000dd8   Data          32  iodrivers_030.o(.bss)
    sys_time                                 0x20000df8   Data         144  conf.o(.bss)
    g_tParam                                 0x20000e88   Data         248  param.o(.bss)
    __initial_sp                             0x20001b80   Data           0  startup_stm32f0xx.o(STACK)



==============================================================================

Memory Map of the image

  Image Entry point : 0x08001cc1

  Load Region LR_IROM1 (Base: 0x08001c00, Size: 0x0000a410, Max: 0x0000e400, ABSOLUTE, COMPRESSED[0x0000a1d4])

    Execution Region ER_IROM1 (Exec base: 0x08001c00, Load base: 0x08001c00, Size: 0x0000a18c, Max: 0x0000e400, ABSOLUTE)

    Exec Addr    Load Addr    Size         Type   Attr      Idx    E Section Name        Object

    0x08001c00   0x08001c00   0x000000c0   Data   RO            3    RESET               startup_stm32f0xx.o
    0x08001cc0   0x08001cc0   0x00000000   Code   RO         7076  * .ARM.Collect$$$$00000000  mc_p.l(entry.o)
    0x08001cc0   0x08001cc0   0x00000004   Code   RO         7111    .ARM.Collect$$$$00000001  mc_p.l(entry2.o)
    0x08001cc4   0x08001cc4   0x00000004   Code   RO         7114    .ARM.Collect$$$$00000004  mc_p.l(entry5.o)
    0x08001cc8   0x08001cc8   0x00000000   Code   RO         7116    .ARM.Collect$$$$00000008  mc_p.l(entry7b.o)
    0x08001cc8   0x08001cc8   0x00000000   Code   RO         7118    .ARM.Collect$$$$0000000A  mc_p.l(entry8b.o)
    0x08001cc8   0x08001cc8   0x00000008   Code   RO         7119    .ARM.Collect$$$$0000000B  mc_p.l(entry9a.o)
    0x08001cd0   0x08001cd0   0x00000004   Code   RO         7126    .ARM.Collect$$$$0000000E  mc_p.l(entry12b.o)
    0x08001cd4   0x08001cd4   0x00000000   Code   RO         7121    .ARM.Collect$$$$0000000F  mc_p.l(entry10a.o)
    0x08001cd4   0x08001cd4   0x00000000   Code   RO         7123    .ARM.Collect$$$$00000011  mc_p.l(entry11a.o)
    0x08001cd4   0x08001cd4   0x00000004   Code   RO         7112    .ARM.Collect$$$$00002712  mc_p.l(entry2.o)
    0x08001cd8   0x08001cd8   0x0000001c   Code   RO            4    .text               startup_stm32f0xx.o
    0x08001cf4   0x08001cf4   0x0000002c   Code   RO         7079    .text               mc_p.l(uidiv.o)
    0x08001d20   0x08001d20   0x00000028   Code   RO         7081    .text               mc_p.l(idiv.o)
    0x08001d48   0x08001d48   0x00000024   Code   RO         7083    .text               mc_p.l(memcpya.o)
    0x08001d6c   0x08001d6c   0x00000024   Code   RO         7085    .text               mc_p.l(memseta.o)
    0x08001d90   0x08001d90   0x0000001a   Code   RO         7089    .text               mc_p.l(memcmp.o)
    0x08001daa   0x08001daa   0x0000007c   Code   RO         7095    .text               mf_p.l(fdiv.o)
    0x08001e26   0x08001e26   0x00000002   PAD
    0x08001e28   0x08001e28   0x00000168   Code   RO         7097    .text               mf_p.l(dadd.o)
    0x08001f90   0x08001f90   0x000000f0   Code   RO         7099    .text               mf_p.l(ddiv.o)
    0x08002080   0x08002080   0x0000000e   Code   RO         7101    .text               mf_p.l(ffltui.o)
    0x0800208e   0x0800208e   0x00000002   PAD
    0x08002090   0x08002090   0x0000001c   Code   RO         7103    .text               mf_p.l(dfltui.o)
    0x080020ac   0x080020ac   0x0000003c   Code   RO         7105    .text               mf_p.l(dfixui.o)
    0x080020e8   0x080020e8   0x00000028   Code   RO         7107    .text               mf_p.l(f2d.o)
    0x08002110   0x08002110   0x00000038   Code   RO         7109    .text               mf_p.l(d2f.o)
    0x08002148   0x08002148   0x00000020   Code   RO         7127    .text               mc_p.l(llshl.o)
    0x08002168   0x08002168   0x00000022   Code   RO         7129    .text               mc_p.l(llushr.o)
    0x0800218a   0x0800218a   0x00000026   Code   RO         7131    .text               mc_p.l(llsshr.o)
    0x080021b0   0x080021b0   0x00000000   Code   RO         7133    .text               mc_p.l(iusefp.o)
    0x080021b0   0x080021b0   0x00000082   Code   RO         7134    .text               mf_p.l(fepilogue.o)
    0x08002232   0x08002232   0x000000be   Code   RO         7136    .text               mf_p.l(depilogue.o)
    0x080022f0   0x080022f0   0x00000024   Code   RO         7140    .text               mc_p.l(init.o)
    0x08002314   0x08002314   0x00000056   Code   RO         7150    .text               mc_p.l(__dczerorl2.o)
    0x0800236a   0x0800236a   0x0000000a   Code   RO         3255    i.ADC_ChannelConfig  stm32f0xx_adc.o
    0x08002374   0x08002374   0x00000012   Code   RO         3259    i.ADC_Cmd           stm32f0xx_adc.o
    0x08002386   0x08002386   0x00000014   Code   RO         3261    i.ADC_DMACmd        stm32f0xx_adc.o
    0x0800239a   0x0800239a   0x00000010   Code   RO         3262    i.ADC_DMARequestModeConfig  stm32f0xx_adc.o
    0x080023aa   0x080023aa   0x00000002   PAD
    0x080023ac   0x080023ac   0x00000020   Code   RO         3263    i.ADC_DeInit        stm32f0xx_adc.o
    0x080023cc   0x080023cc   0x0000002e   Code   RO         3265    i.ADC_GetCalibrationFactor  stm32f0xx_adc.o
    0x080023fa   0x080023fa   0x0000001c   Code   RO         3267    i.ADC_GetFlagStatus  stm32f0xx_adc.o
    0x08002416   0x08002416   0x00000002   PAD
    0x08002418   0x08002418   0x0000002c   Code   RO         3270    i.ADC_Init          stm32f0xx_adc.o
    0x08002444   0x08002444   0x00000014   Code   RO         3272    i.ADC_OverrunModeCmd  stm32f0xx_adc.o
    0x08002458   0x08002458   0x0000000a   Code   RO         3273    i.ADC_StartOfConversion  stm32f0xx_adc.o
    0x08002462   0x08002462   0x00000010   Code   RO         3275    i.ADC_StructInit    stm32f0xx_adc.o
    0x08002472   0x08002472   0x00000002   PAD
    0x08002474   0x08002474   0x00000078   Code   RO          345    i.ADC_TTC           adc.o
    0x080024ec   0x080024ec   0x000000d0   Code   RO         3067    i.APP_LedBar        ledbar.o
    0x080025bc   0x080025bc   0x00000084   Code   RO          637    i.AllSeriesDeal_Charger_ON  chargerloadfunc.o
    0x08002640   0x08002640   0x00000040   Code   RO          638    i.AllSeriesDeal_Sleep_Or_None  chargerloadfunc.o
    0x08002680   0x08002680   0x000000bc   Code   RO          714    i.App_AFEGet        datadeal.o
    0x0800273c   0x0800273c   0x00000024   Code   RO         1268    i.App_AFEshutdown   i2c_afe1.o
    0x08002760   0x08002760   0x0000001c   Code   RO          347    i.App_AnlogCal      adc.o
    0x0800277c   0x0800277c   0x00000108   Code   RO         2573    i.App_BQ769X0_Monitor  bq769x0_func.o
    0x08002884   0x08002884   0x00000098   Code   RO          941    i.App_BatOvp_SecondCheck  fault.o
    0x0800291c   0x0800291c   0x00000098   Code   RO          942    i.App_BatOvp_ThirdCheck  fault.o
    0x080029b4   0x080029b4   0x00000098   Code   RO          943    i.App_BatUvp_SecondCheck  fault.o
    0x08002a4c   0x08002a4c   0x000000a4   Code   RO          944    i.App_BatUvp_ThirdCheck  fault.o
    0x08002af0   0x08002af0   0x00000070   Code   RO          550    i.App_CellBalance   cell_balance.o
    0x08002b60   0x08002b60   0x000000ac   Code   RO          945    i.App_CellChgOtp_SecondCheck  fault.o
    0x08002c0c   0x08002c0c   0x000000a8   Code   RO          946    i.App_CellChgOtp_ThirdCheck  fault.o
    0x08002cb4   0x08002cb4   0x000000ac   Code   RO          947    i.App_CellChgUtp_SecondCheck  fault.o
    0x08002d60   0x08002d60   0x000000ac   Code   RO          948    i.App_CellChgUtp_ThirdCheck  fault.o
    0x08002e0c   0x08002e0c   0x000000a8   Code   RO          949    i.App_CellDisChgOtp_SecondCheck  fault.o
    0x08002eb4   0x08002eb4   0x000000a8   Code   RO          950    i.App_CellDisChgOtp_ThirdCheck  fault.o
    0x08002f5c   0x08002f5c   0x000000a8   Code   RO          951    i.App_CellDischgUtp_SecondCheck  fault.o
    0x08003004   0x08003004   0x000000a8   Code   RO          952    i.App_CellDischgUtp_ThirdCheck  fault.o
    0x080030ac   0x080030ac   0x00000098   Code   RO          953    i.App_CellOvp_SecondCheck  fault.o
    0x08003144   0x08003144   0x00000098   Code   RO          954    i.App_CellOvp_ThirdCheck  fault.o
    0x080031dc   0x080031dc   0x0000009c   Code   RO          955    i.App_CellSocUp_SecondCheck  fault.o
    0x08003278   0x08003278   0x000000a8   Code   RO          956    i.App_CellSocUp_ThirdCheck  fault.o
    0x08003320   0x08003320   0x00000098   Code   RO          957    i.App_CellUvp_SecondCheck  fault.o
    0x080033b8   0x080033b8   0x000000a4   Code   RO          958    i.App_CellUvp_ThirdCheck  fault.o
    0x0800345c   0x0800345c   0x00000018   Code   RO          639    i.App_ChargerLoad_Det  chargerloadfunc.o
    0x08003474   0x08003474   0x00000018   Code   RO         1836    i.App_CommonUpper   sci_upper.o
    0x0800348c   0x0800348c   0x00000104   Code   RO         1837    i.App_CommonUpperSCI1  sci_upper.o
    0x08003590   0x08003590   0x00000188   Code   RO         1838    i.App_CommonUpperSCI2  sci_upper.o
    0x08003718   0x08003718   0x0000003c   Code   RO         1398    i.App_DI1_Switch    io_control.o
    0x08003754   0x08003754   0x0000004c   Code   RO          802    i.App_E2promDeal    eeprom.o
    0x080037a0   0x080037a0   0x00000034   Code   RO         1151    i.App_FlashUpdateDet  flash.o
    0x080037d4   0x080037d4   0x000000a0   Code   RO          959    i.App_IchgOcp_SecondCheck  fault.o
    0x08003874   0x08003874   0x000000a0   Code   RO          960    i.App_IchgOcp_ThirdCheck  fault.o
    0x08003914   0x08003914   0x000000a0   Code   RO          961    i.App_IdischgOcp_SecondCheck  fault.o
    0x080039b4   0x080039b4   0x000000ac   Code   RO          962    i.App_IdischgOcp_ThirdCheck  fault.o
    0x08003a60   0x08003a60   0x0000016c   Code   RO         1468    i.App_LogRecord     logrecord.o
    0x08003bcc   0x08003bcc   0x00000040   Code   RO         1399    i.App_MOS_Relay_Ctrl  io_control.o
    0x08003c0c   0x08003c0c   0x00000098   Code   RO          963    i.App_MosOtp_SecondCheck  fault.o
    0x08003ca4   0x08003ca4   0x00000098   Code   RO          964    i.App_MosOtp_ThirdCheck  fault.o
    0x08003d3c   0x08003d3c   0x00000028   Code   RO         1629    i.App_ProID_Deal    productionid.o
    0x08003d64   0x08003d64   0x00000070   Code   RO         1678    i.App_PubOPUPChk    pubfunc.o
    0x08003dd4   0x08003dd4   0x0000004c   Code   RO         2394    i.App_SOC           soc.o
    0x08003e20   0x08003e20   0x000000e8   Code   RO         2172    i.App_SleepDeal     sleepdeal.o
    0x08003f08   0x08003f08   0x000001b4   Code   RO         2444    i.App_SysTime       system_init.o
    0x080040bc   0x080040bc   0x000000a4   Code   RO          965    i.App_VdeltaOp_SecondCheck  fault.o
    0x08004160   0x08004160   0x000000a8   Code   RO          966    i.App_VdeltaOp_ThirdCheck  fault.o
    0x08004208   0x08004208   0x00000030   Code   RO         1542    i.App_WakeUpAFE     main.o
    0x08004238   0x08004238   0x0000006c   Code   RO          967    i.App_WarnCtrl      fault.o
    0x080042a4   0x080042a4   0x000000bc   Code   RO         2574    i.BQ769X0_Deal_OC_SC  bq769x0_func.o
    0x08004360   0x08004360   0x00000040   Code   RO         2575    i.BQ769X0_DriverMos_Ctrl  bq769x0_func.o
    0x080043a0   0x080043a0   0x00000010   Code   RO         1152    i.BootFlag_Clear    flash.o
    0x080043b0   0x080043b0   0x00000020   Code   RO         1153    i.BootFlag_EnableAccess  flash.o
    0x080043d0   0x080043d0   0x00000028   Code   RO         1154    i.BootFlag_Read     flash.o
    0x080043f8   0x080043f8   0x00000018   Code   RO         1155    i.BootFlag_Write    flash.o
    0x08004410   0x08004410   0x00000068   Code   RO          551    i.CB_AFERegistersCtrl  cell_balance.o
    0x08004478   0x08004478   0x00000090   Code   RO          552    i.CB_ChangeUpperFlag  cell_balance.o
    0x08004508   0x08004508   0x000000f0   Code   RO          553    i.CB_StateCalculate  cell_balance.o
    0x080045f8   0x080045f8   0x00000034   Code   RO         1679    i.CRC8              pubfunc.o
    0x0800462c   0x0800462c   0x00000038   Code   RO         1839    i.CRC_verify        sci_upper.o
    0x08004664   0x08004664   0x00000080   Code   RO          554    i.CellBalance_DataInit  cell_balance.o
    0x080046e4   0x080046e4   0x000000a8   Code   RO          555    i.CellBalance_Monitor  cell_balance.o
    0x0800478c   0x0800478c   0x00000060   Code   RO          556    i.CellBalance_StateEvenOn  cell_balance.o
    0x080047ec   0x080047ec   0x00000050   Code   RO          557    i.CellBalance_StateOFF  cell_balance.o
    0x0800483c   0x0800483c   0x00000060   Code   RO          558    i.CellBalance_StateOddOn  cell_balance.o
    0x0800489c   0x0800489c   0x0000001e   Code   RO         3133    i.Choose_Right_Value  shortfunc.o
    0x080048ba   0x080048ba   0x00000002   PAD
    0x080048bc   0x080048bc   0x00000078   Code   RO         1269    i.ConfigureBqMaximo  i2c_afe1.o
    0x08004934   0x08004934   0x000001f4   Code   RO         2630    i.CorrectionTerminal_CV  socenhance.o
    0x08004b28   0x08004b28   0x00000020   Code   RO         2632    i.Correction_Terminal  socenhance.o
    0x08004b48   0x08004b48   0x00000018   Code   RO         4167    i.DMA_Cmd           stm32f0xx_dma.o
    0x08004b60   0x08004b60   0x000000c0   Code   RO         4168    i.DMA_DeInit        stm32f0xx_dma.o
    0x08004c20   0x08004c20   0x0000003c   Code   RO         4173    i.DMA_Init          stm32f0xx_dma.o
    0x08004c5c   0x08004c5c   0x0000001a   Code   RO         4176    i.DMA_StructInit    stm32f0xx_dma.o
    0x08004c76   0x08004c76   0x00000002   PAD
    0x08004c78   0x08004c78   0x0000008c   Code   RO          715    i.DataLoad_CellVolt  datadeal.o
    0x08004d04   0x08004d04   0x00000080   Code   RO          716    i.DataLoad_CellVoltMaxMinFind  datadeal.o
    0x08004d84   0x08004d84   0x000000a0   Code   RO          718    i.DataLoad_Current  datadeal.o
    0x08004e24   0x08004e24   0x000000e8   Code   RO          719    i.DataLoad_Temperature  datadeal.o
    0x08004f0c   0x08004f0c   0x0000003c   Code   RO          720    i.DataLoad_TemperatureMaxMinFind  datadeal.o
    0x08004f48   0x08004f48   0x0000005c   Code   RO         2838    i.DriversOnOFF      iodrivers_030.o
    0x08004fa4   0x08004fa4   0x00000054   Code   RO         1400    i.Drivers_External_Ctrl  io_control.o
    0x08004ff8   0x08004ff8   0x0000000a   Code   RO         2841    i.Drivers_MosSameDoor_NoPreChg  iodrivers_030.o
    0x08005002   0x08005002   0x00000002   PAD
    0x08005004   0x08005004   0x000000c4   Code   RO          803    i.EEPROM_ResetData_AllToDefault  eeprom.o
    0x080050c8   0x080050c8   0x00000048   Code   RO         1469    i.EEPROM_ResetData_EventRecord_ToDefault  logrecord.o
    0x08005110   0x08005110   0x0000000c   Code   RO          804    i.EEPROM_ResetData_OtherToDefault  eeprom.o
    0x0800511c   0x0800511c   0x00000034   Code   RO           12    i.EXTI0_1_IRQHandler  stm32f0xx_it.o
    0x08005150   0x08005150   0x00000014   Code   RO           13    i.EXTI2_3_IRQHandler  stm32f0xx_it.o
    0x08005164   0x08005164   0x00000054   Code   RO           14    i.EXTI4_15_IRQHandler  stm32f0xx_it.o
    0x080051b8   0x080051b8   0x0000000c   Code   RO         4252    i.EXTI_ClearITPendingBit  stm32f0xx_exti.o
    0x080051c4   0x080051c4   0x00000014   Code   RO         4256    i.EXTI_GetITStatus  stm32f0xx_exti.o
    0x080051d8   0x080051d8   0x0000006c   Code   RO         4257    i.EXTI_Init         stm32f0xx_exti.o
    0x08005244   0x08005244   0x0000000c   Code   RO         4313    i.FLASH_ClearFlag   stm32f0xx_flash.o
    0x08005250   0x08005250   0x00000038   Code   RO         4315    i.FLASH_ErasePage   stm32f0xx_flash.o
    0x08005288   0x08005288   0x00000028   Code   RO         4318    i.FLASH_GetStatus   stm32f0xx_flash.o
    0x080052b0   0x080052b0   0x00000010   Code   RO         4320    i.FLASH_Lock        stm32f0xx_flash.o
    0x080052c0   0x080052c0   0x00000034   Code   RO         4339    i.FLASH_ProgramHalfWord  stm32f0xx_flash.o
    0x080052f4   0x080052f4   0x00000020   Code   RO         4342    i.FLASH_Unlock      stm32f0xx_flash.o
    0x08005314   0x08005314   0x00000022   Code   RO         4343    i.FLASH_WaitForLastOperation  stm32f0xx_flash.o
    0x08005336   0x08005336   0x00000002   PAD
    0x08005338   0x08005338   0x00000064   Code   RO          969    i.FaultWarnRecord2  fault.o
    0x0800539c   0x0800539c   0x00000004   Code   RO         1156    i.FlashReadOneHalfWord  flash.o
    0x080053a0   0x080053a0   0x0000002c   Code   RO         1157    i.FlashWriteOneHalfWord  flash.o
    0x080053cc   0x080053cc   0x00000070   Code   RO         4513    i.GPIO_Init         stm32f0xx_gpio.o
    0x0800543c   0x0800543c   0x00000020   Code   RO         4514    i.GPIO_PinAFConfig  stm32f0xx_gpio.o
    0x0800545c   0x0800545c   0x0000000e   Code   RO         4517    i.GPIO_ReadInputDataBit  stm32f0xx_gpio.o
    0x0800546a   0x0800546a   0x00000004   Code   RO         4520    i.GPIO_ResetBits    stm32f0xx_gpio.o
    0x0800546e   0x0800546e   0x00000004   Code   RO         4521    i.GPIO_SetBits      stm32f0xx_gpio.o
    0x08005472   0x08005472   0x0000000c   Code   RO         4524    i.GPIO_WriteBit     stm32f0xx_gpio.o
    0x0800547e   0x0800547e   0x00000002   PAD
    0x08005480   0x08005480   0x00000030   Code   RO         1270    i.GetADCGainOffset  i2c_afe1.o
    0x080054b0   0x080054b0   0x0000004c   Code   RO         2395    i.GetData_SOC       soc.o
    0x080054fc   0x080054fc   0x000000d2   Code   RO         1681    i.GetEndValue       pubfunc.o
    0x080055ce   0x080055ce   0x000000d2   Code   RO         2633    i.GetEndValuee      socenhance.o
    0x080056a0   0x080056a0   0x00000048   Code   RO         2634    i.Get_OpenCircuit_Value  socenhance.o
    0x080056e8   0x080056e8   0x00000002   Code   RO           15    i.HardFault_Handler  stm32f0xx_it.o
    0x080056ea   0x080056ea   0x00000002   PAD
    0x080056ec   0x080056ec   0x0000009c   Code   RO         1271    i.I2CReadBlockWithCRC  i2c_afe1.o
    0x08005788   0x08005788   0x000000b4   Code   RO         1272    i.I2CReadBytes      i2c_afe1.o
    0x0800583c   0x0800583c   0x0000005e   Code   RO         1273    i.I2CReadRegisterByteWithCRC  i2c_afe1.o
    0x0800589a   0x0800589a   0x00000002   PAD
    0x0800589c   0x0800589c   0x000000d4   Code   RO         1274    i.I2CSendBytes      i2c_afe1.o
    0x08005970   0x08005970   0x00000064   Code   RO         1275    i.I2CWriteBlockWithCRC  i2c_afe1.o
    0x080059d4   0x080059d4   0x0000002e   Code   RO         1276    i.I2CWriteRegisterByteWithCRC  i2c_afe1.o
    0x08005a02   0x08005a02   0x00000004   Code   RO         4609    i.I2C_ClearFlag     stm32f0xx_i2c.o
    0x08005a06   0x08005a06   0x00000014   Code   RO         4612    i.I2C_Cmd           stm32f0xx_i2c.o
    0x08005a1a   0x08005a1a   0x00000014   Code   RO         4619    i.I2C_GenerateSTOP  stm32f0xx_i2c.o
    0x08005a2e   0x08005a2e   0x0000000e   Code   RO         4621    i.I2C_GetFlagStatus  stm32f0xx_i2c.o
    0x08005a3c   0x08005a3c   0x00000064   Code   RO         4627    i.I2C_Init          stm32f0xx_i2c.o
    0x08005aa0   0x08005aa0   0x00000006   Code   RO         4633    i.I2C_ReceiveData   stm32f0xx_i2c.o
    0x08005aa6   0x08005aa6   0x00000004   Code   RO         4636    i.I2C_SendData      stm32f0xx_i2c.o
    0x08005aaa   0x08005aaa   0x00000002   PAD
    0x08005aac   0x08005aac   0x00000020   Code   RO         4645    i.I2C_TransferHandling  stm32f0xx_i2c.o
    0x08005acc   0x08005acc   0x00000040   Code   RO          806    i.IIC_Ack_SEE       eeprom.o
    0x08005b0c   0x08005b0c   0x00000040   Code   RO          807    i.IIC_NAck_SEE      eeprom.o
    0x08005b4c   0x08005b4c   0x00000060   Code   RO          808    i.IIC_Read_Byte_SEE  eeprom.o
    0x08005bac   0x08005bac   0x00000068   Code   RO          809    i.IIC_Send_Byte_SEE  eeprom.o
    0x08005c14   0x08005c14   0x00000044   Code   RO          810    i.IIC_Start_SEE     eeprom.o
    0x08005c58   0x08005c58   0x00000048   Code   RO          811    i.IIC_Stop_SEE      eeprom.o
    0x08005ca0   0x08005ca0   0x00000050   Code   RO          812    i.IIC_Wait_Ack_SEE  eeprom.o
    0x08005cf0   0x08005cf0   0x00000060   Code   RO         2177    i.IOstatus_Base     sleepdeal.o
    0x08005d50   0x08005d50   0x00000010   Code   RO         4870    i.IWDG_Enable       stm32f0xx_iwdg.o
    0x08005d60   0x08005d60   0x00000010   Code   RO         4872    i.IWDG_ReloadCounter  stm32f0xx_iwdg.o
    0x08005d70   0x08005d70   0x0000000c   Code   RO         4873    i.IWDG_SetPrescaler  stm32f0xx_iwdg.o
    0x08005d7c   0x08005d7c   0x0000000c   Code   RO         4874    i.IWDG_SetReload    stm32f0xx_iwdg.o
    0x08005d88   0x08005d88   0x0000000c   Code   RO         4876    i.IWDG_WriteAccessCmd  stm32f0xx_iwdg.o
    0x08005d94   0x08005d94   0x0000003c   Code   RO          348    i.InitADC           adc.o
    0x08005dd0   0x08005dd0   0x00000088   Code   RO          349    i.InitADC_ADC1      adc.o
    0x08005e58   0x08005e58   0x00000064   Code   RO          350    i.InitADC_DMA       adc.o
    0x08005ebc   0x08005ebc   0x0000003c   Code   RO          351    i.InitADC_GPIO      adc.o
    0x08005ef8   0x08005ef8   0x0000004c   Code   RO          352    i.InitADC_TIMER     adc.o
    0x08005f44   0x08005f44   0x0000008c   Code   RO         1277    i.InitAFE1          i2c_afe1.o
    0x08005fd0   0x08005fd0   0x0000002c   Code   RO         1402    i.InitData_Drivers  io_control.o
    0x08005ffc   0x08005ffc   0x0000007c   Code   RO          813    i.InitData_E2prom   eeprom.o
    0x08006078   0x08006078   0x00000068   Code   RO         2396    i.InitData_SOC      soc.o
    0x080060e0   0x080060e0   0x00000060   Code   RO         2445    i.InitDelay         system_init.o
    0x08006140   0x08006140   0x00000050   Code   RO         1543    i.InitDevice        main.o
    0x08006190   0x08006190   0x0000004c   Code   RO          814    i.InitE2PROM        eeprom.o
    0x080061dc   0x080061dc   0x0000010c   Code   RO         2446    i.InitIO            system_init.o
    0x080062e8   0x080062e8   0x00000008   Code   RO         1403    i.InitMosRelay_DOx  io_control.o
    0x080062f0   0x080062f0   0x00000074   Code   RO         1630    i.InitProID         productionid.o
    0x08006364   0x08006364   0x000000a4   Code   RO         1840    i.InitSCI1_CommonUpper  sci_upper.o
    0x08006408   0x08006408   0x000000a0   Code   RO         1841    i.InitSCI2_CommonUpper  sci_upper.o
    0x080064a8   0x080064a8   0x0000007c   Code   RO         2635    i.InitSOC_IntEnhance  socenhance.o
    0x08006524   0x08006524   0x000000cc   Code   RO         3134    i.InitShortCur      shortfunc.o
    0x080065f0   0x080065f0   0x00000134   Code   RO         2517    i.InitSystemMonitorData_EEPROM  system_monitor.o
    0x08006724   0x08006724   0x0000000e   Code   RO         1545    i.InitSystemWakeUp  main.o
    0x08006732   0x08006732   0x00000002   PAD
    0x08006734   0x08006734   0x00000064   Code   RO         2447    i.InitTimer         system_init.o
    0x08006798   0x08006798   0x0000000c   Code   RO         1842    i.InitUSART_CommonUpper  sci_upper.o
    0x080067a4   0x080067a4   0x0000004c   Code   RO         1546    i.InitVar           main.o
    0x080067f0   0x080067f0   0x0000008c   Code   RO         2182    i.InitWakeUp_Base   sleepdeal.o
    0x0800687c   0x0800687c   0x00000050   Code   RO         2184    i.InitWakeUp_NormalMode  sleepdeal.o
    0x080068cc   0x080068cc   0x00000010   Code   RO         2185    i.InitWakeUp_RTCMode  sleepdeal.o
    0x080068dc   0x080068dc   0x00000014   Code   RO          641    i.Init_ChargerLoad_Det  chargerloadfunc.o
    0x080068f0   0x080068f0   0x00000068   Code   RO          642    i.Init_Charger_AllSeries  chargerloadfunc.o
    0x08006958   0x08006958   0x00000030   Code   RO         1158    i.Init_IAPAPP       flash.o
    0x08006988   0x08006988   0x0000002c   Code   RO         2448    i.Init_IWDG         system_init.o
    0x080069b4   0x080069b4   0x00000020   Code   RO         1764    i.Init_RTC          rtc.o
    0x080069d4   0x080069d4   0x00000010   Code   RO         1766    i.Init_RTC_HaltWakeUp  rtc.o
    0x080069e4   0x080069e4   0x0000001c   Code   RO          721    i.Init_Registers    datadeal.o
    0x08006a00   0x08006a00   0x000000d4   Code   RO         1280    i.InitialisebqMaximo  i2c_afe1.o
    0x08006ad4   0x08006ad4   0x0000005c   Code   RO         2187    i.IsSleepStartUp    sleepdeal.o
    0x08006b30   0x08006b30   0x000000bc   Code   RO         3068    i.LedBar_Show_CHG   ledbar.o
    0x08006bec   0x08006bec   0x00000098   Code   RO         3069    i.LedBar_Show_DSG   ledbar.o
    0x08006c84   0x08006c84   0x0000004c   Code   RO         3070    i.LedBar_Show_Fault  ledbar.o
    0x08006cd0   0x08006cd0   0x000000b0   Code   RO         3071    i.LedBar_Show_Normal  ledbar.o
    0x08006d80   0x08006d80   0x00000058   Code   RO         3073    i.LedBar_StartUp    ledbar.o
    0x08006dd8   0x08006dd8   0x00000080   Code   RO         7041    i.LoadParam         param.o
    0x08006e58   0x08006e58   0x00000064   Code   RO         1470    i.LogEvent_EEPROM   logrecord.o
    0x08006ebc   0x08006ebc   0x00000090   Code   RO         1471    i.LogEvent_Record   logrecord.o
    0x08006f4c   0x08006f4c   0x00000030   Code   RO         1472    i.LogTime_Map       logrecord.o
    0x08006f7c   0x08006f7c   0x00000048   Code   RO         1682    i.MCU_GetResetType  pubfunc.o
    0x08006fc4   0x08006fc4   0x0000012c   Code   RO          722    i.MonitorAFE        datadeal.o
    0x080070f0   0x080070f0   0x00000068   Code   RO         1684    i.Monitor_TempBreak  pubfunc.o
    0x08007158   0x08007158   0x0000026c   Code   RO         2854    i.MosCtrl_SameDoor_NoPreChg  iodrivers_030.o
    0x080073c4   0x080073c4   0x00000002   Code   RO           16    i.NMI_Handler       stm32f0xx_it.o
    0x080073c6   0x080073c6   0x00000002   PAD
    0x080073c8   0x080073c8   0x00000050   Code   RO         4926    i.NVIC_Init         stm32f0xx_misc.o
    0x08007418   0x08007418   0x00000018   Code   RO         2188    i.NVIC_SystemReset  sleepdeal.o
    0x08007430   0x08007430   0x000001b8   Code   RO         1843    i.P12_BuildResponse  sci_upper.o
    0x080075e8   0x080075e8   0x0000001a   Code   RO         1844    i.P12_CalcChecksum  sci_upper.o
    0x08007602   0x08007602   0x00000002   PAD
    0x08007604   0x08007604   0x000000b4   Code   RO         1845    i.P12_GetStatusFlags  sci_upper.o
    0x080076b8   0x080076b8   0x00000018   Code   RO         4958    i.PWR_BackupAccessCmd  stm32f0xx_pwr.o
    0x080076d0   0x080076d0   0x0000003c   Code   RO         4962    i.PWR_EnterSTOPMode  stm32f0xx_pwr.o
    0x0800770c   0x0800770c   0x00000002   Code   RO           17    i.PendSV_Handler    stm32f0xx_it.o
    0x0800770e   0x0800770e   0x00000002   PAD
    0x08007710   0x08007710   0x00000018   Code   RO         5033    i.RCC_AHBPeriphClockCmd  stm32f0xx_rcc.o
    0x08007728   0x08007728   0x00000018   Code   RO         5035    i.RCC_APB1PeriphClockCmd  stm32f0xx_rcc.o
    0x08007740   0x08007740   0x00000018   Code   RO         5037    i.RCC_APB2PeriphClockCmd  stm32f0xx_rcc.o
    0x08007758   0x08007758   0x00000018   Code   RO         5038    i.RCC_APB2PeriphResetCmd  stm32f0xx_rcc.o
    0x08007770   0x08007770   0x00000178   Code   RO         5047    i.RCC_GetClocksFreq  stm32f0xx_rcc.o
    0x080078e8   0x080078e8   0x00000034   Code   RO         5048    i.RCC_GetFlagStatus  stm32f0xx_rcc.o
    0x0800791c   0x0800791c   0x00000020   Code   RO         5059    i.RCC_LSEConfig     stm32f0xx_rcc.o
    0x0800793c   0x0800793c   0x0000001c   Code   RO         5061    i.RCC_LSICmd        stm32f0xx_rcc.o
    0x08007958   0x08007958   0x0000001c   Code   RO         5067    i.RCC_RTCCLKCmd     stm32f0xx_rcc.o
    0x08007974   0x08007974   0x00000010   Code   RO         5068    i.RCC_RTCCLKConfig  stm32f0xx_rcc.o
    0x08007984   0x08007984   0x00000050   Code   RO         5294    i.RTC_AlarmCmd      stm32f0xx_rtc.o
    0x080079d4   0x080079d4   0x0000007c   Code   RO         1767    i.RTC_AlarmConfig   rtc.o
    0x08007a50   0x08007a50   0x00000010   Code   RO         5297    i.RTC_Bcd2ToByte    stm32f0xx_rtc.o
    0x08007a60   0x08007a60   0x00000018   Code   RO         5299    i.RTC_ByteToBcd2    stm32f0xx_rtc.o
    0x08007a78   0x08007a78   0x0000001c   Code   RO         5303    i.RTC_ClearITPendingBit  stm32f0xx_rtc.o
    0x08007a94   0x08007a94   0x000000b4   Code   RO         1768    i.RTC_ClockConfig   rtc.o
    0x08007b48   0x08007b48   0x0000003c   Code   RO         5307    i.RTC_EnterInitMode  stm32f0xx_rtc.o
    0x08007b84   0x08007b84   0x00000010   Code   RO         5308    i.RTC_ExitInitMode  stm32f0xx_rtc.o
    0x08007b94   0x08007b94   0x0000003c   Code   RO         5313    i.RTC_GetITStatus   stm32f0xx_rtc.o
    0x08007bd0   0x08007bd0   0x0000003c   Code   RO         1769    i.RTC_IRQHandler    rtc.o
    0x08007c0c   0x08007c0c   0x0000003c   Code   RO         5320    i.RTC_ITConfig      stm32f0xx_rtc.o
    0x08007c48   0x08007c48   0x00000048   Code   RO         5321    i.RTC_Init          stm32f0xx_rtc.o
    0x08007c90   0x08007c90   0x00000088   Code   RO         5326    i.RTC_SetAlarm      stm32f0xx_rtc.o
    0x08007d18   0x08007d18   0x00000094   Code   RO         5327    i.RTC_SetDate       stm32f0xx_rtc.o
    0x08007dac   0x08007dac   0x00000090   Code   RO         5328    i.RTC_SetTime       stm32f0xx_rtc.o
    0x08007e3c   0x08007e3c   0x0000004c   Code   RO         1770    i.RTC_TimeConfig    rtc.o
    0x08007e88   0x08007e88   0x00000050   Code   RO         5342    i.RTC_WaitForSynchro  stm32f0xx_rtc.o
    0x08007ed8   0x08007ed8   0x00000066   Code   RO          815    i.ReadEEPROM_Byte   eeprom.o
    0x08007f3e   0x08007f3e   0x00000002   PAD
    0x08007f40   0x08007f40   0x00000198   Code   RO          816    i.ReadEEPROM_ByteData_StartUp  eeprom.o
    0x080080d8   0x080080d8   0x00000078   Code   RO         1473    i.ReadEEPROM_EventRecord_Parameters  logrecord.o
    0x08008150   0x08008150   0x00000018   Code   RO          817    i.ReadEEPROM_Word_NoZone  eeprom.o
    0x08008168   0x08008168   0x00000130   Code   RO         1404    i.RefreshData_Drivers  io_control.o
    0x08008298   0x08008298   0x00000020   Code   RO         2397    i.RefreshData_SOC   soc.o
    0x080082b8   0x080082b8   0x0000004c   Code   RO         2637    i.SOC_ApplySnapshot  socenhance.o
    0x08008304   0x08008304   0x0000002c   Code   RO         2638    i.SOC_CanUseOcvAtStartup  socenhance.o
    0x08008330   0x08008330   0x000000a4   Code   RO         2639    i.SOC_Cont_AH_Int_CHG  socenhance.o
    0x080083d4   0x080083d4   0x000000b8   Code   RO         2640    i.SOC_Cont_AH_Int_DSG  socenhance.o
    0x0800848c   0x0800848c   0x000000b4   Code   RO         2643    i.SOC_EEPROM_Deal_Monitor  socenhance.o
    0x08008540   0x08008540   0x0000002c   Code   RO         2644    i.SOC_GetLimitedOcvSoc  socenhance.o
    0x0800856c   0x0800856c   0x0000004c   Code   RO         2645    i.SOC_IntEnhance_Ctrl  socenhance.o
    0x080085b8   0x080085b8   0x0000004e   Code   RO         2646    i.SOC_LoadLatestPersistSnapshot  socenhance.o
    0x08008606   0x08008606   0x00000002   PAD
    0x08008608   0x08008608   0x000000a8   Code   RO         2647    i.SOC_LoadLegacySnapshot  socenhance.o
    0x080086b0   0x080086b0   0x0000005c   Code   RO         2648    i.SOC_LoadPersistSnapshot  socenhance.o
    0x0800870c   0x0800870c   0x0000001c   Code   RO         2649    i.SOC_PersistAddr   socenhance.o
    0x08008728   0x08008728   0x0000001a   Code   RO         2650    i.SOC_PersistChecksum  socenhance.o
    0x08008742   0x08008742   0x00000002   PAD
    0x08008744   0x08008744   0x0000004c   Code   RO         2651    i.SOC_RefreshData_Monitor  socenhance.o
    0x08008790   0x08008790   0x000000e4   Code   RO         2652    i.SOC_Result_Pass   socenhance.o
    0x08008874   0x08008874   0x000000a8   Code   RO         2653    i.SOC_SavePersistSnapshot  socenhance.o
    0x0800891c   0x0800891c   0x00000074   Code   RO         2654    i.SOC_State_Transfer  socenhance.o
    0x08008990   0x08008990   0x00000030   Code   RO         2655    i.SOC_UpdatePersistMirror  socenhance.o
    0x080089c0   0x080089c0   0x000001d4   Code   RO         2656    i.SOC_Update_StartUp  socenhance.o
    0x08008b94   0x08008b94   0x00000002   Code   RO           18    i.SVC_Handler       stm32f0xx_it.o
    0x08008b96   0x08008b96   0x00000002   PAD
    0x08008b98   0x08008b98   0x00000028   Code   RO         5828    i.SYSCFG_EXTILineConfig  stm32f0xx_syscfg.o
    0x08008bc0   0x08008bc0   0x00000014   Code   RO         5833    i.SYSCFG_MemoryRemapConfig  stm32f0xx_syscfg.o
    0x08008bd4   0x08008bd4   0x0000001c   Code   RO         7042    i.SaveParam         param.o
    0x08008bf0   0x08008bf0   0x00000060   Code   RO         1846    i.Sci1_CommonUpper_FaultChk  sci_upper.o
    0x08008c50   0x08008c50   0x000000c0   Code   RO         1847    i.Sci1_CommonUpper_Rx_Deal  sci_upper.o
    0x08008d10   0x08008d10   0x00000090   Code   RO         1848    i.Sci1_CommonUpper_Tx_Deal  sci_upper.o
    0x08008da0   0x08008da0   0x00000060   Code   RO         1849    i.Sci2_CommonUpper_FaultChk  sci_upper.o
    0x08008e00   0x08008e00   0x00000110   Code   RO         1850    i.Sci2_CommonUpper_Rx_Deal  sci_upper.o
    0x08008f10   0x08008f10   0x00000090   Code   RO         1851    i.Sci2_CommonUpper_Tx_Deal  sci_upper.o
    0x08008fa0   0x08008fa0   0x000000e8   Code   RO         1852    i.Sci_ACK_0x03      sci_upper.o
    0x08009088   0x08009088   0x00000040   Code   RO         1853    i.Sci_ACK_0x03_RW_Data_Cali  sci_upper.o
    0x080090c8   0x080090c8   0x000000b4   Code   RO         1854    i.Sci_ACK_0x03_RW_Data_Other  sci_upper.o
    0x0800917c   0x0800917c   0x0000004c   Code   RO         1855    i.Sci_ACK_0x03_RW_Data_OtherCanAdd  sci_upper.o
    0x080091c8   0x080091c8   0x00000028   Code   RO         1856    i.Sci_ACK_0x03_RW_Data_Pro  sci_upper.o
    0x080091f0   0x080091f0   0x00000260   Code   RO         1857    i.Sci_ACK_0x03_ReadRegs_Data  sci_upper.o
    0x08009450   0x08009450   0x00000040   Code   RO         1474    i.Sci_ACK_0x03_ReadRegs_EventRecord  logrecord.o
    0x08009490   0x08009490   0x0000013c   Code   RO         1858    i.Sci_ACK_0x03_ReadRegs_LCD  sci_upper.o
    0x080095cc   0x080095cc   0x00000044   Code   RO         1859    i.Sci_ACK_0x06_0x10  sci_upper.o
    0x08009610   0x08009610   0x00000034   Code   RO         1686    i.Sci_CRC16RTU      pubfunc.o
    0x08009644   0x08009644   0x00000040   Code   RO         1860    i.Sci_DataInit      sci_upper.o
    0x08009684   0x08009684   0x00000070   Code   RO         1861    i.Sci_Deal_ReadRegs_0x03  sci_upper.o
    0x080096f4   0x080096f4   0x00000088   Code   RO         1862    i.Sci_Deal_WrReg_0x06  sci_upper.o
    0x0800977c   0x0800977c   0x0000017c   Code   RO         1863    i.Sci_Deal_WrRegs_0x10  sci_upper.o
    0x080098f8   0x080098f8   0x00000030   Code   RO         1864    i.Sci_ResetFrameState  sci_upper.o
    0x08009928   0x08009928   0x0000004c   Code   RO         1865    i.Sci_WrReg_0x06_BMS_FunctionOFF  sci_upper.o
    0x08009974   0x08009974   0x000000fc   Code   RO         1866    i.Sci_WrReg_0x06_BMS_FunctionON  sci_upper.o
    0x08009a70   0x08009a70   0x00000108   Code   RO         1867    i.Sci_WrReg_0x06_Reset_CalibCoef  sci_upper.o
    0x08009b78   0x08009b78   0x00000040   Code   RO         1475    i.Sci_WrReg_0x06_Reset_EventRecord  logrecord.o
    0x08009bb8   0x08009bb8   0x00000058   Code   RO         1868    i.Sci_WrReg_0x06_Reset_HeatCool  sci_upper.o
    0x08009c10   0x08009c10   0x00000098   Code   RO         1869    i.Sci_WrReg_0x06_Reset_OtherCanAdd  sci_upper.o
    0x08009ca8   0x08009ca8   0x0000006c   Code   RO         1870    i.Sci_WrReg_0x06_Reset_ProtectElement  sci_upper.o
    0x08009d14   0x08009d14   0x00000074   Code   RO         1871    i.Sci_WrReg_0x06_Reset_ProtectRecord  sci_upper.o
    0x08009d88   0x08009d88   0x00000024   Code   RO         1872    i.Sci_WrReg_0x06_SetSocOnce  sci_upper.o
    0x08009dac   0x08009dac   0x00000050   Code   RO         1875    i.Sci_WrRegs_0x10_Balance  sci_upper.o
    0x08009dfc   0x08009dfc   0x0000009c   Code   RO         1876    i.Sci_WrRegs_0x10_CalibCoef  sci_upper.o
    0x08009e98   0x08009e98   0x00000038   Code   RO         1878    i.Sci_WrRegs_0x10_FlashConnect  sci_upper.o
    0x08009ed0   0x08009ed0   0x0000004c   Code   RO         1879    i.Sci_WrRegs_0x10_HeatCoolElement  sci_upper.o
    0x08009f1c   0x08009f1c   0x0000007c   Code   RO         1880    i.Sci_WrRegs_0x10_Protect  sci_upper.o
    0x08009f98   0x08009f98   0x000000b0   Code   RO         1882    i.Sci_WrRegs_0x10_SN_Version  sci_upper.o
    0x0800a048   0x0800a048   0x00000054   Code   RO         1883    i.Sci_WrRegs_0x10_SleepElement  sci_upper.o
    0x0800a09c   0x0800a09c   0x0000005c   Code   RO         1884    i.Sci_WrRegs_0x10_SocElement  sci_upper.o
    0x0800a0f8   0x0800a0f8   0x00000050   Code   RO         1886    i.Sci_WrRegs_0x10_SysOther  sci_upper.o
    0x0800a148   0x0800a148   0x00000074   Code   RO         1887    i.Sci_WrRegs_0x10_SystemElement  sci_upper.o
    0x0800a1bc   0x0800a1bc   0x00000068   Code   RO          300    i.SetSysClock       system_stm32f0xx.o
    0x0800a224   0x0800a224   0x00000048   Code   RO         2189    i.SleepDeal_CBC     sleepdeal.o
    0x0800a26c   0x0800a26c   0x00000098   Code   RO         2190    i.SleepDeal_Continue  sleepdeal.o
    0x0800a304   0x0800a304   0x00000050   Code   RO         2191    i.SleepDeal_Forced  sleepdeal.o
    0x0800a354   0x0800a354   0x000000e0   Code   RO         2193    i.SleepDeal_Normal_L2  sleepdeal.o
    0x0800a434   0x0800a434   0x000000c8   Code   RO         2194    i.SleepDeal_Normal_L3  sleepdeal.o
    0x0800a4fc   0x0800a4fc   0x0000006c   Code   RO         2195    i.SleepDeal_Normal_Select  sleepdeal.o
    0x0800a568   0x0800a568   0x00000048   Code   RO         2196    i.SleepDeal_OverCurrent  sleepdeal.o
    0x0800a5b0   0x0800a5b0   0x00000064   Code   RO         2197    i.SleepDeal_Shift   sleepdeal.o
    0x0800a614   0x0800a614   0x0000002c   Code   RO         2198    i.SleepDeal_Test    sleepdeal.o
    0x0800a640   0x0800a640   0x00000044   Code   RO         2200    i.SleepDeal_VcellUVP  sleepdeal.o
    0x0800a684   0x0800a684   0x00000002   Code   RO           19    i.SysTick_Handler   stm32f0xx_it.o
    0x0800a686   0x0800a686   0x0000000c   Code   RO         2204    i.Sys_StopMode      sleepdeal.o
    0x0800a692   0x0800a692   0x00000002   PAD
    0x0800a694   0x0800a694   0x0000006c   Code   RO          301    i.SystemCoreClockUpdate  system_stm32f0xx.o
    0x0800a700   0x0800a700   0x00000064   Code   RO          302    i.SystemInit        system_stm32f0xx.o
    0x0800a764   0x0800a764   0x00000068   Code   RO         2519    i.SystemMonitorResetData_EEPROM  system_monitor.o
    0x0800a7cc   0x0800a7cc   0x00000180   Code   RO         2520    i.System_ERROR_UserCallback  system_monitor.o
    0x0800a94c   0x0800a94c   0x00000004   Code   RO         2521    i.System_FUNC_StartUp  system_monitor.o
    0x0800a950   0x0800a950   0x00000070   Code   RO         2449    i.TIM17_IRQHandler  system_init.o
    0x0800a9c0   0x0800a9c0   0x0000000c   Code   RO         1281    i.TIMEOUT_UserCallback  i2c_afe1.o
    0x0800a9cc   0x0800a9cc   0x00000006   Code   RO         5907    i.TIM_ClearITPendingBit  stm32f0xx_tim.o
    0x0800a9d2   0x0800a9d2   0x00000014   Code   RO         5912    i.TIM_Cmd           stm32f0xx_tim.o
    0x0800a9e6   0x0800a9e6   0x00000018   Code   RO         5933    i.TIM_GetITStatus   stm32f0xx_tim.o
    0x0800a9fe   0x0800a9fe   0x00000010   Code   RO         5937    i.TIM_ITConfig      stm32f0xx_tim.o
    0x0800aa0e   0x0800aa0e   0x00000010   Code   RO         5971    i.TIM_SelectOutputTrigger  stm32f0xx_tim.o
    0x0800aa1e   0x0800aa1e   0x00000002   PAD
    0x0800aa20   0x0800aa20   0x00000074   Code   RO         5985    i.TIM_TimeBaseInit  stm32f0xx_tim.o
    0x0800aa94   0x0800aa94   0x00000034   Code   RO           20    i.USART1_IRQHandler  stm32f0xx_it.o
    0x0800aac8   0x0800aac8   0x00000034   Code   RO           21    i.USART2_IRQHandler  stm32f0xx_it.o
    0x0800aafc   0x0800aafc   0x00000014   Code   RO         6458    i.USART_Cmd         stm32f0xx_usart.o
    0x0800ab10   0x0800ab10   0x00000038   Code   RO         6467    i.USART_GetITStatus  stm32f0xx_usart.o
    0x0800ab48   0x0800ab48   0x0000002a   Code   RO         6469    i.USART_ITConfig    stm32f0xx_usart.o
    0x0800ab72   0x0800ab72   0x00000002   PAD
    0x0800ab74   0x0800ab74   0x000000a8   Code   RO         6470    i.USART_Init        stm32f0xx_usart.o
    0x0800ac1c   0x0800ac1c   0x000000f4   Code   RO         1283    i.UpdateVoltageFromBqMaximo_Partition  i2c_afe1.o
    0x0800ad10   0x0800ad10   0x0000006e   Code   RO          818    i.WriteEEPROM_Byte  eeprom.o
    0x0800ad7e   0x0800ad7e   0x00000002   PAD
    0x0800ad80   0x0800ad80   0x00000198   Code   RO          819    i.WriteEEPROM_ByteData_Circle  eeprom.o
    0x0800af18   0x0800af18   0x00000054   Code   RO          820    i.WriteEEPROM_Word_NoZone  eeprom.o
    0x0800af6c   0x0800af6c   0x0000009c   Code   RO         1631    i.WriteProID        productionid.o
    0x0800b008   0x0800b008   0x00000088   Code   RO         1632    i.WriteProID_Default  productionid.o
    0x0800b090   0x0800b090   0x0000002e   Code   RO         7138    i.__ARM_clz         mf_p.l(depilogue.o)
    0x0800b0be   0x0800b0be   0x0000001a   Code   RO          617    i.__ARM_common_switch8  cell_balance.o
    0x0800b0d8   0x0800b0d8   0x0000003c   Code   RO         2450    i.__delay_ms        system_init.o
    0x0800b114   0x0800b114   0x00000038   Code   RO         2451    i.__delay_us        system_init.o
    0x0800b14c   0x0800b14c   0x0000000e   Code   RO         7144    i.__scatterload_copy  mc_p.l(handlers.o)
    0x0800b15a   0x0800b15a   0x00000002   Code   RO         7145    i.__scatterload_null  mc_p.l(handlers.o)
    0x0800b15c   0x0800b15c   0x0000000e   Code   RO         7146    i.__scatterload_zeroinit  mc_p.l(handlers.o)
    0x0800b16a   0x0800b16a   0x00000028   Code   RO         7001    i.bsp_ReadCpuFlash  bsp_cpu_flash.o
    0x0800b192   0x0800b192   0x0000003a   Code   RO         7002    i.bsp_WriteCpuFlash  bsp_cpu_flash.o
    0x0800b1cc   0x0800b1cc   0x00000054   Code   RO         3199    i.ganhuangguan_Logi  gan_huang_guan_logi.o
    0x0800b220   0x0800b220   0x00000014   Code   RO         2657    i.isCHG             socenhance.o
    0x0800b234   0x0800b234   0x00000018   Code   RO         3200    i.is_open_gan1      gan_huang_guan_logi.o
    0x0800b24c   0x0800b24c   0x00000018   Code   RO         3201    i.is_open_gan2      gan_huang_guan_logi.o
    0x0800b264   0x0800b264   0x0000001c   Code   RO         3202    i.is_open_gan3      gan_huang_guan_logi.o
    0x0800b280   0x0800b280   0x0000001c   Code   RO         3204    i.is_water_in       gan_huang_guan_logi.o
    0x0800b29c   0x0800b29c   0x00000058   Code   RO         3167    i.lk8625_init       lk8625.o
    0x0800b2f4   0x0800b2f4   0x00000052   Code   RO         1548    i.main              main.o
    0x0800b346   0x0800b346   0x00000002   PAD
    0x0800b348   0x0800b348   0x00000068   Code   RO         2659    i.soc_cali          socenhance.o
    0x0800b3b0   0x0800b3b0   0x00000020   Code   RO         1688    i.toggleLed         pubfunc.o
    0x0800b3d0   0x0800b3d0   0x00000070   Data   RO          354    .constdata          adc.o
    0x0800b440   0x0800b440   0x00000494   Data   RO          821    .constdata          eeprom.o
    0x0800b8d4   0x0800b8d4   0x00000004   Data   RO         1285    .constdata          i2c_afe1.o
    0x0800b8d8   0x0800b8d8   0x00000004   Data   RO         1286    .constdata          i2c_afe1.o
    0x0800b8dc   0x0800b8dc   0x00000070   Data   RO         1293    .constdata          i2c_afe1.o
    0x0800b94c   0x0800b94c   0x00000100   Data   RO         1549    .constdata          main.o
    0x0800ba4c   0x0800ba4c   0x000000f4   Data   RO         1890    .constdata          sci_upper.o
    0x0800bb40   0x0800bb40   0x0000010a   Data   RO         2661    .constdata          socenhance.o
    0x0800bc4a   0x0800bc4a   0x00000028   Data   RO         3135    .constdata          shortfunc.o
    0x0800bc72   0x0800bc72   0x00000002   PAD
    0x0800bc74   0x0800bc74   0x000000f8   Data   RO         7044    .constdata          param.o
    0x0800bd6c   0x0800bd6c   0x00000020   Data   RO         7142    Region$$Table       anon$$obj.o


    Execution Region RW_IRAM1 (Exec base: 0x200000c0, Load base: 0x0800bd8c, Size: 0x00001ac0, Max: 0x00001f40, ABSOLUTE, COMPRESSED[0x00000048])

    Exec Addr    Load Addr    Size         Type   Attr      Idx    E Section Name        Object

    0x200000c0   COMPRESSED   0x00000014   Data   RW          303    .data               system_stm32f0xx.o
    0x200000d4   COMPRESSED   0x00000006   Data   RW          355    .data               adc.o
    0x200000da   COMPRESSED   0x00000012   Data   RW          560    .data               cell_balance.o
    0x200000ec   COMPRESSED   0x00000006   Data   RW          645    .data               chargerloadfunc.o
    0x200000f2   COMPRESSED   0x00000002   PAD
    0x200000f4   COMPRESSED   0x00000014   Data   RW          728    .data               datadeal.o
    0x20000108   COMPRESSED   0x0000001c   Data   RW          823    .data               eeprom.o
    0x20000124   COMPRESSED   0x00000002   Data   RW          975    .data               fault.o
    0x20000126   COMPRESSED   0x00000002   Data   RW          976    .data               fault.o
    0x20000128   COMPRESSED   0x00000002   Data   RW          977    .data               fault.o
    0x2000012a   COMPRESSED   0x0000003c   Data   RW          978    .data               fault.o
    0x20000166   COMPRESSED   0x00000002   Data   RW          979    .data               fault.o
    0x20000168   COMPRESSED   0x00000001   Data   RW          982    .data               fault.o
    0x20000169   COMPRESSED   0x00000003   PAD
    0x2000016c   COMPRESSED   0x00000004   Data   RW         1294    .data               i2c_afe1.o
    0x20000170   COMPRESSED   0x00000004   Data   RW         1408    .data               io_control.o
    0x20000174   COMPRESSED   0x00000008   Data   RW         1477    .data               logrecord.o
    0x2000017c   COMPRESSED   0x00000001   Data   RW         1550    .data               main.o
    0x2000017d   COMPRESSED   0x00000001   Data   RW         1634    .data               productionid.o
    0x2000017e   COMPRESSED   0x00000003   Data   RW         1689    .data               pubfunc.o
    0x20000181   COMPRESSED   0x00000009   Data   RW         1772    .data               rtc.o
    0x2000018a   COMPRESSED   0x00000002   PAD
    0x2000018c   COMPRESSED   0x00000014   Data   RW         1891    .data               sci_upper.o
    0x200001a0   COMPRESSED   0x0000004c   Data   RW         2206    .data               sleepdeal.o
    0x200001ec   COMPRESSED   0x00000016   Data   RW         2452    .data               system_init.o
    0x20000202   COMPRESSED   0x00000004   Data   RW         2453    .data               system_init.o
    0x20000206   COMPRESSED   0x00000002   PAD
    0x20000208   COMPRESSED   0x00000014   Data   RW         2523    .data               system_monitor.o
    0x2000021c   COMPRESSED   0x00000006   Data   RW         2579    .data               bq769x0_func.o
    0x20000222   COMPRESSED   0x00000024   Data   RW         2662    .data               socenhance.o
    0x20000246   COMPRESSED   0x00000002   PAD
    0x20000248   COMPRESSED   0x000000e4   Data   RW         2869    .data               iodrivers_030.o
    0x2000032c   COMPRESSED   0x00000008   Data   RW         3074    .data               ledbar.o
    0x20000334   COMPRESSED   0x00000010   Data   RW         5073    .data               stm32f0xx_rcc.o
    0x20000344        -       0x00000018   Zero   RW          353    .bss                adc.o
    0x2000035c        -       0x00000020   Zero   RW          559    .bss                cell_balance.o
    0x2000037c        -       0x000000bc   Zero   RW          724    .bss                datadeal.o
    0x20000438        -       0x00000020   Zero   RW          725    .bss                datadeal.o
    0x20000458        -       0x00000020   Zero   RW          726    .bss                datadeal.o
    0x20000478        -       0x00000040   Zero   RW          727    .bss                datadeal.o
    0x200004b8        -       0x000000be   Zero   RW          970    .bss                fault.o
    0x20000576        -       0x00000014   Zero   RW          973    .bss                fault.o
    0x2000058a        -       0x00000078   Zero   RW          974    .bss                fault.o
    0x20000602        -       0x00000030   Zero   RW         1225    .bss                heat_cool.o
    0x20000632   COMPRESSED   0x00000002   PAD
    0x20000634        -       0x000000ea   Zero   RW         1284    .bss                i2c_afe1.o
    0x2000071e        -       0x000000dd   Zero   RW         1476    .bss                logrecord.o
    0x200007fb   COMPRESSED   0x00000001   PAD
    0x200007fc        -       0x00000070   Zero   RW         1633    .bss                productionid.o
    0x2000086c        -       0x00000034   Zero   RW         1771    .bss                rtc.o
    0x200008a0        -       0x00000392   Zero   RW         1889    .bss                sci_upper.o
    0x20000c32        -       0x00000054   Zero   RW         2398    .bss                soc.o
    0x20000c86        -       0x00000018   Zero   RW         2522    .bss                system_monitor.o
    0x20000c9e   COMPRESSED   0x00000002   PAD
    0x20000ca0        -       0x0000011a   Zero   RW         2660    .bss                socenhance.o
    0x20000dba   COMPRESSED   0x00000002   PAD
    0x20000dbc        -       0x0000003c   Zero   RW         2868    .bss                iodrivers_030.o
    0x20000df8        -       0x00000090   Zero   RW         6821    .bss                conf.o
    0x20000e88        -       0x000000f8   Zero   RW         7043    .bss                param.o
    0x20000f80        -       0x00000c00   Zero   RW            1    STACK               startup_stm32f0xx.o



  Load Region LR$$.ARM.__AT_0x20000000 (Base: 0x20000000, Size: 0x00000000, Max: 0x000000c0, ABSOLUTE)

    Execution Region ER$$.ARM.__AT_0x20000000 (Exec base: 0x20000000, Load base: 0x20000000, Size: 0x000000c0, Max: 0x000000c0, ABSOLUTE, UNINIT)

    Exec Addr    Load Addr    Size         Type   Attr      Idx    E Section Name        Object

    0x20000000        -       0x000000c0   Zero   RW         1159    .ARM.__AT_0x20000000  flash.o


==============================================================================

Image component sizes


      Code (inc. data)   RO Data    RW Data    ZI Data      Debug   Object Name

       580         72        112          6         24     208405   adc.o
       516         50          0          6          0       2388   bq769x0_func.o
         0          0          0          0          0      12013   bsp.o
        98          0          0          0          0       1771   bsp_cpu_flash.o
      1194        146          0         18         32       7621   cell_balance.o
       344         32          0          6          0       3522   chargerloadfunc.o
         0          0          0          0        144       2095   conf.o
      1236        160          0         20        316      10138   datadeal.o
      2168        186       1172         28          0      12312   eeprom.o
      4416        506          0         69        330      24477   fault.o
       260         52          0          0        192       9822   flash.o
       188         18          0          0          0       2813   gan_huang_guan_logi.o
         0          0          0          0         48       2066   heat_cool.o
      1600         90        120          4        234      12124   i2c_afe1.o
       564         82          0          4          0       2918   io_control.o
       722         18          0        228         60      23316   iodrivers_030.o
       888         84          0          8          0       3712   ledbar.o
        88          6          0          0          0        462   lk8625.o
       976         82          0          8        221       6378   logrecord.o
       300         24        256          1          0       2923   main.o
       156         44        248          0        248       1987   param.o
       448         70          0          1        112       3005   productionid.o
       634         26          0          3          0       5796   pubfunc.o
       488         38          0          9         52       4781   rtc.o
      7114        730        244         20        914      48284   sci_upper.o
       234         14         40          0          0       1766   shortfunc.o
      1812        164          0         76          0      13188   sleepdeal.o
       288         64          0          0         84       2299   soc.o
      3326        210        266         36        282      22303   socenhance.o
        28          8        192          0       3072        608   startup_stm32f0xx.o
       260         10          0          0          0       6615   stm32f0xx_adc.o
       302         20          0          0          0       4075   stm32f0xx_dma.o
       140         16          0          0          0       2204   stm32f0xx_exti.o
       242         38          0          0          0       4503   stm32f0xx_flash.o
       178          0          0          0          0       4011   stm32f0xx_gpio.o
       200         12          0          0          0       5144   stm32f0xx_i2c.o
       270         42          0          0          0     106699   stm32f0xx_it.o
        68         34          0          0          0       2330   stm32f0xx_iwdg.o
        80         10          0          0          0       1044   stm32f0xx_misc.o
        84         12          0          0          0       1106   stm32f0xx_pwr.o
       628         82          0         16          0       6843   stm32f0xx_rcc.o
       924         64          0          0          0       9242   stm32f0xx_rtc.o
        60         12          0          0          0       1147   stm32f0xx_syscfg.o
       198         28          0          0          0       4991   stm32f0xx_tim.o
       286         20          0          0          0       3830   stm32f0xx_usart.o
      1172        114          0         26          0       7823   system_init.o
       800         98          0         20         24       9309   system_monitor.o
       312         48          0         20          0       2329   system_stm32f0xx.o

    ----------------------------------------------------------------------
     36918       3636       2684        644       6396     638538   Object Totals
         0          0         32          0          0          0   (incl. Generated)
        48          0          2         11          7          0   (incl. Padding)

    ----------------------------------------------------------------------

      Code (inc. data)   RO Data    RW Data    ZI Data      Debug   Library Member Name

        86          0          0          0          0          0   __dczerorl2.o
         0          0          0          0          0          0   entry.o
         0          0          0          0          0          0   entry10a.o
         0          0          0          0          0          0   entry11a.o
         4          0          0          0          0          0   entry12b.o
         8          4          0          0          0          0   entry2.o
         4          0          0          0          0          0   entry5.o
         0          0          0          0          0          0   entry7b.o
         0          0          0          0          0          0   entry8b.o
         8          4          0          0          0          0   entry9a.o
        30          0          0          0          0          0   handlers.o
        40          0          0          0          0         72   idiv.o
        36          8          0          0          0         68   init.o
         0          0          0          0          0          0   iusefp.o
        32          0          0          0          0         68   llshl.o
        38          0          0          0          0         68   llsshr.o
        34          0          0          0          0         68   llushr.o
        26          0          0          0          0         72   memcmp.o
        36          0          0          0          0         60   memcpya.o
        36          0          0          0          0        100   memseta.o
        44          0          0          0          0         72   uidiv.o
        56          0          0          0          0         68   d2f.o
       360          6          0          0          0        140   dadd.o
       240          6          0          0          0         84   ddiv.o
       236          0          0          0          0        216   depilogue.o
        60         10          0          0          0         68   dfixui.o
        28          4          0          0          0         68   dfltui.o
        40          0          0          0          0         60   f2d.o
       124          0          0          0          0         72   fdiv.o
       130          0          0          0          0        144   fepilogue.o
        14          0          0          0          0         68   ffltui.o

    ----------------------------------------------------------------------
      1754         42          0          0          0       1636   Library Totals
         4          0          0          0          0          0   (incl. Padding)

    ----------------------------------------------------------------------

      Code (inc. data)   RO Data    RW Data    ZI Data      Debug   Library Name

       462         16          0          0          0        648   mc_p.l
      1288         26          0          0          0        988   mf_p.l

    ----------------------------------------------------------------------
      1754         42          0          0          0       1636   Library Totals

    ----------------------------------------------------------------------

==============================================================================


      Code (inc. data)   RO Data    RW Data    ZI Data      Debug   

     38672       3678       2684        644       6396     624030   Grand Totals
     38672       3678       2684         72       6396     624030   ELF Image Totals (compressed)
     38672       3678       2684         72          0          0   ROM Totals

==============================================================================

    Total RO  Size (Code + RO Data)                41356 (  40.39kB)
    Total RW  Size (RW Data + ZI Data)              7040 (   6.88kB)
    Total ROM Size (Code + RO Data + RW Data)      41428 (  40.46kB)

==============================================================================

