*** Using Compiler 'V5.06 update 7 (build 960)', folder: 'C:\Keil_v5\ARM\ARMCC\Bin'
Rebuild target 'Target 1'
assembling startup_stm32f0xx.s...
compiling ChargerLoadFunc.c...
compiling stm32f0xx_it.c...
compiling Heat_Cool.c...
Code\Source\Heat_Cool.c(117): warning:  #1182-D: a declaration cannot have a label
  		static uint8_t cnt_30s = 0;
Code\Source\Heat_Cool.c(127): warning:  #1182-D: a declaration cannot have a label
  		static uint16_t cnt_1h = 0;
Code\Source\Heat_Cool.c(12): warning:  #177-D: variable "heat_Count"  was declared but never referenced
  	static uint16_t heat_Count = 0;
Code\Source\Heat_Cool.c(13): warning:  #177-D: variable "closeChgMosCount"  was declared but never referenced
  	static UINT16 closeChgMosCount = 0;
Code\Source\Heat_Cool.c: 4 warnings, 0 errors
compiling DataDeal.c...
Code\Source\DataDeal.c(513): warning:  #177-D: variable "ts_u8TempSel"  was declared but never referenced
  	static UINT8 ts_u8TempSel = 0;
Code\Source\DataDeal.c: 1 warning, 0 errors
compiling ADC.c...
compiling system_stm32f0xx.c...
compiling Cell_balance.c...
Code\Source\Cell_balance.c(142): warning:  #177-D: variable "GPIO_InitStructure"  was declared but never referenced
  	GPIO_InitTypeDef GPIO_InitStructure;
Code\Source\Cell_balance.c: 1 warning, 0 errors
compiling Fault.c...
compiling Flash.c...
compiling I2C_AFE_Transport.c...
compiling EEPROM.c...
compiling IO_Control.c...
compiling I2C_AFE1.c...
compiling LogRecord.c...
compiling ProductionID.c...
compiling main.c...
compiling RTC.c...
compiling PubFunc.c...
Code\Source\PubFunc.c(384): warning:  #1-D: last line of file ends without a newline
  }
Code\Source\PubFunc.c: 1 warning, 0 errors
compiling SOC.c...
compiling System_Init.c...
Code\Source\System_Init.c(129): warning:  #188-D: enumerated type mixed with another type
  		GPIO_WriteBit(GPIO_M_STB, PIN_M_STB, 0);
Code\Source\System_Init.c(136): warning:  #188-D: enumerated type mixed with another type
  		GPIO_WriteBit(GPIO_M_CTR, PIN_M_CTR, 1);
Code\Source\System_Init.c(143): warning:  #188-D: enumerated type mixed with another type
  		GPIO_WriteBit(GPIO_BLE_EN, PIN_BLE_EN, 1);
Code\Source\System_Init.c(168): warning:  #188-D: enumerated type mixed with another type
  	GPIO_WriteBit(GPIO_DB_LED1, PIN_DB_LED1, 0);
Code\Source\System_Init.c(382): warning:  #223-D: function "is_open_gan3" declared implicitly
  		if (!is_open_gan3())
Code\Source\System_Init.c(387): warning:  #223-D: function "is_open_gan3" declared implicitly
  			if (is_open_gan3())
Code\Source\System_Init.c: 6 warnings, 0 errors
compiling SleepDeal.c...
Code\Source\SleepDeal.c(65): warning:  #940-D: missing return statement at end of non-void function "IsSleepWakeupValid" 
  }
Code\Source\SleepDeal.c(17): warning:  #177-D: function "IsDI1Pressed"  was declared but never referenced
  static UINT8 IsDI1Pressed(void)
Code\Source\SleepDeal.c: 2 warnings, 0 errors
compiling Sci_Upper.c...
Code\Source\Sci_Upper.c(119): warning:  #177-D: variable "value"  was declared but never referenced
  	UINT16 value = 0;
Code\Source\Sci_Upper.c(120): warning:  #177-D: variable "index"  was declared but never referenced
  	UINT16 index;
Code\Source\Sci_Upper.c(121): warning:  #177-D: variable "length"  was declared but never referenced
  	UINT16 length = ProductionInfor.BMS_SoftWareVersionLength;
Code\Source\Sci_Upper.c(122): warning:  #177-D: variable "start"  was declared but never referenced
  	UINT16 start = 0;
Code\Source\Sci_Upper.c(123): warning:  #177-D: variable "part"  was declared but never referenced
  	UINT16 part = 0;
Code\Source\Sci_Upper.c(124): warning:  #177-D: variable "dotCount"  was declared but never referenced
  	UINT8 dotCount = 0;
Code\Source\Sci_Upper.c(125): warning:  #177-D: variable "hasDigit"  was declared but never referenced
  	UINT8 hasDigit = 0;
Code\Source\Sci_Upper.c: 7 warnings, 0 errors
compiling System_Monitor.c...
compiling BQ769X0_Func.c...
compiling lk8625.c...
Code\Source\lk8625.c(17): warning:  #223-D: function "__delay_ms" declared implicitly
      __delay_ms(10);
Code\Source\lk8625.c(41): warning:  #223-D: function "__delay_ms" declared implicitly
      __delay_ms(300);
Code\Source\lk8625.c(43): warning:  #223-D: function "strlen" declared implicitly
      for (i = 0; i < strlen(_Cmd); i++)
Code\Source\lk8625.c(48): warning:  #223-D: function "strlen" declared implicitly
      for (i = 0; i < strlen(_Cmd); i++)
Code\Source\lk8625.c(57): warning:  #1-D: last line of file ends without a newline
  }
Code\Source\lk8625.c: 5 warnings, 0 errors
compiling ShortFunc.c...
compiling SocEnhance.c...
Code\Source\SocEnhance.c(655): warning:  #177-D: variable "temp"  was declared but never referenced
  	UINT16 temp = 0;
Code\Source\SocEnhance.c(722): warning:  #177-D: variable "su8_TimeCnt"  was declared but never referenced
  	static UINT8 su8_TimeCnt = 0;
Code\Source\SocEnhance.c: 2 warnings, 0 errors
compiling LedBar.c...
Code\Source\LedBar.c(630): warning:  #1-D: last line of file ends without a newline
  }
Code\Source\LedBar.c(443): warning:  #177-D: function "LedBar_HandleWakeWaterAlarmAfterReset"  was declared but never referenced
  static void LedBar_HandleWakeWaterAlarmAfterReset(void)
Code\Source\LedBar.c: 2 warnings, 0 errors
compiling gan_huang_guan_logi.c...
Code\Source\gan_huang_guan_logi.c(14): warning:  #550-D: variable "s_water_gan3_hold_ticks"  was set but never used
  static UINT16 s_water_gan3_hold_ticks = 0;
Code\Source\gan_huang_guan_logi.c(161): warning:  #177-D: function "Gan_ClearWater"  was declared but never referenced
  static void Gan_ClearWater(void)
Code\Source\gan_huang_guan_logi.c(225): warning:  #177-D: function "Gan_ProcessTopKey"  was declared but never referenced
  static void Gan_ProcessTopKey(UINT8 gan1_on, UINT8 gan2_on, UINT8 charge_active)
Code\Source\gan_huang_guan_logi.c: 3 warnings, 0 errors
compiling stm32f0xx_adc.c...
compiling stm32f0xx_can.c...
compiling stm32f0xx_cec.c...
compiling IODrivers_030.c...
Code\Source\IODrivers_030.c(2782): warning:  #1296-D: extended constant initialiser used
  	case (UINT32)GPIOA:
Code\Source\IODrivers_030.c(2786): warning:  #1296-D: extended constant initialiser used
  	case (UINT32)GPIOB:
Code\Source\IODrivers_030.c(2791): warning:  #1296-D: extended constant initialiser used
  	case (UINT32)GPIOC:
Code\Source\IODrivers_030.c(2795): warning:  #1296-D: extended constant initialiser used
  	case (UINT32)GPIOD:
Code\Source\IODrivers_030.c(2799): warning:  #1296-D: extended constant initialiser used
  	case (UINT32)GPIOE:
Code\Source\IODrivers_030.c(2803): warning:  #1296-D: extended constant initialiser used
  	case (UINT32)GPIOF:
Code\Source\IODrivers_030.c: 6 warnings, 0 errors
compiling stm32f0xx_crc.c...
compiling stm32f0xx_comp.c...
compiling stm32f0xx_dac.c...
compiling stm32f0xx_crs.c...
compiling stm32f0xx_dbgmcu.c...
compiling stm32f0xx_dma.c...
compiling stm32f0xx_exti.c...
compiling stm32f0xx_gpio.c...
compiling stm32f0xx_i2c.c...
compiling stm32f0xx_iwdg.c...
compiling stm32f0xx_flash.c...
compiling stm32f0xx_misc.c...
compiling stm32f0xx_pwr.c...
compiling stm32f0xx_spi.c...
compiling stm32f0xx_rcc.c...
compiling stm32f0xx_syscfg.c...
compiling stm32f0xx_rtc.c...
compiling stm32f0xx_wwdg.c...
compiling conf.c...
compiling stm32f0xx_usart.c...
compiling stm32f0xx_tim.c...
compiling bsp.c...
compiling bsp_cpu_flash.c...
Code\Source\bsp\bsp_cpu_flash.c(83): warning:  #940-D: missing return statement at end of non-void function "bsp_GetSector" 
  }
Code\Source\bsp\bsp_cpu_flash.c(194): warning:  #940-D: missing return statement at end of non-void function "bsp_CmpCpuFlash" 
  }
Code\Source\bsp\bsp_cpu_flash.c: 2 warnings, 0 errors
compiling param.c...
Code\Source\bsp\param.c(40): warning:  #167-D: argument of type "uint8_t *" is incompatible with parameter of type "uint16_t *"
  	bsp_ReadCpuFlash(PARAM_ADDR, (uint8_t *)&g_tParam, sizeof(PARAM_T));
Code\Source\bsp\param.c(139): warning:  #167-D: argument of type "unsigned char *" is incompatible with parameter of type "uint16_t *"
  	bsp_WriteCpuFlash(PARAM_ADDR, (unsigned char *)&g_tParam, sizeof(PARAM_T));
Code\Source\bsp\param.c: 2 warnings, 0 errors
linking...
Program Size: Code=35748 RO-data=3292 RW-data=644 ZI-data=6428  
FromELF: creating hex file...
After Build - User command #1: fromelf.exe --bin -o "C:\Users\Administrator\AppData\Local\CodexTemp\030-ti\protection-engine-20260908\integration\Objects\CommomBQ769x0_16series_030C8T6_C.bin" "C:\Users\Administrator\AppData\Local\CodexTemp\030-ti\protection-engine-20260908\integration\Objects\CommomBQ769x0_16series_030C8T6_C.axf"
".\Objects\CommomBQ769x0_16series_030C8T6_C.axf" - 0 Error(s), 44 Warning(s).
Build Time Elapsed:  00:00:04
